#0 data and time
2020年 04月 28日 星期二 23:41:10 CST

#1 os version
Ubuntu 18.04.3 LTS \n \l
Linux skwang-virtual-machine 5.3.0-46-generic #38~18.04.1-Ubuntu SMP Tue Mar 31 04:17:56 UTC 2020 x86_64 x86_64 x86_64 GNU/Linux

#2 hardware information
processor	: 0
vendor_id	: GenuineIntel
cpu family	: 6
model		: 142
model name	: Intel(R) Core(TM) i7-7500U CPU @ 2.70GHz
stepping	: 9
microcode	: 0xca
cpu MHz		: 2904.002
cache size	: 4096 KB
physical id	: 0
siblings	: 2
core id		: 0
cpu cores	: 2
apicid		: 0
initial apicid	: 0
fpu		: yes
fpu_exception	: yes
cpuid level	: 22
wp		: yes
flags		: fpu vme de pse tsc msr pae mce cx8 apic sep mtrr pge mca cmov pat pse36 clflush mmx fxsr sse sse2 ss ht syscall nx pdpe1gb rdtscp lm constant_tsc arch_perfmon nopl xtopology tsc_reliable nonstop_tsc cpuid pni pclmulqdq ssse3 fma cx16 pcid sse4_1 sse4_2 x2apic movbe popcnt tsc_deadline_timer aes xsave avx f16c rdrand hypervisor lahf_lm abm 3dnowprefetch cpuid_fault invpcid_single pti ssbd ibrs ibpb stibp fsgsbase tsc_adjust bmi1 avx2 smep bmi2 invpcid mpx rdseed adx smap clflushopt xsaveopt xsavec xsaves arat md_clear flush_l1d arch_capabilities
bugs		: cpu_meltdown spectre_v1 spectre_v2 spec_store_bypass l1tf mds swapgs itlb_multihit
bogomips	: 5808.00
clflush size	: 64
cache_alignment	: 64
address sizes	: 43 bits physical, 48 bits virtual
power management:

processor	: 1
vendor_id	: GenuineIntel
cpu family	: 6
model		: 142
model name	: Intel(R) Core(TM) i7-7500U CPU @ 2.70GHz
stepping	: 9
microcode	: 0xca
cpu MHz		: 2904.002
cache size	: 4096 KB
physical id	: 0
siblings	: 2
core id		: 1
cpu cores	: 2
apicid		: 1
initial apicid	: 1
fpu		: yes
fpu_exception	: yes
cpuid level	: 22
wp		: yes
flags		: fpu vme de pse tsc msr pae mce cx8 apic sep mtrr pge mca cmov pat pse36 clflush mmx fxsr sse sse2 ss ht syscall nx pdpe1gb rdtscp lm constant_tsc arch_perfmon nopl xtopology tsc_reliable nonstop_tsc cpuid pni pclmulqdq ssse3 fma cx16 pcid sse4_1 sse4_2 x2apic movbe popcnt tsc_deadline_timer aes xsave avx f16c rdrand hypervisor lahf_lm abm 3dnowprefetch cpuid_fault invpcid_single pti ssbd ibrs ibpb stibp fsgsbase tsc_adjust bmi1 avx2 smep bmi2 invpcid mpx rdseed adx smap clflushopt xsaveopt xsavec xsaves arat md_clear flush_l1d arch_capabilities
bugs		: cpu_meltdown spectre_v1 spectre_v2 spec_store_bypass l1tf mds swapgs itlb_multihit
bogomips	: 5808.00
clflush size	: 64
cache_alignment	: 64
address sizes	: 43 bits physical, 48 bits virtual
power management:

processor	: 2
vendor_id	: GenuineIntel
cpu family	: 6
model		: 142
model name	: Intel(R) Core(TM) i7-7500U CPU @ 2.70GHz
stepping	: 9
microcode	: 0xca
cpu MHz		: 2904.002
cache size	: 4096 KB
physical id	: 1
siblings	: 2
core id		: 0
cpu cores	: 2
apicid		: 2
initial apicid	: 2
fpu		: yes
fpu_exception	: yes
cpuid level	: 22
wp		: yes
flags		: fpu vme de pse tsc msr pae mce cx8 apic sep mtrr pge mca cmov pat pse36 clflush mmx fxsr sse sse2 ss ht syscall nx pdpe1gb rdtscp lm constant_tsc arch_perfmon nopl xtopology tsc_reliable nonstop_tsc cpuid pni pclmulqdq ssse3 fma cx16 pcid sse4_1 sse4_2 x2apic movbe popcnt tsc_deadline_timer aes xsave avx f16c rdrand hypervisor lahf_lm abm 3dnowprefetch cpuid_fault invpcid_single pti ssbd ibrs ibpb stibp fsgsbase tsc_adjust bmi1 avx2 smep bmi2 invpcid mpx rdseed adx smap clflushopt xsaveopt xsavec xsaves arat md_clear flush_l1d arch_capabilities
bugs		: cpu_meltdown spectre_v1 spectre_v2 spec_store_bypass l1tf mds swapgs itlb_multihit
bogomips	: 5808.00
clflush size	: 64
cache_alignment	: 64
address sizes	: 43 bits physical, 48 bits virtual
power management:

processor	: 3
vendor_id	: GenuineIntel
cpu family	: 6
model		: 142
model name	: Intel(R) Core(TM) i7-7500U CPU @ 2.70GHz
stepping	: 9
microcode	: 0xca
cpu MHz		: 2904.002
cache size	: 4096 KB
physical id	: 1
siblings	: 2
core id		: 1
cpu cores	: 2
apicid		: 3
initial apicid	: 3
fpu		: yes
fpu_exception	: yes
cpuid level	: 22
wp		: yes
flags		: fpu vme de pse tsc msr pae mce cx8 apic sep mtrr pge mca cmov pat pse36 clflush mmx fxsr sse sse2 ss ht syscall nx pdpe1gb rdtscp lm constant_tsc arch_perfmon nopl xtopology tsc_reliable nonstop_tsc cpuid pni pclmulqdq ssse3 fma cx16 pcid sse4_1 sse4_2 x2apic movbe popcnt tsc_deadline_timer aes xsave avx f16c rdrand hypervisor lahf_lm abm 3dnowprefetch cpuid_fault invpcid_single pti ssbd ibrs ibpb stibp fsgsbase tsc_adjust bmi1 avx2 smep bmi2 invpcid mpx rdseed adx smap clflushopt xsaveopt xsavec xsaves arat md_clear flush_l1d arch_capabilities
bugs		: cpu_meltdown spectre_v1 spectre_v2 spec_store_bypass l1tf mds swapgs itlb_multihit
bogomips	: 5808.00
clflush size	: 64
cache_alignment	: 64
address sizes	: 43 bits physical, 48 bits virtual
power management:

MemTotal:        2006008 kB
MemFree:           87728 kB
MemAvailable:     553252 kB
Buffers:           25356 kB
Cached:           572228 kB
SwapCached:         5820 kB
Active:           679332 kB
Inactive:         697512 kB
Active(anon):     393152 kB
Inactive(anon):   407472 kB
Active(file):     286180 kB
Inactive(file):   290040 kB
Unevictable:          16 kB
Mlocked:              16 kB
SwapTotal:        969960 kB
SwapFree:         700904 kB
Dirty:                44 kB
Writeback:             0 kB
AnonPages:        775616 kB
Mapped:           104252 kB
Shmem:             21356 kB
KReclaimable:      41548 kB
Slab:             109524 kB
SReclaimable:      41548 kB
SUnreclaim:        67976 kB
KernelStack:       13456 kB
PageTables:        44580 kB
NFS_Unstable:          0 kB
Bounce:                0 kB
WritebackTmp:          0 kB
CommitLimit:     1972964 kB
Committed_AS:    5531308 kB
VmallocTotal:   34359738367 kB
VmallocUsed:       29084 kB
VmallocChunk:          0 kB
Percpu:            41472 kB
HardwareCorrupted:     0 kB
AnonHugePages:         0 kB
ShmemHugePages:        0 kB
ShmemPmdMapped:        0 kB
CmaTotal:              0 kB
CmaFree:               0 kB
HugePages_Total:       0
HugePages_Free:        0
HugePages_Rsvd:        0
HugePages_Surp:        0
Hugepagesize:       2048 kB
Hugetlb:               0 kB
DirectMap4k:      239488 kB
DirectMap2M:     1857536 kB
DirectMap1G:           0 kB

Disk /dev/loop0：8.6 MiB，8990720 字节，17560 个扇区
单元：扇区 / 1 * 512 = 512 字节
扇区大小(逻辑/物理)：512 字节 / 512 字节
I/O 大小(最小/最佳)：512 字节 / 512 字节


Disk /dev/loop1：93.9 MiB，98484224 字节，192352 个扇区
单元：扇区 / 1 * 512 = 512 字节
扇区大小(逻辑/物理)：512 字节 / 512 字节
I/O 大小(最小/最佳)：512 字节 / 512 字节


Disk /dev/loop2：55 MiB，57614336 字节，112528 个扇区
单元：扇区 / 1 * 512 = 512 字节
扇区大小(逻辑/物理)：512 字节 / 512 字节
I/O 大小(最小/最佳)：512 字节 / 512 字节


Disk /dev/loop3：54.7 MiB，57294848 字节，111904 个扇区
单元：扇区 / 1 * 512 = 512 字节
扇区大小(逻辑/物理)：512 字节 / 512 字节
I/O 大小(最小/最佳)：512 字节 / 512 字节


Disk /dev/loop4：8.6 MiB，8990720 字节，17560 个扇区
单元：扇区 / 1 * 512 = 512 字节
扇区大小(逻辑/物理)：512 字节 / 512 字节
I/O 大小(最小/最佳)：512 字节 / 512 字节


Disk /dev/loop5：93.8 MiB，98336768 字节，192064 个扇区
单元：扇区 / 1 * 512 = 512 字节
扇区大小(逻辑/物理)：512 字节 / 512 字节
I/O 大小(最小/最佳)：512 字节 / 512 字节




Disk /dev/sda：30 GiB，32212254720 字节，62914560 个扇区
单元：扇区 / 1 * 512 = 512 字节
扇区大小(逻辑/物理)：512 字节 / 512 字节
I/O 大小(最小/最佳)：512 字节 / 512 字节
磁盘标签类型：dos
磁盘标识符：0x1a818c15

设备       启动  起点     末尾     扇区 大小 Id 类型
/dev/sda1        2048 62914559 62912512  30G 83 Linux

文件系统        容量  已用  可用 已用% 挂载点
udev            1.1G     0  1.1G    0% /dev
tmpfs           206M  1.9M  204M    1% /run
/dev/sda1        32G   27G  3.9G   88% /
tmpfs           1.1G     0  1.1G    0% /dev/shm
tmpfs           5.3M  4.1k  5.3M    1% /run/lock
tmpfs           1.1G     0  1.1G    0% /sys/fs/cgroup
/dev/loop0      9.1M  9.1M     0  100% /snap/nmap/823
/dev/loop1       99M   99M     0  100% /snap/core/9066
/dev/loop2       58M   58M     0  100% /snap/core18/1705
/dev/loop3       58M   58M     0  100% /snap/core18/1668
/dev/loop4      9.1M  9.1M     0  100% /snap/nmap/564
/dev/loop5       99M   99M     0  100% /snap/core/8935
tmpfs           206M   17k  206M    1% /run/user/121
tmpfs           206M   46k  206M    1% /run/user/1000

#3 uptime
23:44:00 up  1:39,  1 user,  load average: 0.01, 0.02, 0.03

#4 services information
 [ + ]  acpid
 [ - ]  alsa-utils
 [ - ]  anacron
 [ + ]  apparmor
 [ + ]  apport
 [ + ]  avahi-daemon
 [ + ]  binfmt-support
 [ - ]  bluetooth
 [ - ]  console-setup.sh
 [ + ]  cron
 [ + ]  cups
 [ + ]  cups-browsed
 [ + ]  dbus
 [ - ]  dns-clean
 [ + ]  gdm3
 [ + ]  grub-common
 [ - ]  hwclock.sh
 [ + ]  irqbalance
 [ + ]  kerneloops
 [ - ]  keyboard-setup.sh
 [ + ]  kmod
 [ + ]  mysql
 [ + ]  network-manager
 [ + ]  networking
 [ - ]  plymouth
 [ - ]  plymouth-log
 [ - ]  pppd-dns
 [ + ]  procps
 [ - ]  rsync
 [ + ]  rsyslog
 [ - ]  saned
 [ - ]  screen-cleanup
 [ + ]  speech-dispatcher
 [ - ]  spice-vdagent
 [ + ]  tftpd-hpa
 [ + ]  udev
 [ + ]  ufw
 [ + ]  unattended-upgrades
 [ - ]  uuidd
 [ + ]  vmware-tools
 [ - ]  vmware-tools-thinprint
 [ + ]  vsftpd
 [ + ]  whoopsie
 [ - ]  x11-common
 [ + ]  xinetd

#5 nic information
ens33: flags=4163<UP,BROADCAST,RUNNING,MULTICAST>  mtu 1500
        inet 192.168.125.128  netmask 255.255.255.0  broadcast 192.168.125.255
        inet6 fe80::f891:b577:17fb:72d1  prefixlen 64  scopeid 0x20<link>
        ether 00:0c:29:3d:f3:6a  txqueuelen 1000  (以太网)
        RX packets 32679  bytes 9878926 (9.8 MB)
        RX errors 0  dropped 0  overruns 0  frame 0
        TX packets 42036  bytes 17335789 (17.3 MB)
        TX errors 0  dropped 0 overruns 0  carrier 0  collisions 0

lo: flags=73<UP,LOOPBACK,RUNNING>  mtu 65536
        inet 127.0.0.1  netmask 255.0.0.0
        inet6 ::1  prefixlen 128  scopeid 0x10<host>
        loop  txqueuelen 1000  (本地环回)
        RX packets 2646  bytes 254705 (254.7 KB)
        RX errors 0  dropped 0  overruns 0  frame 0
        TX packets 2646  bytes 254705 (254.7 KB)
        TX errors 0  dropped 0 overruns 0  carrier 0  collisions 0

#6 route information
内核 IP 路由表
Destination     Gateway         Genmask         Flags   MSS Window  irtt Iface
0.0.0.0         192.168.125.2   0.0.0.0         UG        0 0          0 ens33
169.254.0.0     0.0.0.0         255.255.0.0     U         0 0          0 ens33
192.168.125.0   0.0.0.0         255.255.255.0   U         0 0          0 ens33

#7 arp information
? (192.168.125.2) 位于 00:50:56:f6:21:ba [ether] 在 ens33
? (192.168.125.254) 位于 00:50:56:e2:fb:bb [ether] 在 ens33

#8 information of processes
USER        PID %CPU %MEM    VSZ   RSS TTY      STAT START   TIME COMMAND
root          1  0.0  0.3 225396  7288 ?        -    22:04   0:04 /sbin/init splash HOME=/ init=/sbin/init NETWORK_SKIP_ENSLAVED= recovery= TERM=linux drop_caps= BOOT_IMAGE=/boot/vmlinuz-5.3.0-46-generic PATH=/sbin:/usr/sbin:/bin:/usr/bin PWD=/ rootmnt=/root
root          -  0.0    -      -     - -        Ss   22:04   0:04 -
root          2  0.0  0.0      0     0 ?        -    22:04   0:00 [kthreadd]
root          -  0.0    -      -     - -        S    22:04   0:00 -
root          3  0.0  0.0      0     0 ?        -    22:04   0:00 [rcu_gp]
root          -  0.0    -      -     - -        I<   22:04   0:00 -
root          4  0.0  0.0      0     0 ?        -    22:04   0:00 [rcu_par_gp]
root          -  0.0    -      -     - -        I<   22:04   0:00 -
root          6  0.0  0.0      0     0 ?        -    22:04   0:00 [kworker/0:0H-kb]
root          -  0.0    -      -     - -        I<   22:04   0:00 -
root          9  0.0  0.0      0     0 ?        -    22:04   0:00 [mm_percpu_wq]
root          -  0.0    -      -     - -        I<   22:04   0:00 -
root         10  0.0  0.0      0     0 ?        -    22:04   0:00 [ksoftirqd/0]
root          -  0.0    -      -     - -        S    22:04   0:00 -
root         11  0.0  0.0      0     0 ?        -    22:04   0:04 [rcu_sched]
root          -  0.0    -      -     - -        I    22:04   0:04 -
root         12  0.0  0.0      0     0 ?        -    22:04   0:00 [migration/0]
root          -  0.0    -      -     - -        S    22:04   0:00 -
root         13  0.0  0.0      0     0 ?        -    22:04   0:00 [idle_inject/0]
root          -  0.0    -      -     - -        S    22:04   0:00 -
root         14  0.0  0.0      0     0 ?        -    22:04   0:00 [cpuhp/0]
root          -  0.0    -      -     - -        S    22:04   0:00 -
root         15  0.0  0.0      0     0 ?        -    22:04   0:00 [cpuhp/1]
root          -  0.0    -      -     - -        S    22:04   0:00 -
root         16  0.0  0.0      0     0 ?        -    22:04   0:00 [idle_inject/1]
root          -  0.0    -      -     - -        S    22:04   0:00 -
root         17  0.0  0.0      0     0 ?        -    22:04   0:00 [migration/1]
root          -  0.0    -      -     - -        S    22:04   0:00 -
root         18  0.0  0.0      0     0 ?        -    22:04   0:00 [ksoftirqd/1]
root          -  0.0    -      -     - -        S    22:04   0:00 -
root         20  0.0  0.0      0     0 ?        -    22:04   0:00 [kworker/1:0H-kb]
root          -  0.0    -      -     - -        I<   22:04   0:00 -
root         21  0.0  0.0      0     0 ?        -    22:04   0:00 [cpuhp/2]
root          -  0.0    -      -     - -        S    22:04   0:00 -
root         22  0.0  0.0      0     0 ?        -    22:04   0:00 [idle_inject/2]
root          -  0.0    -      -     - -        S    22:04   0:00 -
root         23  0.0  0.0      0     0 ?        -    22:04   0:00 [migration/2]
root          -  0.0    -      -     - -        S    22:04   0:00 -
root         24  0.0  0.0      0     0 ?        -    22:04   0:00 [ksoftirqd/2]
root          -  0.0    -      -     - -        S    22:04   0:00 -
root         26  0.0  0.0      0     0 ?        -    22:04   0:00 [kworker/2:0H-kb]
root          -  0.0    -      -     - -        I<   22:04   0:00 -
root         27  0.0  0.0      0     0 ?        -    22:04   0:00 [cpuhp/3]
root          -  0.0    -      -     - -        S    22:04   0:00 -
root         28  0.0  0.0      0     0 ?        -    22:04   0:00 [idle_inject/3]
root          -  0.0    -      -     - -        S    22:04   0:00 -
root         29  0.0  0.0      0     0 ?        -    22:04   0:00 [migration/3]
root          -  0.0    -      -     - -        S    22:04   0:00 -
root         30  0.0  0.0      0     0 ?        -    22:04   0:00 [ksoftirqd/3]
root          -  0.0    -      -     - -        S    22:04   0:00 -
root         32  0.0  0.0      0     0 ?        -    22:04   0:00 [kworker/3:0H-kb]
root          -  0.0    -      -     - -        I<   22:04   0:00 -
root         33  0.0  0.0      0     0 ?        -    22:04   0:00 [kdevtmpfs]
root          -  0.0    -      -     - -        S    22:04   0:00 -
root         34  0.0  0.0      0     0 ?        -    22:04   0:00 [netns]
root          -  0.0    -      -     - -        I<   22:04   0:00 -
root         35  0.0  0.0      0     0 ?        -    22:04   0:00 [rcu_tasks_kthre]
root          -  0.0    -      -     - -        S    22:04   0:00 -
root         36  0.0  0.0      0     0 ?        -    22:04   0:00 [kauditd]
root          -  0.0    -      -     - -        S    22:04   0:00 -
root         40  0.0  0.0      0     0 ?        -    22:04   0:00 [khungtaskd]
root          -  0.0    -      -     - -        S    22:04   0:00 -
root         41  0.0  0.0      0     0 ?        -    22:04   0:00 [oom_reaper]
root          -  0.0    -      -     - -        S    22:04   0:00 -
root         42  0.0  0.0      0     0 ?        -    22:04   0:00 [writeback]
root          -  0.0    -      -     - -        I<   22:04   0:00 -
root         43  0.0  0.0      0     0 ?        -    22:04   0:00 [kcompactd0]
root          -  0.0    -      -     - -        S    22:04   0:00 -
root         44  0.0  0.0      0     0 ?        -    22:04   0:00 [ksmd]
root          -  0.0    -      -     - -        SN   22:04   0:00 -
root         45  0.0  0.0      0     0 ?        -    22:04   0:00 [khugepaged]
root          -  0.0    -      -     - -        SN   22:04   0:00 -
root        138  0.0  0.0      0     0 ?        -    22:04   0:00 [kintegrityd]
root          -  0.0    -      -     - -        I<   22:04   0:00 -
root        139  0.0  0.0      0     0 ?        -    22:04   0:00 [kblockd]
root          -  0.0    -      -     - -        I<   22:04   0:00 -
root        140  0.0  0.0      0     0 ?        -    22:04   0:00 [blkcg_punt_bio]
root          -  0.0    -      -     - -        I<   22:04   0:00 -
root        144  0.0  0.0      0     0 ?        -    22:04   0:00 [tpm_dev_wq]
root          -  0.0    -      -     - -        I<   22:04   0:00 -
root        145  0.0  0.0      0     0 ?        -    22:04   0:00 [ata_sff]
root          -  0.0    -      -     - -        I<   22:04   0:00 -
root        146  0.0  0.0      0     0 ?        -    22:04   0:00 [md]
root          -  0.0    -      -     - -        I<   22:04   0:00 -
root        147  0.0  0.0      0     0 ?        -    22:04   0:00 [edac-poller]
root          -  0.0    -      -     - -        I<   22:04   0:00 -
root        148  0.0  0.0      0     0 ?        -    22:04   0:00 [devfreq_wq]
root          -  0.0    -      -     - -        I<   22:04   0:00 -
root        149  0.0  0.0      0     0 ?        -    22:04   0:00 [watchdogd]
root          -  0.0    -      -     - -        S    22:04   0:00 -
root        152  0.0  0.0      0     0 ?        -    22:04   0:03 [kswapd0]
root          -  0.0    -      -     - -        S    22:04   0:03 -
root        153  0.0  0.0      0     0 ?        -    22:04   0:00 [kworker/u257:0]
root          -  0.0    -      -     - -        I<   22:04   0:00 -
root        154  0.0  0.0      0     0 ?        -    22:04   0:00 [ecryptfs-kthrea]
root          -  0.0    -      -     - -        S    22:04   0:00 -
root        157  0.0  0.0      0     0 ?        -    22:04   0:00 [kthrotld]
root          -  0.0    -      -     - -        I<   22:04   0:00 -
root        158  0.0  0.0      0     0 ?        -    22:04   0:00 [irq/24-pciehp]
root          -  0.0    -      -     - -        S    22:04   0:00 -
root        159  0.0  0.0      0     0 ?        -    22:04   0:00 [irq/25-pciehp]
root          -  0.0    -      -     - -        S    22:04   0:00 -
root        160  0.0  0.0      0     0 ?        -    22:04   0:00 [irq/26-pciehp]
root          -  0.0    -      -     - -        S    22:04   0:00 -
root        161  0.0  0.0      0     0 ?        -    22:04   0:00 [irq/27-pciehp]
root          -  0.0    -      -     - -        S    22:04   0:00 -
root        162  0.0  0.0      0     0 ?        -    22:04   0:00 [irq/28-pciehp]
root          -  0.0    -      -     - -        S    22:04   0:00 -
root        163  0.0  0.0      0     0 ?        -    22:04   0:00 [irq/29-pciehp]
root          -  0.0    -      -     - -        S    22:04   0:00 -
root        164  0.0  0.0      0     0 ?        -    22:04   0:00 [irq/30-pciehp]
root          -  0.0    -      -     - -        S    22:04   0:00 -
root        165  0.0  0.0      0     0 ?        -    22:04   0:00 [irq/31-pciehp]
root          -  0.0    -      -     - -        S    22:04   0:00 -
root        166  0.0  0.0      0     0 ?        -    22:04   0:00 [irq/32-pciehp]
root          -  0.0    -      -     - -        S    22:04   0:00 -
root        167  0.0  0.0      0     0 ?        -    22:04   0:00 [irq/33-pciehp]
root          -  0.0    -      -     - -        S    22:04   0:00 -
root        168  0.0  0.0      0     0 ?        -    22:04   0:00 [irq/34-pciehp]
root          -  0.0    -      -     - -        S    22:04   0:00 -
root        169  0.0  0.0      0     0 ?        -    22:04   0:00 [irq/35-pciehp]
root          -  0.0    -      -     - -        S    22:04   0:00 -
root        170  0.0  0.0      0     0 ?        -    22:04   0:00 [irq/36-pciehp]
root          -  0.0    -      -     - -        S    22:04   0:00 -
root        171  0.0  0.0      0     0 ?        -    22:04   0:00 [irq/37-pciehp]
root          -  0.0    -      -     - -        S    22:04   0:00 -
root        172  0.0  0.0      0     0 ?        -    22:04   0:00 [irq/38-pciehp]
root          -  0.0    -      -     - -        S    22:04   0:00 -
root        173  0.0  0.0      0     0 ?        -    22:04   0:00 [irq/39-pciehp]
root          -  0.0    -      -     - -        S    22:04   0:00 -
root        174  0.0  0.0      0     0 ?        -    22:04   0:00 [irq/40-pciehp]
root          -  0.0    -      -     - -        S    22:04   0:00 -
root        175  0.0  0.0      0     0 ?        -    22:04   0:00 [irq/41-pciehp]
root          -  0.0    -      -     - -        S    22:04   0:00 -
root        176  0.0  0.0      0     0 ?        -    22:04   0:00 [irq/42-pciehp]
root          -  0.0    -      -     - -        S    22:04   0:00 -
root        177  0.0  0.0      0     0 ?        -    22:04   0:00 [irq/43-pciehp]
root          -  0.0    -      -     - -        S    22:04   0:00 -
root        178  0.0  0.0      0     0 ?        -    22:04   0:00 [irq/44-pciehp]
root          -  0.0    -      -     - -        S    22:04   0:00 -
root        179  0.0  0.0      0     0 ?        -    22:04   0:00 [irq/45-pciehp]
root          -  0.0    -      -     - -        S    22:04   0:00 -
root        180  0.0  0.0      0     0 ?        -    22:04   0:00 [irq/46-pciehp]
root          -  0.0    -      -     - -        S    22:04   0:00 -
root        181  0.0  0.0      0     0 ?        -    22:04   0:00 [irq/47-pciehp]
root          -  0.0    -      -     - -        S    22:04   0:00 -
root        182  0.0  0.0      0     0 ?        -    22:04   0:00 [irq/48-pciehp]
root          -  0.0    -      -     - -        S    22:04   0:00 -
root        183  0.0  0.0      0     0 ?        -    22:04   0:00 [irq/49-pciehp]
root          -  0.0    -      -     - -        S    22:04   0:00 -
root        184  0.0  0.0      0     0 ?        -    22:04   0:00 [irq/50-pciehp]
root          -  0.0    -      -     - -        S    22:04   0:00 -
root        185  0.0  0.0      0     0 ?        -    22:04   0:00 [irq/51-pciehp]
root          -  0.0    -      -     - -        S    22:04   0:00 -
root        186  0.0  0.0      0     0 ?        -    22:04   0:00 [irq/52-pciehp]
root          -  0.0    -      -     - -        S    22:04   0:00 -
root        187  0.0  0.0      0     0 ?        -    22:04   0:00 [irq/53-pciehp]
root          -  0.0    -      -     - -        S    22:04   0:00 -
root        188  0.0  0.0      0     0 ?        -    22:04   0:00 [irq/54-pciehp]
root          -  0.0    -      -     - -        S    22:04   0:00 -
root        189  0.0  0.0      0     0 ?        -    22:04   0:00 [irq/55-pciehp]
root          -  0.0    -      -     - -        S    22:04   0:00 -
root        190  0.0  0.0      0     0 ?        -    22:04   0:00 [acpi_thermal_pm]
root          -  0.0    -      -     - -        I<   22:04   0:00 -
root        191  0.0  0.0      0     0 ?        -    22:04   0:00 [scsi_eh_0]
root          -  0.0    -      -     - -        S    22:04   0:00 -
root        192  0.0  0.0      0     0 ?        -    22:04   0:00 [scsi_tmf_0]
root          -  0.0    -      -     - -        I<   22:04   0:00 -
root        193  0.0  0.0      0     0 ?        -    22:04   0:00 [scsi_eh_1]
root          -  0.0    -      -     - -        S    22:04   0:00 -
root        194  0.0  0.0      0     0 ?        -    22:04   0:00 [scsi_tmf_1]
root          -  0.0    -      -     - -        I<   22:04   0:00 -
root        196  0.0  0.0      0     0 ?        -    22:04   0:00 [ipv6_addrconf]
root          -  0.0    -      -     - -        I<   22:04   0:00 -
root        208  0.0  0.0      0     0 ?        -    22:04   0:00 [kstrp]
root          -  0.0    -      -     - -        I<   22:04   0:00 -
root        227  0.0  0.0      0     0 ?        -    22:04   0:00 [charger_manager]
root          -  0.0    -      -     - -        I<   22:04   0:00 -
root        283  0.0  0.0      0     0 ?        -    22:04   0:00 [mpt_poll_0]
root          -  0.0    -      -     - -        I<   22:04   0:00 -
root        284  0.0  0.0      0     0 ?        -    22:04   0:00 [mpt/0]
root          -  0.0    -      -     - -        I<   22:04   0:00 -
root        285  0.0  0.0      0     0 ?        -    22:04   0:00 [scsi_eh_2]
root          -  0.0    -      -     - -        S    22:04   0:00 -
root        286  0.0  0.0      0     0 ?        -    22:04   0:00 [scsi_tmf_2]
root          -  0.0    -      -     - -        I<   22:04   0:00 -
root        287  0.0  0.0      0     0 ?        -    22:04   0:00 [scsi_eh_3]
root          -  0.0    -      -     - -        S    22:04   0:00 -
root        288  0.0  0.0      0     0 ?        -    22:04   0:00 [scsi_tmf_3]
root          -  0.0    -      -     - -        I<   22:04   0:00 -
root        289  0.0  0.0      0     0 ?        -    22:04   0:00 [scsi_eh_4]
root          -  0.0    -      -     - -        S    22:04   0:00 -
root        290  0.0  0.0      0     0 ?        -    22:04   0:00 [scsi_tmf_4]
root          -  0.0    -      -     - -        I<   22:04   0:00 -
root        291  0.0  0.0      0     0 ?        -    22:04   0:00 [scsi_eh_5]
root          -  0.0    -      -     - -        S    22:04   0:00 -
root        292  0.0  0.0      0     0 ?        -    22:04   0:00 [scsi_tmf_5]
root          -  0.0    -      -     - -        I<   22:04   0:00 -
root        293  0.0  0.0      0     0 ?        -    22:04   0:00 [scsi_eh_6]
root          -  0.0    -      -     - -        S    22:04   0:00 -
root        294  0.0  0.0      0     0 ?        -    22:04   0:00 [scsi_tmf_6]
root          -  0.0    -      -     - -        I<   22:04   0:00 -
root        295  0.0  0.0      0     0 ?        -    22:04   0:00 [scsi_eh_7]
root          -  0.0    -      -     - -        S    22:04   0:00 -
root        296  0.0  0.0      0     0 ?        -    22:04   0:00 [scsi_tmf_7]
root          -  0.0    -      -     - -        I<   22:04   0:00 -
root        297  0.0  0.0      0     0 ?        -    22:04   0:00 [scsi_eh_8]
root          -  0.0    -      -     - -        S    22:04   0:00 -
root        298  0.0  0.0      0     0 ?        -    22:04   0:00 [scsi_tmf_8]
root          -  0.0    -      -     - -        I<   22:04   0:00 -
root        299  0.0  0.0      0     0 ?        -    22:04   0:00 [scsi_eh_9]
root          -  0.0    -      -     - -        S    22:04   0:00 -
root        300  0.0  0.0      0     0 ?        -    22:04   0:00 [scsi_tmf_9]
root          -  0.0    -      -     - -        I<   22:04   0:00 -
root        301  0.0  0.0      0     0 ?        -    22:04   0:00 [scsi_eh_10]
root          -  0.0    -      -     - -        S    22:04   0:00 -
root        302  0.0  0.0      0     0 ?        -    22:04   0:00 [scsi_tmf_10]
root          -  0.0    -      -     - -        I<   22:04   0:00 -
root        303  0.0  0.0      0     0 ?        -    22:04   0:00 [scsi_eh_11]
root          -  0.0    -      -     - -        S    22:04   0:00 -
root        304  0.0  0.0      0     0 ?        -    22:04   0:00 [scsi_tmf_11]
root          -  0.0    -      -     - -        I<   22:04   0:00 -
root        305  0.0  0.0      0     0 ?        -    22:04   0:00 [scsi_eh_12]
root          -  0.0    -      -     - -        S    22:04   0:00 -
root        306  0.0  0.0      0     0 ?        -    22:04   0:00 [scsi_tmf_12]
root          -  0.0    -      -     - -        I<   22:04   0:00 -
root        307  0.0  0.0      0     0 ?        -    22:04   0:00 [scsi_eh_13]
root          -  0.0    -      -     - -        S    22:04   0:00 -
root        308  0.0  0.0      0     0 ?        -    22:04   0:00 [scsi_tmf_13]
root          -  0.0    -      -     - -        I<   22:04   0:00 -
root        309  0.0  0.0      0     0 ?        -    22:04   0:00 [scsi_eh_14]
root          -  0.0    -      -     - -        S    22:04   0:00 -
root        310  0.0  0.0      0     0 ?        -    22:04   0:00 [scsi_tmf_14]
root          -  0.0    -      -     - -        I<   22:04   0:00 -
root        311  0.0  0.0      0     0 ?        -    22:04   0:00 [scsi_eh_15]
root          -  0.0    -      -     - -        S    22:04   0:00 -
root        312  0.0  0.0      0     0 ?        -    22:04   0:00 [scsi_tmf_15]
root          -  0.0    -      -     - -        I<   22:04   0:00 -
root        313  0.0  0.0      0     0 ?        -    22:04   0:00 [scsi_eh_16]
root          -  0.0    -      -     - -        S    22:04   0:00 -
root        314  0.0  0.0      0     0 ?        -    22:04   0:00 [scsi_tmf_16]
root          -  0.0    -      -     - -        I<   22:04   0:00 -
root        315  0.0  0.0      0     0 ?        -    22:04   0:00 [scsi_eh_17]
root          -  0.0    -      -     - -        S    22:04   0:00 -
root        316  0.0  0.0      0     0 ?        -    22:04   0:00 [scsi_tmf_17]
root          -  0.0    -      -     - -        I<   22:04   0:00 -
root        317  0.0  0.0      0     0 ?        -    22:04   0:00 [scsi_eh_18]
root          -  0.0    -      -     - -        S    22:04   0:00 -
root        318  0.0  0.0      0     0 ?        -    22:04   0:00 [scsi_tmf_18]
root          -  0.0    -      -     - -        I<   22:04   0:00 -
root        319  0.0  0.0      0     0 ?        -    22:04   0:00 [scsi_eh_19]
root          -  0.0    -      -     - -        S    22:04   0:00 -
root        320  0.0  0.0      0     0 ?        -    22:04   0:00 [scsi_tmf_19]
root          -  0.0    -      -     - -        I<   22:04   0:00 -
root        321  0.0  0.0      0     0 ?        -    22:04   0:00 [scsi_eh_20]
root          -  0.0    -      -     - -        S    22:04   0:00 -
root        322  0.0  0.0      0     0 ?        -    22:04   0:00 [scsi_tmf_20]
root          -  0.0    -      -     - -        I<   22:04   0:00 -
root        323  0.0  0.0      0     0 ?        -    22:04   0:00 [scsi_eh_21]
root          -  0.0    -      -     - -        S    22:04   0:00 -
root        324  0.0  0.0      0     0 ?        -    22:04   0:00 [scsi_tmf_21]
root          -  0.0    -      -     - -        I<   22:04   0:00 -
root        325  0.0  0.0      0     0 ?        -    22:04   0:00 [scsi_eh_22]
root          -  0.0    -      -     - -        S    22:04   0:00 -
root        326  0.0  0.0      0     0 ?        -    22:04   0:00 [scsi_tmf_22]
root          -  0.0    -      -     - -        I<   22:04   0:00 -
root        327  0.0  0.0      0     0 ?        -    22:04   0:00 [scsi_eh_23]
root          -  0.0    -      -     - -        S    22:04   0:00 -
root        328  0.0  0.0      0     0 ?        -    22:04   0:00 [scsi_tmf_23]
root          -  0.0    -      -     - -        I<   22:04   0:00 -
root        329  0.0  0.0      0     0 ?        -    22:04   0:00 [scsi_eh_24]
root          -  0.0    -      -     - -        S    22:04   0:00 -
root        330  0.0  0.0      0     0 ?        -    22:04   0:00 [scsi_tmf_24]
root          -  0.0    -      -     - -        I<   22:04   0:00 -
root        331  0.0  0.0      0     0 ?        -    22:04   0:00 [scsi_eh_25]
root          -  0.0    -      -     - -        S    22:04   0:00 -
root        332  0.0  0.0      0     0 ?        -    22:04   0:00 [scsi_tmf_25]
root          -  0.0    -      -     - -        I<   22:04   0:00 -
root        333  0.0  0.0      0     0 ?        -    22:04   0:00 [scsi_eh_26]
root          -  0.0    -      -     - -        S    22:04   0:00 -
root        334  0.0  0.0      0     0 ?        -    22:04   0:00 [scsi_tmf_26]
root          -  0.0    -      -     - -        I<   22:04   0:00 -
root        335  0.0  0.0      0     0 ?        -    22:04   0:00 [scsi_eh_27]
root          -  0.0    -      -     - -        S    22:04   0:00 -
root        336  0.0  0.0      0     0 ?        -    22:04   0:00 [scsi_tmf_27]
root          -  0.0    -      -     - -        I<   22:04   0:00 -
root        337  0.0  0.0      0     0 ?        -    22:04   0:00 [scsi_eh_28]
root          -  0.0    -      -     - -        S    22:04   0:00 -
root        338  0.0  0.0      0     0 ?        -    22:04   0:00 [scsi_tmf_28]
root          -  0.0    -      -     - -        I<   22:04   0:00 -
root        339  0.0  0.0      0     0 ?        -    22:04   0:00 [scsi_eh_29]
root          -  0.0    -      -     - -        S    22:04   0:00 -
root        340  0.0  0.0      0     0 ?        -    22:04   0:00 [scsi_tmf_29]
root          -  0.0    -      -     - -        I<   22:04   0:00 -
root        341  0.0  0.0      0     0 ?        -    22:04   0:00 [scsi_eh_30]
root          -  0.0    -      -     - -        S    22:04   0:00 -
root        342  0.0  0.0      0     0 ?        -    22:04   0:00 [scsi_tmf_30]
root          -  0.0    -      -     - -        I<   22:04   0:00 -
root        343  0.0  0.0      0     0 ?        -    22:04   0:00 [scsi_eh_31]
root          -  0.0    -      -     - -        S    22:04   0:00 -
root        344  0.0  0.0      0     0 ?        -    22:04   0:00 [scsi_tmf_31]
root          -  0.0    -      -     - -        I<   22:04   0:00 -
root        371  0.0  0.0      0     0 ?        -    22:04   0:00 [kworker/1:1H-kb]
root          -  0.0    -      -     - -        I<   22:04   0:00 -
root        372  0.0  0.0      0     0 ?        -    22:04   0:00 [scsi_eh_32]
root          -  0.0    -      -     - -        S    22:04   0:00 -
root        373  0.0  0.0      0     0 ?        -    22:04   0:00 [scsi_tmf_32]
root          -  0.0    -      -     - -        I<   22:04   0:00 -
root        375  0.0  0.0      0     0 ?        -    22:04   0:00 [kworker/2:1H-kb]
root          -  0.0    -      -     - -        I<   22:04   0:00 -
root        376  0.0  0.0      0     0 ?        -    22:04   0:00 [kworker/3:1H-kb]
root          -  0.0    -      -     - -        I<   22:04   0:00 -
root        415  0.0  0.0      0     0 ?        -    22:04   0:00 [kworker/0:1H-kb]
root          -  0.0    -      -     - -        I<   22:04   0:00 -
root        416  0.0  0.0      0     0 ?        -    22:04   0:00 [jbd2/sda1-8]
root          -  0.0    -      -     - -        S    22:04   0:00 -
root        417  0.0  0.0      0     0 ?        -    22:04   0:00 [ext4-rsv-conver]
root          -  0.0    -      -     - -        I<   22:04   0:00 -
root        451  0.0  0.8 103528 16664 ?        -    22:04   0:02 /lib/systemd/systemd-journald LANG=zh_CN.UTF-8 LANGUAGE=zh_CN:zh PATH=/usr/local/sbin:/usr/local/bin:/usr/sbin:/usr/bin:/sbin:/bin NOTIFY_SOCKET=/run/systemd/notify LISTEN_PID=451 LISTEN_FDS=4 LISTEN_FDNAMES=systemd-journald-audit.socket:systemd-journald-dev-log.socket:systemd-journald.socket:systemd-journald.socket INVOCATION_ID=a0ff74ccd34f4247ba8099a9324a077f
root          -  0.0    -      -     - -        S<s  22:04   0:02 -
root        471  0.0  0.1  46672  3188 ?        -    22:04   0:00 /lib/systemd/systemd-udevd LANG=zh_CN.UTF-8 LANGUAGE=zh_CN:zh PATH=/usr/local/sbin:/usr/local/bin:/usr/sbin:/usr/bin:/sbin:/bin NOTIFY_SOCKET=/run/systemd/notify LISTEN_PID=471 LISTEN_FDS=2 LISTEN_FDNAMES=systemd-udevd-kernel.socket:systemd-udevd-control.socket WATCHDOG_PID=471 WATCHDOG_USEC=180000000 INVOCATION_ID=5a1f05996c5143bab86790b8b3c49aa9 JOURNAL_STREAM=9:12949
root          -  0.0    -      -     - -        Ss   22:04   0:00 -
root        480  0.0  0.0      0     0 ?        -    22:04   0:00 [loop0]
root          -  0.0    -      -     - -        S<   22:04   0:00 -
root        481  0.0  0.0      0     0 ?        -    22:04   0:00 [loop1]
root          -  0.0    -      -     - -        S<   22:04   0:00 -
root        491  0.0  0.0      0     0 ?        -    22:04   0:00 [loop2]
root          -  0.0    -      -     - -        S<   22:04   0:00 -
root        496  0.0  0.0      0     0 ?        -    22:04   0:00 [loop3]
root          -  0.0    -      -     - -        S<   22:04   0:00 -
root        508  0.0  0.0      0     0 ?        -    22:04   0:00 [loop4]
root          -  0.0    -      -     - -        S<   22:04   0:00 -
root        523  0.0  0.0      0     0 ?        -    22:04   0:00 [loop5]
root          -  0.0    -      -     - -        S<   22:04   0:00 -
systemd+    624  0.0  0.2 146112  4304 ?        -    22:04   0:00 /lib/systemd/systemd-timesyncd LANG=zh_CN.UTF-8 LANGUAGE=zh_CN:zh PATH=/usr/local/sbin:/usr/local/bin:/usr/sbin:/usr/bin:/sbin:/bin NOTIFY_SOCKET=/run/systemd/notify WATCHDOG_PID=624 WATCHDOG_USEC=180000000 LOGNAME=systemd-timesync USER=systemd-timesync INVOCATION_ID=ea5212ab912f4c4e8971f4ffec736f1e JOURNAL_STREAM=9:27006
systemd+      -  0.0    -      -     - -        Ssl  22:04   0:00 -
systemd+      -  0.0    -      -     - -        Ssl  22:04   0:00 -
systemd+    627  0.0  0.2  70740  4984 ?        -    22:04   0:00 /lib/systemd/systemd-resolved LANG=zh_CN.UTF-8 LANGUAGE=zh_CN:zh PATH=/usr/local/sbin:/usr/local/bin:/usr/sbin:/usr/bin:/sbin:/bin NOTIFY_SOCKET=/run/systemd/notify WATCHDOG_PID=627 WATCHDOG_USEC=180000000 HOME=/run/systemd/resolve LOGNAME=systemd-resolve USER=systemd-resolve INVOCATION_ID=5ae29f20f7014ef9a0d4d93c4de197a9 JOURNAL_STREAM=9:28087
systemd+      -  0.0    -      -     - -        Ss   22:04   0:00 -
root        655  0.0  0.1 110512  3144 ?        -    22:04   0:00 /usr/sbin/irqbalance --foreground LANG=zh_CN.UTF-8 LANGUAGE=zh_CN:zh PATH=/usr/local/sbin:/usr/local/bin:/usr/sbin:/usr/bin:/sbin:/bin INVOCATION_ID=c233f04843094bf4a0091f49fff8a318 JOURNAL_STREAM=9:24113
root          -  0.0    -      -     - -        Ssl  22:04   0:00 -
root          -  0.0    -      -     - -        Ssl  22:04   0:00 -
root        660  0.0  0.3 295012  6164 ?        -    22:04   0:00 /usr/lib/accountsservice/accounts-daemon LANG=zh_CN.UTF-8 LANGUAGE=zh_CN:zh PATH=/usr/local/sbin:/usr/local/bin:/usr/sbin:/usr/bin:/sbin:/bin INVOCATION_ID=c9f0b152faa54f7382709848ae77c4b8 JOURNAL_STREAM=9:27225 GVFS_DISABLE_FUSE=1 GIO_USE_VFS=local GVFS_REMOTE_VOLUME_MONITOR_IGNORE=1
root          -  0.0    -      -     - -        Ssl  22:04   0:00 -
root          -  0.0    -      -     - -        Ssl  22:04   0:00 -
root          -  0.0    -      -     - -        Ssl  22:04   0:00 -
root        664  0.0  0.2 177632  5644 ?        -    22:04   0:00 /usr/bin/python3 /usr/bin/networkd-dispatcher --run-startup-triggers LANG=zh_CN.UTF-8 LANGUAGE=zh_CN:zh PATH=/usr/local/sbin:/usr/local/bin:/usr/sbin:/usr/bin:/sbin:/bin NOTIFY_SOCKET=/run/systemd/notify INVOCATION_ID=94d06324c7454dfb80d78b53bcd66e79 JOURNAL_STREAM=9:28342 networkd_dispatcher_args=--run-startup-triggers
root          -  0.0    -      -     - -        Ssl  22:04   0:00 -
root          -  0.0    -      -     - -        Ssl  22:04   0:00 -
root        667  0.0  0.2 434324  5632 ?        -    22:04   0:00 /usr/sbin/ModemManager --filter-policy=strict LANG=zh_CN.UTF-8 LANGUAGE=zh_CN:zh PATH=/usr/local/sbin:/usr/local/bin:/usr/sbin:/usr/bin:/sbin:/bin HOME=/root LOGNAME=root USER=root SHELL=/bin/sh INVOCATION_ID=e5c3b9a40e1b42b3b6a340d1fccada6c JOURNAL_STREAM=9:28857
root          -  0.0    -      -     - -        Ssl  22:04   0:00 -
root          -  0.0    -      -     - -        Ssl  22:04   0:00 -
root          -  0.0    -      -     - -        Ssl  22:04   0:00 -
message+    671  0.0  0.2  51640  5016 ?        -    22:04   0:03 /usr/bin/dbus-daemon --system --address=systemd: --nofork --nopidfile --systemd-activation --syslog-only LANG=zh_CN.UTF-8 LANGUAGE=zh_CN:zh PATH=/usr/local/sbin:/usr/local/bin:/usr/sbin:/usr/bin:/sbin:/bin LISTEN_PID=671 LISTEN_FDS=1 LISTEN_FDNAMES=dbus.socket SYSTEMD_NSS_BYPASS_BUS=1 INVOCATION_ID=ea6593f99275489c87f97e3e1486392d JOURNAL_STREAM=9:24184
message+      -  0.0    -      -     - -        Ss   22:04   0:03 -
root        693  0.0  0.6 708204 13300 ?        -    22:04   0:04 /usr/sbin/NetworkManager --no-daemon LANG=zh_CN.UTF-8 LANGUAGE=zh_CN:zh PATH=/usr/local/sbin:/usr/local/bin:/usr/sbin:/usr/bin:/sbin:/bin INVOCATION_ID=e3f9d65b4f0648aab65d38edfd4aefa2 JOURNAL_STREAM=9:24256
root          -  0.0    -      -     - -        Ssl  22:04   0:02 -
root          -  0.0    -      -     - -        Ssl  22:04   0:00 -
root          -  0.0    -      -     - -        Ssl  22:04   0:01 -
root          -  0.0    -      -     - -        Ssl  23:53   0:00 -
root        694  0.2  0.3  45588  6340 ?        -    22:04   0:15 /sbin/wpa_supplicant -u -s -O /run/wpa_supplicant LANG=zh_CN.UTF-8 LANGUAGE=zh_CN:zh PATH=/usr/local/sbin:/usr/local/bin:/usr/sbin:/usr/bin:/sbin:/bin INVOCATION_ID=eddaa674176240dd9c97eec964c623c3 JOURNAL_STREAM=9:28942
root          -  0.2    -      -     - -        Ss   22:04   0:15 -
avahi       697  0.0  0.1  47256  2628 ?        -    22:04   0:00 avahi-daemon: running [skwang-virtual-machine.local] ang-virtual-machine.local]                                                                                                                                                                                                                                                 
avahi         -  0.0    -      -     - -        Ss   22:04   0:00 -
syslog      698  0.0  0.1 263036  2608 ?        -    22:04   0:00 /usr/sbin/rsyslogd -n LANG=zh_CN.UTF-8 LANGUAGE=zh_CN:zh PATH=/usr/local/sbin:/usr/local/bin:/usr/sbin:/usr/bin:/sbin:/bin NOTIFY_SOCKET=/run/systemd/notify LISTEN_PID=698 LISTEN_FDS=1 LISTEN_FDNAMES=syslog.socket INVOCATION_ID=75fd55be4e64495db9c91c8ae5590378
syslog        -  0.0    -      -     - -        Ssl  22:04   0:00 -
syslog        -  0.0    -      -     - -        Ssl  22:04   0:00 -
syslog        -  0.0    -      -     - -        Ssl  22:04   0:00 -
syslog        -  0.0    -      -     - -        Ssl  22:04   0:00 -
avahi       700  0.0  0.0  47076    44 ?        -    22:04   0:00 avahi-daemon: chroot helper r                                                                                                                                                                                                                                                                          
avahi         -  0.0    -      -     - -        S    22:04   0:00 -
root        701  0.0  0.0   4548   692 ?        -    22:04   0:00 /usr/sbin/acpid LANG=zh_CN.UTF-8 LANGUAGE=zh_CN:zh PATH=/usr/local/sbin:/usr/local/bin:/usr/sbin:/usr/bin:/sbin:/bin INVOCATION_ID=4382b922df4c4e729d1cef6c7a792174
root          -  0.0    -      -     - -        Ss   22:04   0:00 -
root        702  0.0  0.1  38424  2784 ?        -    22:04   0:00 /usr/sbin/cron -f LANG=zh_CN.UTF-8 LANGUAGE=zh_CN:zh PATH=/usr/local/sbin:/usr/local/bin:/usr/sbin:/usr/bin:/sbin:/bin INVOCATION_ID=75fdfdfb4b2b4548b450f0e1181063d3 JOURNAL_STREAM=9:29236
root          -  0.0    -      -     - -        Ss   22:04   0:00 -
root        710  0.0  0.2 108204  5820 ?        -    22:04   0:00 /usr/sbin/cupsd -l LANG=zh_CN.UTF-8 LANGUAGE=zh_CN:zh PATH=/usr/local/sbin:/usr/local/bin:/usr/sbin:/usr/bin:/sbin:/bin LISTEN_PID=710 LISTEN_FDS=1 LISTEN_FDNAMES=cups.socket INVOCATION_ID=69de7c42200f43aa9f2d59c162d3ef63 JOURNAL_STREAM=9:27431
root          -  0.0    -      -     - -        Ss   22:04   0:00 -
root        714  0.0  0.3 502936  7100 ?        -    22:04   0:00 /usr/lib/udisks2/udisksd LANG=zh_CN.UTF-8 LANGUAGE=zh_CN:zh PATH=/usr/local/sbin:/usr/local/bin:/usr/sbin:/usr/bin:/sbin:/bin INVOCATION_ID=23bda25f8ee14c7185ee08a387c1acf8 JOURNAL_STREAM=9:28666
root          -  0.0    -      -     - -        Ssl  22:04   0:00 -
root          -  0.0    -      -     - -        Ssl  22:04   0:00 -
root          -  0.0    -      -     - -        Ssl  22:04   0:00 -
root          -  0.0    -      -     - -        Ssl  22:04   0:00 -
root          -  0.0    -      -     - -        Ssl  22:04   0:00 -
root        716  0.0  0.2  70708  4704 ?        -    22:04   0:00 /lib/systemd/systemd-logind LANG=zh_CN.UTF-8 LANGUAGE=zh_CN:zh PATH=/usr/local/sbin:/usr/local/bin:/usr/sbin:/usr/bin:/sbin:/bin NOTIFY_SOCKET=/run/systemd/notify WATCHDOG_PID=716 WATCHDOG_USEC=180000000 INVOCATION_ID=8ddbb5b322a6410bbe9a381179aca483 JOURNAL_STREAM=9:27506
root          -  0.0    -      -     - -        Ss   22:04   0:00 -
root        717  0.0  0.5 1301332 10168 ?       -    22:04   0:02 /usr/lib/snapd/snapd LANG=zh_CN.UTF-8 LANGUAGE=zh_CN:zh PATH=/usr/local/sbin:/usr/local/bin:/usr/sbin:/usr/bin:/sbin:/bin:/usr/games:/usr/local/games NOTIFY_SOCKET=/run/systemd/notify LISTEN_PID=717 LISTEN_FDS=2 LISTEN_FDNAMES=snapd.socket:snapd.socket WATCHDOG_PID=717 WATCHDOG_USEC=300000000 INVOCATION_ID=ce4ae9735dcc4d74aa2f19fc5d7da379 JOURNAL_STREAM=9:27577
root          -  0.0    -      -     - -        Ssl  22:04   0:01 -
root          -  0.0    -      -     - -        Ssl  22:04   0:00 -
root          -  0.0    -      -     - -        Ssl  22:04   0:00 -
root          -  0.0    -      -     - -        Ssl  22:04   0:00 -
root          -  0.0    -      -     - -        Ssl  22:04   0:00 -
root          -  0.0    -      -     - -        Ssl  22:04   0:00 -
root          -  0.0    -      -     - -        Ssl  22:04   0:00 -
root          -  0.0    -      -     - -        Ssl  22:04   0:00 -
root          -  0.0    -      -     - -        Ssl  22:04   0:00 -
root          -  0.0    -      -     - -        Ssl  22:04   0:00 -
root          -  0.0    -      -     - -        Ssl  22:04   0:00 -
root          -  0.0    -      -     - -        Ssl  22:04   0:00 -
root          -  0.0    -      -     - -        Ssl  22:04   0:00 -
root          -  0.0    -      -     - -        Ssl  22:04   0:00 -
root          -  0.0    -      -     - -        Ssl  22:04   0:00 -
root          -  0.0    -      -     - -        Ssl  22:04   0:00 -
root          -  0.0    -      -     - -        Ssl  22:05   0:00 -
root          -  0.0    -      -     - -        Ssl  22:05   0:00 -
root        731  0.0  0.3 303660  7784 ?        -    22:04   0:00 /usr/sbin/cups-browsed LANG=zh_CN.UTF-8 LANGUAGE=zh_CN:zh PATH=/usr/local/sbin:/usr/local/bin:/usr/sbin:/usr/bin:/sbin:/bin INVOCATION_ID=a5c37cff022e43898c74bd4a013c9e2d JOURNAL_STREAM=9:29728
root          -  0.0    -      -     - -        Ssl  22:04   0:00 -
root          -  0.0    -      -     - -        Ssl  22:04   0:00 -
root          -  0.0    -      -     - -        Ssl  22:04   0:00 -
root        732  0.0  0.4 303588  8576 ?        -    22:04   0:01 /usr/lib/policykit-1/polkitd --no-debug LANG=zh_CN.UTF-8 LANGUAGE=zh_CN:zh PATH=/usr/local/sbin:/usr/local/bin:/usr/sbin:/usr/bin:/sbin:/bin INVOCATION_ID=4db9aedaea194bb2b8cc44906ef7e4b1 JOURNAL_STREAM=9:29816
root          -  0.0    -      -     - -        Ssl  22:04   0:00 -
root          -  0.0    -      -     - -        Ssl  22:04   0:00 -
root          -  0.0    -      -     - -        Ssl  22:04   0:00 -
root        733  0.0  0.0      0     0 ?        -    22:04   0:04 [kworker/2:4-rcu]
root          -  0.0    -      -     - -        I    22:04   0:04 -
colord      734  0.0  0.3 325100  8000 ?        -    22:04   0:00 /usr/lib/colord/colord LANG=zh_CN.UTF-8 LANGUAGE=zh_CN:zh PATH=/usr/local/sbin:/usr/local/bin:/usr/sbin:/usr/bin:/sbin:/bin HOME=/var/lib/colord LOGNAME=colord USER=colord INVOCATION_ID=5e557fe46fdb4364bf43bbff75ce45ed JOURNAL_STREAM=9:29597
colord        -  0.0    -      -     - -        Ssl  22:04   0:00 -
colord        -  0.0    -      -     - -        Ssl  22:04   0:00 -
colord        -  0.0    -      -     - -        Ssl  22:04   0:00 -
root        758  0.0  0.3 194336  7088 ?        -    22:04   0:00 /usr/bin/python3 /usr/share/unattended-upgrades/unattended-upgrade-shutdown --wait-for-signal LANG=zh_CN.UTF-8 LANGUAGE=zh_CN:zh PATH=/usr/local/sbin:/usr/local/bin:/usr/sbin:/usr/bin:/sbin:/bin INVOCATION_ID=fe4a893f72c947d3bb3ab6650dabec6a JOURNAL_STREAM=9:24509
root          -  0.0    -      -     - -        Ssl  22:04   0:00 -
root          -  0.0    -      -     - -        Ssl  22:04   0:00 -
root        760  0.0  0.0  29144  2000 ?        -    22:04   0:00 /usr/sbin/vsftpd /etc/vsftpd.conf LANG=zh_CN.UTF-8 LANGUAGE=zh_CN:zh PATH=/usr/local/sbin:/usr/local/bin:/usr/sbin:/usr/bin:/sbin:/bin INVOCATION_ID=655487a7a4f248a99e16fe3402b7f62a JOURNAL_STREAM=9:32900
root          -  0.0    -      -     - -        Ss   22:04   0:00 -
root        795  0.0  0.3 308300  6300 ?        -    22:04   0:00 /usr/sbin/gdm3 LANG=zh_CN.UTF-8 LANGUAGE=zh_CN:zh PATH=/usr/local/sbin:/usr/local/bin:/usr/sbin:/usr/bin:/sbin:/bin INVOCATION_ID=83380155608841b0b264a2517a10cbb1 JOURNAL_STREAM=9:33120
root          -  0.0    -      -     - -        Ssl  22:04   0:00 -
root          -  0.0    -      -     - -        Ssl  22:04   0:00 -
root          -  0.0    -      -     - -        Ssl  22:04   0:00 -
root        812  0.0  0.2 261776  5764 ?        -    22:04   0:00 gdm-session-worker [pam/gdm-launch-environment] LANG=zh_CN.UTF-8 JOURNAL_STREAM=9:33120 LANGUAGE=zh_CN:zh GDM_SESSION_DBUS_ADDRESS=unix:abstract=/tmp/dbus-lvl11gkh PATH=/usr/local/sbin:/usr/local/bin:/usr/sbin:/usr/bin:/sbin:/bin INVOCATION_ID=83380155608841b0b264a2517a10cbb1
root          -  0.0    -      -     - -        Sl   22:04   0:00 -
root          -  0.0    -      -     - -        Sl   22:04   0:00 -
root          -  0.0    -      -     - -        Sl   22:04   0:00 -
gdm         870  0.0  0.2  76908  5628 ?        -    22:04   0:00 /lib/systemd/systemd --user LANG=zh_CN.UTF-8 LANGUAGE=zh_CN:zh PATH=/usr/local/sbin:/usr/local/bin:/usr/sbin:/usr/bin:/sbin:/bin NOTIFY_SOCKET=/run/systemd/notify HOME=/var/lib/gdm3 LOGNAME=gdm USER=gdm SHELL=/bin/false INVOCATION_ID=d97eec83f4934538be010c0531b96fb6 JOURNAL_STREAM=9:31103 XDG_RUNTIME_DIR=/run/user/121
gdm           -  0.0    -      -     - -        Ss   22:04   0:00 -
gdm         871  0.0  0.0 113948   440 ?        -    22:04   0:00 (sd-pam) HOME=/ init=/sbin/init NETWORK_SKIP_ENSLAVED= recovery= TERM=linux drop_caps= BOOT_IMAGE=/boot/vmlinuz-5.3.0-46-generic PATH=/sbin:/usr/sbin:/bin:/usr/bin PWD=/ rootmnt=/root
gdm           -  0.0    -      -     - -        S    22:04   0:00 -
mysql       913  0.1  0.2 1358752 4648 ?        -    22:04   0:08 /usr/sbin/mysqld --daemonize --pid-file=/run/mysqld/mysqld.pid LANG=zh_CN.UTF-8 LANGUAGE=zh_CN:zh PATH=/usr/local/sbin:/usr/local/bin:/usr/sbin:/usr/bin:/sbin:/bin HOME=/nonexistent LOGNAME=mysql USER=mysql SHELL=/bin/false INVOCATION_ID=e31e4c8bad3a4e99855828a8cf5f1381 JOURNAL_STREAM=9:32746
mysql         -  0.0    -      -     - -        Sl   22:04   0:01 -
mysql         -  0.0    -      -     - -        Sl   22:04   0:00 -
mysql         -  0.0    -      -     - -        Sl   22:04   0:00 -
mysql         -  0.0    -      -     - -        Sl   22:04   0:00 -
mysql         -  0.0    -      -     - -        Sl   22:04   0:00 -
mysql         -  0.0    -      -     - -        Sl   22:04   0:00 -
mysql         -  0.0    -      -     - -        Sl   22:04   0:00 -
mysql         -  0.0    -      -     - -        Sl   22:04   0:00 -
mysql         -  0.0    -      -     - -        Sl   22:04   0:00 -
mysql         -  0.0    -      -     - -        Sl   22:04   0:00 -
mysql         -  0.0    -      -     - -        Sl   22:04   0:00 -
mysql         -  0.0    -      -     - -        Sl   22:04   0:00 -
mysql         -  0.0    -      -     - -        Sl   22:04   0:00 -
mysql         -  0.0    -      -     - -        Sl   22:04   0:00 -
mysql         -  0.0    -      -     - -        Sl   22:04   0:00 -
mysql         -  0.0    -      -     - -        Sl   22:04   0:00 -
mysql         -  0.0    -      -     - -        Sl   22:04   0:00 -
mysql         -  0.0    -      -     - -        Sl   22:04   0:00 -
mysql         -  0.0    -      -     - -        Sl   22:04   0:00 -
mysql         -  0.0    -      -     - -        Sl   22:04   0:00 -
mysql         -  0.0    -      -     - -        Sl   22:04   0:00 -
mysql         -  0.0    -      -     - -        Sl   22:04   0:00 -
mysql         -  0.0    -      -     - -        Sl   22:04   0:00 -
mysql         -  0.0    -      -     - -        Sl   22:04   0:00 -
mysql         -  0.0    -      -     - -        Sl   22:04   0:00 -
mysql         -  0.0    -      -     - -        Sl   22:04   0:00 -
mysql         -  0.0    -      -     - -        Sl   22:04   0:00 -
gdm         921  0.0  0.2 197912  4952 tty1     -    22:04   0:00 /usr/lib/gdm3/gdm-wayland-session gnome-session --autostart /usr/share/gdm/greeter/autostart XDG_SEAT=seat0 XDG_SESSION_CLASS=greeter LOGNAME=gdm USER=gdm USERNAME=gdm HOME=/var/lib/gdm3 PWD=/var/lib/gdm3 SHELL=/bin/false PATH=/usr/local/sbin:/usr/local/bin:/usr/sbin:/usr/bin:/sbin:/bin XDG_SESSION_TYPE=wayland XDG_VTNR=1 LANG=zh_CN.UTF-8 LANGUAGE=zh_CN:zh XDG_SESSION_ID=c1 XDG_RUNTIME_DIR=/run/user/121 DBUS_SESSION_BUS_ADDRESS=unix:path=/run/user/121/bus DCONF_PROFILE=gdm GDM_SEAT_ID=seat0 RUNNING_UNDER_GDM=true GVFS_DISABLE_FUSE=1 XDG_CURRENT_DESKTOP=GNOME-Greeter:GNOME GVFS_REMOTE_VOLUME_MONITOR_IGNORE=1 GIO_USE_VFS=local GDM_VERSION=3.28.3 GNOME_SHELL_SESSION_MODE=gdm XDG_DATA_DIRS=/usr/share/gdm/greeter:/usr/local/share/:/usr/share/
gdm           -  0.0    -      -     - -        Ssl+ 22:04   0:00 -
gdm           -  0.0    -      -     - -        Ssl+ 22:04   0:00 -
gdm           -  0.0    -      -     - -        Ssl+ 22:04   0:00 -
gdm         929  0.0  0.1  50228  3644 ?        -    22:04   0:00 /usr/bin/dbus-daemon --session --address=systemd: --nofork --nopidfile --systemd-activation --syslog-only DBUS_SESSION_BUS_ADDRESS=unix:path=/run/user/121/bus HOME=/var/lib/gdm3 LANG=zh_CN.UTF-8 LANGUAGE=zh_CN:zh LOGNAME=gdm PATH=/usr/local/sbin:/usr/local/bin:/usr/sbin:/usr/bin:/sbin:/bin:/usr/games:/usr/local/games:/snap/bin SHELL=/bin/false USER=gdm XDG_RUNTIME_DIR=/run/user/121 MANAGERPID=870 LISTEN_PID=929 LISTEN_FDS=1 LISTEN_FDNAMES=dbus.socket INVOCATION_ID=0f28872589ed40018c3c9a3c55f2e1d4 JOURNAL_STREAM=9:33858
gdm           -  0.0    -      -     - -        Ss   22:04   0:00 -
gdm         940  0.0  0.5 559240 10756 tty1     -    22:04   0:00 /usr/lib/gnome-session/gnome-session-binary --autostart /usr/share/gdm/greeter/autostart USER=gdm LANGUAGE=zh_CN:zh XDG_SEAT=seat0 XDG_SESSION_TYPE=wayland HOME=/var/lib/gdm3 DCONF_PROFILE=gdm GDM_VERSION=3.28.3 GNOME_SHELL_SESSION_MODE=gdm DBUS_SESSION_BUS_ADDRESS=unix:path=/run/user/121/bus LOGNAME=gdm XDG_SESSION_CLASS=greeter USERNAME=gdm XDG_SESSION_ID=c1 GVFS_REMOTE_VOLUME_MONITOR_IGNORE=1 PATH=/usr/local/sbin:/usr/local/bin:/usr/sbin:/usr/bin:/sbin:/bin XDG_RUNTIME_DIR=/run/user/121 LANG=zh_CN.UTF-8 XDG_CURRENT_DESKTOP=GNOME-Greeter:GNOME GVFS_DISABLE_FUSE=1 SHELL=/bin/false XDG_VTNR=1 RUNNING_UNDER_GDM=true PWD=/var/lib/gdm3 GDM_SEAT_ID=seat0 XDG_DATA_DIRS=/usr/share/gdm/greeter:/usr/local/share/:/usr/share/ GIO_USE_VFS=local
gdm           -  0.0    -      -     - -        Sl+  22:04   0:00 -
gdm           -  0.0    -      -     - -        Sl+  22:04   0:00 -
gdm           -  0.0    -      -     - -        Sl+  22:04   0:00 -
gdm           -  0.0    -      -     - -        Sl+  22:04   0:00 -
root        966  0.0  0.0      0     0 ?        -    22:04   0:02 [irq/16-vmwgfx]
root          -  0.0    -      -     - -        S    22:04   0:02 -
root        969  0.0  0.0      0     0 ?        -    22:04   0:00 [ttm_swap]
root          -  0.0    -      -     - -        I<   22:04   0:00 -
gdm        1044  0.1  3.6 3422492 73036 tty1    -    22:04   0:07 /usr/bin/gnome-shell USER=gdm LANGUAGE=zh_CN:zh XDG_SEAT=seat0 XDG_SESSION_TYPE=wayland HOME=/var/lib/gdm3 DCONF_PROFILE=gdm GDM_VERSION=3.28.3 GNOME_SHELL_SESSION_MODE=gdm DBUS_SESSION_BUS_ADDRESS=unix:path=/run/user/121/bus LOGNAME=gdm XDG_SESSION_CLASS=greeter USERNAME=gdm XDG_SESSION_ID=c1 GVFS_REMOTE_VOLUME_MONITOR_IGNORE=1 PATH=/usr/local/sbin:/usr/local/bin:/usr/sbin:/usr/bin:/sbin:/bin XDG_RUNTIME_DIR=/run/user/121 LANG=zh_CN.UTF-8 XDG_CURRENT_DESKTOP=GNOME-Greeter:GNOME GVFS_DISABLE_FUSE=1 SHELL=/bin/false XDG_VTNR=1 RUNNING_UNDER_GDM=true PWD=/var/lib/gdm3 GDM_SEAT_ID=seat0 XDG_DATA_DIRS=/usr/share/gdm/greeter:/usr/local/share/:/usr/share/ GIO_USE_VFS=local QT_IM_MODULE=ibus XMODIFIERS=@im=ibus GNOME_DESKTOP_SESSION_ID=this-is-deprecated XDG_MENU_PREFIX=gnome- SESSION_MANAGER=local/skwang-virtual-machine:@/tmp/.ICE-unix/940,unix/skwang-virtual-machine:/tmp/.ICE-unix/940 DESKTOP_AUTOSTART_ID=108846c693275468c5158808267429526000000009400000 GIO_LAUNCHED_DESKTOP_FILE=/usr/share/applications/org.gnome.Shell.desktop GIO_LAUNCHED_DESKTOP_FILE_PID=1044
gdm           -  0.0    -      -     - -        Sl+  22:04   0:06 -
gdm           -  0.0    -      -     - -        Sl+  22:04   0:00 -
gdm           -  0.0    -      -     - -        Sl+  22:04   0:00 -
gdm           -  0.0    -      -     - -        Sl+  22:04   0:00 -
gdm           -  0.0    -      -     - -        Sl+  22:04   0:00 -
gdm           -  0.0    -      -     - -        Sl+  22:04   0:00 -
gdm           -  0.0    -      -     - -        Sl+  22:04   0:00 -
gdm           -  0.0    -      -     - -        Sl+  22:04   0:00 -
gdm           -  0.0    -      -     - -        Sl+  22:04   0:00 -
gdm           -  0.0    -      -     - -        Sl+  22:04   0:00 -
gdm           -  0.0    -      -     - -        Sl+  22:04   0:00 -
gdm           -  0.0    -      -     - -        Sl+  22:04   0:00 -
gdm           -  0.0    -      -     - -        Sl+  22:04   0:00 -
root       1088  0.0  0.0      0     0 ?        -    22:04   0:00 [cryptd]
root          -  0.0    -      -     - -        I<   22:04   0:00 -
root       1137  0.0  0.3 322384  7212 ?        -    22:04   0:00 /usr/lib/upower/upowerd LANG=zh_CN.UTF-8 LANGUAGE=zh_CN:zh PATH=/usr/local/sbin:/usr/local/bin:/usr/sbin:/usr/bin:/sbin:/bin INVOCATION_ID=b9bc0eef0c394285bd54c1a0ae982819 JOURNAL_STREAM=9:33651
root          -  0.0    -      -     - -        Ssl  22:04   0:00 -
root          -  0.0    -      -     - -        Ssl  22:04   0:00 -
root          -  0.0    -      -     - -        Ssl  22:04   0:00 -
gdm        1345  0.0  0.4 555724  8524 tty1     -    22:04   0:00 /usr/bin/Xwayland :1024 -rootless -terminate -accessx -core -listen 4 -listen 5 -displayfd 6 USER=gdm LANGUAGE=zh_CN:zh XDG_SEAT=seat0 XDG_SESSION_TYPE=wayland HOME=/var/lib/gdm3 DCONF_PROFILE=gdm GDM_VERSION=3.28.3 GNOME_SHELL_SESSION_MODE=gdm DBUS_SESSION_BUS_ADDRESS=unix:path=/run/user/121/bus LOGNAME=gdm XDG_SESSION_CLASS=greeter USERNAME=gdm XDG_SESSION_ID=c1 GVFS_REMOTE_VOLUME_MONITOR_IGNORE=1 PATH=/usr/local/sbin:/usr/local/bin:/usr/sbin:/usr/bin:/sbin:/bin XDG_RUNTIME_DIR=/run/user/121 LANG=zh_CN.UTF-8 XDG_CURRENT_DESKTOP=GNOME-Greeter:GNOME GVFS_DISABLE_FUSE=1 SHELL=/bin/false XDG_VTNR=1 RUNNING_UNDER_GDM=true PWD=/var/lib/gdm3 GDM_SEAT_ID=seat0 XDG_DATA_DIRS=/usr/share/gdm/greeter:/usr/local/share/:/usr/share/ GIO_USE_VFS=local QT_IM_MODULE=ibus XMODIFIERS=@im=ibus GNOME_DESKTOP_SESSION_ID=this-is-deprecated XDG_MENU_PREFIX=gnome- SESSION_MANAGER=local/skwang-virtual-machine:@/tmp/.ICE-unix/940,unix/skwang-virtual-machine:/tmp/.ICE-unix/940 DESKTOP_AUTOSTART_ID=108846c693275468c5158808267429526000000009400000 GIO_LAUNCHED_DESKTOP_FILE=/usr/share/applications/org.gnome.Shell.desktop GIO_LAUNCHED_DESKTOP_FILE_PID=1044 NO_AT_BRIDGE=1 WAYLAND_SOCKET=3
gdm           -  0.0    -      -     - -        Sl+  22:04   0:00 -
gdm           -  0.0    -      -     - -        Sl+  22:04   0:00 -
gdm           -  0.0    -      -     - -        Sl+  22:04   0:00 -
gdm           -  0.0    -      -     - -        Sl+  22:04   0:00 -
gdm           -  0.0    -      -     - -        Sl+  22:04   0:00 -
root       1382  0.0  0.0 193076   116 ?        -    22:04   0:00 /usr/sbin/vmware-vmblock-fuse -o subtype=vmware-vmblock,default_permissions,allow_other /var/run/vmblock-fuse LANGUAGE=zh_CN:zh JOURNAL_STREAM=9:29396 PATH=/usr/local/sbin:/usr/local/bin:/usr/sbin:/usr/bin:/sbin:/bin INVOCATION_ID=94051b6e90d940adb924b015330cd14d LANG=zh_CN.UTF-8 PWD=/
root          -  0.0    -      -     - -        Ssl  22:04   0:00 -
root          -  0.0    -      -     - -        Ssl  22:04   0:00 -
root          -  0.0    -      -     - -        Ssl  22:04   0:00 -
gdm        1399  0.0  0.2 349368  5556 ?        -    22:04   0:00 /usr/lib/at-spi2-core/at-spi-bus-launcher DBUS_SESSION_BUS_ADDRESS=unix:path=/run/user/121/bus DCONF_PROFILE=gdm DISPLAY=:1024 GDM_SEAT_ID=seat0 GDM_VERSION=3.28.3 GIO_USE_VFS=local GNOME_DESKTOP_SESSION_ID=this-is-deprecated GNOME_SHELL_SESSION_MODE=gdm GVFS_DISABLE_FUSE=1 GVFS_REMOTE_VOLUME_MONITOR_IGNORE=1 HOME=/var/lib/gdm3 LANG=zh_CN.UTF-8 LANGUAGE=zh_CN:zh LOGNAME=gdm PATH=/usr/local/sbin:/usr/local/bin:/usr/sbin:/usr/bin:/sbin:/bin PWD=/var/lib/gdm3 QT_IM_MODULE=ibus RUNNING_UNDER_GDM=true SESSION_MANAGER=local/skwang-virtual-machine:@/tmp/.ICE-unix/940,unix/skwang-virtual-machine:/tmp/.ICE-unix/940 SHELL=/bin/false USER=gdm USERNAME=gdm WAYLAND_DISPLAY=wayland-0 XDG_CURRENT_DESKTOP=GNOME-Greeter:GNOME XDG_DATA_DIRS=/usr/share/gdm/greeter:/usr/local/share/:/usr/share/ XDG_MENU_PREFIX=gnome- XDG_RUNTIME_DIR=/run/user/121 XDG_SEAT=seat0 XDG_SESSION_CLASS=greeter XDG_SESSION_ID=c1 XDG_SESSION_TYPE=wayland XDG_VTNR=1 XMODIFIERS=@im=ibus MANAGERPID=870 INVOCATION_ID=b0a4c22dd74246c490d44a6ca7ac9945 JOURNAL_STREAM=9:31741
gdm           -  0.0    -      -     - -        Ssl  22:04   0:00 -
gdm           -  0.0    -      -     - -        Ssl  22:04   0:00 -
gdm           -  0.0    -      -     - -        Ssl  22:04   0:00 -
gdm           -  0.0    -      -     - -        Ssl  22:04   0:00 -
gdm        1404  0.0  0.1  49928  2992 ?        -    22:04   0:00 /usr/bin/dbus-daemon --config-file=/usr/share/defaults/at-spi2/accessibility.conf --nofork --print-address 3 DBUS_SESSION_BUS_ADDRESS=unix:path=/run/user/121/bus DCONF_PROFILE=gdm DISPLAY=:1024 GDM_SEAT_ID=seat0 GDM_VERSION=3.28.3 GIO_USE_VFS=local GNOME_DESKTOP_SESSION_ID=this-is-deprecated GNOME_SHELL_SESSION_MODE=gdm GVFS_DISABLE_FUSE=1 GVFS_REMOTE_VOLUME_MONITOR_IGNORE=1 HOME=/var/lib/gdm3 LANG=zh_CN.UTF-8 LANGUAGE=zh_CN:zh LOGNAME=gdm PATH=/usr/local/sbin:/usr/local/bin:/usr/sbin:/usr/bin:/sbin:/bin PWD=/var/lib/gdm3 QT_IM_MODULE=ibus RUNNING_UNDER_GDM=true SESSION_MANAGER=local/skwang-virtual-machine:@/tmp/.ICE-unix/940,unix/skwang-virtual-machine:/tmp/.ICE-unix/940 SHELL=/bin/false USER=gdm USERNAME=gdm WAYLAND_DISPLAY=wayland-0 XDG_CURRENT_DESKTOP=GNOME-Greeter:GNOME XDG_DATA_DIRS=/usr/share/gdm/greeter:/usr/local/share/:/usr/share/ XDG_MENU_PREFIX=gnome- XDG_RUNTIME_DIR=/run/user/121 XDG_SEAT=seat0 XDG_SESSION_CLASS=greeter XDG_SESSION_ID=c1 XDG_SESSION_TYPE=wayland XDG_VTNR=1 XMODIFIERS=@im=ibus MANAGERPID=870 INVOCATION_ID=b0a4c22dd74246c490d44a6ca7ac9945 JOURNAL_STREAM=9:31741
gdm           -  0.0    -      -     - -        S    22:04   0:00 -
gdm        1406  0.0  0.2 220764  5128 ?        -    22:04   0:00 /usr/lib/at-spi2-core/at-spi2-registryd --use-gnome-session SHELL=/bin/false DBUS_STARTER_ADDRESS=unix:abstract=/tmp/dbus-ojg2hiDXZt,guid=82137982fb914c1d25b3e11c5ea837f4 XDG_RUNTIME_DIR=/run/user/121 XDG_CURRENT_DESKTOP=GNOME-Greeter:GNOME DCONF_PROFILE=gdm DISPLAY=:1024 XMODIFIERS=@im=ibus SESSION_MANAGER=local/skwang-virtual-machine:@/tmp/.ICE-unix/940,unix/skwang-virtual-machine:/tmp/.ICE-unix/940 PATH=/usr/local/sbin:/usr/local/bin:/usr/sbin:/usr/bin:/sbin:/bin XDG_VTNR=1 USERNAME=gdm GDM_SEAT_ID=seat0 GNOME_DESKTOP_SESSION_ID=this-is-deprecated GVFS_REMOTE_VOLUME_MONITOR_IGNORE=1 XDG_SESSION_TYPE=wayland XDG_DATA_DIRS=/usr/share/gdm/greeter:/usr/local/share/:/usr/share/ JOURNAL_STREAM=9:31741 XDG_SESSION_ID=c1 LANGUAGE=zh_CN:zh XDG_SEAT=seat0 RUNNING_UNDER_GDM=true DBUS_SESSION_BUS_ADDRESS=unix:path=/run/user/121/bus GDM_VERSION=3.28.3 GIO_USE_VFS=local INVOCATION_ID=b0a4c22dd74246c490d44a6ca7ac9945 GNOME_SHELL_SESSION_MODE=gdm XDG_SESSION_CLASS=greeter USER=gdm QT_IM_MODULE=ibus GVFS_DISABLE_FUSE=1 DBUS_STARTER_BUS_TYPE=accessibility WAYLAND_DISPLAY=wayland-0 PWD=/var/lib/gdm3 MANAGERPID=870 XDG_MENU_PREFIX=gnome- LANG=zh_CN.UTF-8 LOGNAME=gdm HOME=/var/lib/gdm3
gdm           -  0.0    -      -     - -        Sl   22:04   0:00 -
gdm           -  0.0    -      -     - -        Sl   22:04   0:00 -
gdm           -  0.0    -      -     - -        Sl   22:04   0:00 -
root       1411  0.1  0.2 174124  4832 ?        -    22:04   0:07 /usr/sbin/vmtoolsd LANGUAGE=zh_CN:zh JOURNAL_STREAM=9:29396 PATH=/usr/local/sbin:/usr/local/bin:/usr/sbin:/usr/bin:/sbin:/bin INVOCATION_ID=94051b6e90d940adb924b015330cd14d LANG=zh_CN.UTF-8 PWD=/ VMWARE_GIO_MODULE_DIR=0 GIO_MODULE_DIR=/usr/lib/vmware-tools/libconf/lib/gio/modules
root          -  0.1    -      -     - -        Sl   22:04   0:07 -
root          -  0.0    -      -     - -        Sl   22:04   0:00 -
gdm        1422  0.0  0.2 1153500 5920 ?        -    22:04   0:00 /usr/bin/pulseaudio --daemonize=no DBUS_SESSION_BUS_ADDRESS=unix:path=/run/user/121/bus DCONF_PROFILE=gdm DISPLAY=:1024 GDM_SEAT_ID=seat0 GDM_VERSION=3.28.3 GIO_USE_VFS=local GNOME_DESKTOP_SESSION_ID=this-is-deprecated GNOME_SHELL_SESSION_MODE=gdm GVFS_DISABLE_FUSE=1 GVFS_REMOTE_VOLUME_MONITOR_IGNORE=1 HOME=/var/lib/gdm3 LANG=zh_CN.UTF-8 LANGUAGE=zh_CN:zh LOGNAME=gdm PATH=/usr/local/sbin:/usr/local/bin:/usr/sbin:/usr/bin:/sbin:/bin PWD=/var/lib/gdm3 QT_IM_MODULE=ibus RUNNING_UNDER_GDM=true SESSION_MANAGER=local/skwang-virtual-machine:@/tmp/.ICE-unix/940,unix/skwang-virtual-machine:/tmp/.ICE-unix/940 SHELL=/bin/false USER=gdm USERNAME=gdm WAYLAND_DISPLAY=wayland-0 XDG_CURRENT_DESKTOP=GNOME-Greeter:GNOME XDG_DATA_DIRS=/usr/share/gdm/greeter:/usr/local/share/:/usr/share/ XDG_MENU_PREFIX=gnome- XDG_RUNTIME_DIR=/run/user/121 XDG_SEAT=seat0 XDG_SESSION_CLASS=greeter XDG_SESSION_ID=c1 XDG_SESSION_TYPE=wayland XDG_VTNR=1 XMODIFIERS=@im=ibus NOTIFY_SOCKET=/run/user/121/systemd/notify MANAGERPID=870 LISTEN_PID=1422 LISTEN_FDS=1 LISTEN_FDNAMES=pulseaudio.socket INVOCATION_ID=f34076b3c0d846cda8c84e68c4258962 JOURNAL_STREAM=9:35846 LD_BIND_NOW=1
gdm           -  0.0    -      -     - -        Ssl  22:04   0:00 -
gdm           -  0.0    -      -     - -        Ssl  22:04   0:00 -
gdm           -  0.0    -      -     - -        Ssl  22:04   0:00 -
rtkit      1426  0.0  0.1 183504  2700 ?        -    22:04   0:00 /usr/lib/rtkit/rtkit-daemon LANG=zh_CN.UTF-8 LANGUAGE=zh_CN:zh PATH=/usr/local/sbin:/usr/local/bin:/usr/sbin:/usr/bin:/sbin:/bin NOTIFY_SOCKET=/run/systemd/notify INVOCATION_ID=ffee60c2741f458faf6a405a3555628e JOURNAL_STREAM=9:36936
rtkit         -  0.0    -      -     - -        SNsl 22:04   0:00 -
rtkit         -  0.0    -      -     - -        Ssl  22:04   0:00 -
rtkit         -  0.0    -      -     - -        SNsl 22:04   0:00 -
root       1441  0.0  0.2  72228  4572 ?        -    22:04   0:00 /usr/lib/vmware-vgauth/VGAuthService -s LANGUAGE=zh_CN:zh JOURNAL_STREAM=9:29396 PATH=/usr/local/sbin:/usr/local/bin:/usr/sbin:/usr/bin:/sbin:/bin INVOCATION_ID=94051b6e90d940adb924b015330cd14d LANG=zh_CN.UTF-8 PWD=/ VMWARE_GIO_MODULE_DIR=0 GIO_MODULE_DIR=/usr/lib/vmware-tools/libconf/lib/gio/modules
root          -  0.0    -      -     - -        S    22:04   0:00 -
root       1493  0.0  0.2 511052  4636 ?        -    22:04   0:03 //usr/lib/vmware-caf/pme/bin/ManagementAgentHost CAF_OUTPUT_DIR=//var/lib/vmware-caf/pme/data/output LANGUAGE=zh_CN:zh CAF_LOG_DIR=/var/log/vmware-caf/pme LD_LIBRARY_PATH=/usr/lib/vmware-tools/lib/libvgauth.so/:/usr/lib/vmware-tools/lib/libcrypto.so.1.0.2/:/usr/lib/vmware-tools/lib/libssl.so.1.0.2/://usr/lib/vmware-caf/pme/lib OLDPWD=/ CAF_PROVIDERS_DIR=//var/lib/vmware-caf/pme/data/input/providers CAF_INVOKERS_DIR=//var/lib/vmware-caf/pme/data/input/invokers JOURNAL_STREAM=9:29396 CAF_CONFIG_DIR=/etc/vmware-caf/pme/config CAF_TOOLS_LIB_DIR=/usr/lib/vmware-tools/lib CAF_INPUT_DIR=//var/lib/vmware-caf/pme/data/input PATH=/usr/local/sbin:/usr/local/bin:/usr/sbin:/usr/bin:/sbin:/bin INVOCATION_ID=94051b6e90d940adb924b015330cd14d LANG=zh_CN.UTF-8 CAF_PYTHON_DIR=/opt/vmware/caf/python VMWARE_USE_SYSTEM_LIBS=1 CAF_LIB_DIR=//usr/lib/vmware-caf/pme/lib CAF_BIN_DIR=//usr/lib/vmware-caf/pme/bin PWD=/var/log/vmware-caf/pme
root          -  0.0    -      -     - -        Sl   22:04   0:00 -
root          -  0.0    -      -     - -        Sl   22:04   0:00 -
root          -  0.0    -      -     - -        Sl   22:04   0:00 -
root          -  0.0    -      -     - -        Sl   22:04   0:00 -
root          -  0.0    -      -     - -        Sl   22:04   0:00 -
root          -  0.0    -      -     - -        Sl   22:04   0:01 -
root          -  0.0    -      -     - -        Sl   22:04   0:00 -
kernoops   1498  0.0  0.0  56940    76 ?        -    22:04   0:00 /usr/sbin/kerneloops --test LANG=zh_CN.UTF-8 LANGUAGE=zh_CN:zh PATH=/usr/local/sbin:/usr/local/bin:/usr/sbin:/usr/bin:/sbin:/bin LOGNAME=kernoops USER=kernoops INVOCATION_ID=34f8669db3c24820a74edb6cd36a674e JOURNAL_STREAM=9:35098 ENABLED=1
kernoops      -  0.0    -      -     - -        Ss   22:04   0:00 -
whoopsie   1501  0.0  0.5 538008 10380 ?        -    22:04   0:00 /usr/bin/whoopsie -f LANG=zh_CN.UTF-8 LANGUAGE=zh_CN:zh PATH=/usr/local/sbin:/usr/local/bin:/usr/sbin:/usr/bin:/sbin:/bin INVOCATION_ID=87c15951a4fa4305878cf453491a20c2 JOURNAL_STREAM=9:37520 CRASH_DB_URL=https://daisy.ubuntu.com
whoopsie      -  0.0    -      -     - -        Ssl  22:04   0:00 -
whoopsie      -  0.0    -      -     - -        Ssl  22:04   0:00 -
whoopsie      -  0.0    -      -     - -        Ssl  22:04   0:00 -
kernoops   1506  0.0  0.0  56940    76 ?        -    22:04   0:00 /usr/sbin/kerneloops LANG=zh_CN.UTF-8 LANGUAGE=zh_CN:zh PATH=/usr/local/sbin:/usr/local/bin:/usr/sbin:/usr/bin:/sbin:/bin LOGNAME=kernoops USER=kernoops INVOCATION_ID=34f8669db3c24820a74edb6cd36a674e JOURNAL_STREAM=9:36124 ENABLED=1
kernoops      -  0.0    -      -     - -        Ss   22:04   0:00 -
root       1519  0.0  0.0  15348     4 ?        -    22:04   0:00 /usr/sbin/in.tftpd --listen --user tftp --address :69 --secure /home/skwang/tftpboot LANGUAGE=zh_CN:zh JOURNAL_STREAM=9:35989 PATH=/sbin:/bin:/usr/sbin:/usr/bin INVOCATION_ID=7e99aac9429941fbacd9cff314c84379 LANG=zh_CN.UTF-8 PWD=/
root          -  0.0    -      -     - -        Ss   22:04   0:00 -
root       1533  0.0  0.1  24184  2108 ?        -    22:04   0:00 /usr/sbin/xinetd -pidfile /run/xinetd.pid -stayalive -inetd_compat -inetd_ipv6 LANGUAGE=zh_CN:zh JOURNAL_STREAM=9:35218 PATH=/usr/local/sbin:/usr/local/bin:/usr/sbin:/usr/bin:/sbin:/bin INVOCATION_ID=4df890f5e0d54be49b7499d49afd919d LANG=zh_CN.UTF-8 PWD=/
root          -  0.0    -      -     - -        Ss   22:04   0:00 -
gdm        1536  0.0  0.3 361704  6108 tty1     -    22:04   0:00 ibus-daemon --xim --panel disable USER=gdm LANGUAGE=zh_CN:zh XDG_SEAT=seat0 XDG_SESSION_TYPE=wayland HOME=/var/lib/gdm3 DCONF_PROFILE=gdm GDM_VERSION=3.28.3 GNOME_SHELL_SESSION_MODE=gdm DBUS_SESSION_BUS_ADDRESS=unix:path=/run/user/121/bus LOGNAME=gdm XDG_SESSION_CLASS=greeter USERNAME=gdm XDG_SESSION_ID=c1 GVFS_REMOTE_VOLUME_MONITOR_IGNORE=1 PATH=/usr/local/sbin:/usr/local/bin:/usr/sbin:/usr/bin:/sbin:/bin XDG_RUNTIME_DIR=/run/user/121 LANG=zh_CN.UTF-8 XDG_CURRENT_DESKTOP=GNOME-Greeter:GNOME GVFS_DISABLE_FUSE=1 SHELL=/bin/false XDG_VTNR=1 RUNNING_UNDER_GDM=true PWD=/var/lib/gdm3 GDM_SEAT_ID=seat0 XDG_DATA_DIRS=/usr/share/gdm/greeter:/usr/local/share/:/usr/share/ GIO_USE_VFS=local QT_IM_MODULE=ibus XMODIFIERS=@im=ibus GNOME_DESKTOP_SESSION_ID=this-is-deprecated XDG_MENU_PREFIX=gnome- SESSION_MANAGER=local/skwang-virtual-machine:@/tmp/.ICE-unix/940,unix/skwang-virtual-machine:/tmp/.ICE-unix/940 DESKTOP_AUTOSTART_ID=108846c693275468c5158808267429526000000009400000 GIO_LAUNCHED_DESKTOP_FILE=/usr/share/applications/org.gnome.Shell.desktop GIO_LAUNCHED_DESKTOP_FILE_PID=1044 DISPLAY=:1024 WAYLAND_DISPLAY=wayland-0 GJS_DEBUG_OUTPUT=stderr GJS_DEBUG_TOPICS=JS ERROR;JS LOG
gdm           -  0.0    -      -     - -        Sl   22:04   0:00 -
gdm           -  0.0    -      -     - -        Sl   22:04   0:00 -
gdm           -  0.0    -      -     - -        Sl   22:04   0:00 -
gdm        1539  0.0  0.2 280980  5808 tty1     -    22:04   0:00 /usr/lib/ibus/ibus-dconf USER=gdm LANGUAGE=zh_CN:zh XDG_SEAT=seat0 XDG_SESSION_TYPE=wayland HOME=/var/lib/gdm3 DCONF_PROFILE=gdm GDM_VERSION=3.28.3 GNOME_SHELL_SESSION_MODE=gdm DBUS_SESSION_BUS_ADDRESS=unix:path=/run/user/121/bus LOGNAME=gdm XDG_SESSION_CLASS=greeter USERNAME=gdm XDG_SESSION_ID=c1 GVFS_REMOTE_VOLUME_MONITOR_IGNORE=1 PATH=/usr/local/sbin:/usr/local/bin:/usr/sbin:/usr/bin:/sbin:/bin XDG_RUNTIME_DIR=/run/user/121 LANG=zh_CN.UTF-8 XDG_CURRENT_DESKTOP=GNOME-Greeter:GNOME GVFS_DISABLE_FUSE=1 SHELL=/bin/false XDG_VTNR=1 RUNNING_UNDER_GDM=true PWD=/var/lib/gdm3 GDM_SEAT_ID=seat0 XDG_DATA_DIRS=/usr/share/gdm/greeter:/usr/local/share/:/usr/share/ GIO_USE_VFS=local QT_IM_MODULE=ibus XMODIFIERS=@im=ibus GNOME_DESKTOP_SESSION_ID=this-is-deprecated XDG_MENU_PREFIX=gnome- SESSION_MANAGER=local/skwang-virtual-machine:@/tmp/.ICE-unix/940,unix/skwang-virtual-machine:/tmp/.ICE-unix/940 DESKTOP_AUTOSTART_ID=108846c693275468c5158808267429526000000009400000 GIO_LAUNCHED_DESKTOP_FILE=/usr/share/applications/org.gnome.Shell.desktop GIO_LAUNCHED_DESKTOP_FILE_PID=1044 DISPLAY=:1024 WAYLAND_DISPLAY=wayland-0 GJS_DEBUG_OUTPUT=stderr GJS_DEBUG_TOPICS=JS ERROR;JS LOG
gdm           -  0.0    -      -     - -        Sl   22:04   0:00 -
gdm           -  0.0    -      -     - -        Sl   22:04   0:00 -
gdm           -  0.0    -      -     - -        Sl   22:04   0:00 -
gdm           -  0.0    -      -     - -        Sl   22:04   0:00 -
gdm        1542  0.0  1.1 505472 22968 tty1     -    22:04   0:00 /usr/lib/ibus/ibus-x11 --kill-daemon USER=gdm LANGUAGE=zh_CN:zh XDG_SEAT=seat0 XDG_SESSION_TYPE=wayland HOME=/var/lib/gdm3 DCONF_PROFILE=gdm GDM_VERSION=3.28.3 GNOME_SHELL_SESSION_MODE=gdm DBUS_SESSION_BUS_ADDRESS=unix:path=/run/user/121/bus LOGNAME=gdm XDG_SESSION_CLASS=greeter USERNAME=gdm XDG_SESSION_ID=c1 GVFS_REMOTE_VOLUME_MONITOR_IGNORE=1 PATH=/usr/local/sbin:/usr/local/bin:/usr/sbin:/usr/bin:/sbin:/bin XDG_RUNTIME_DIR=/run/user/121 LANG=zh_CN.UTF-8 XDG_CURRENT_DESKTOP=GNOME-Greeter:GNOME GVFS_DISABLE_FUSE=1 SHELL=/bin/false XDG_VTNR=1 RUNNING_UNDER_GDM=true PWD=/var/lib/gdm3 GDM_SEAT_ID=seat0 XDG_DATA_DIRS=/usr/share/gdm/greeter:/usr/local/share/:/usr/share/ GIO_USE_VFS=local QT_IM_MODULE=ibus XMODIFIERS=@im=ibus GNOME_DESKTOP_SESSION_ID=this-is-deprecated XDG_MENU_PREFIX=gnome- SESSION_MANAGER=local/skwang-virtual-machine:@/tmp/.ICE-unix/940,unix/skwang-virtual-machine:/tmp/.ICE-unix/940 DESKTOP_AUTOSTART_ID=108846c693275468c5158808267429526000000009400000 GIO_LAUNCHED_DESKTOP_FILE=/usr/share/applications/org.gnome.Shell.desktop GIO_LAUNCHED_DESKTOP_FILE_PID=1044 DISPLAY=:1024 WAYLAND_DISPLAY=wayland-0 GJS_DEBUG_OUTPUT=stderr GJS_DEBUG_TOPICS=JS ERROR;JS LOG
gdm           -  0.0    -      -     - -        Sl   22:04   0:00 -
gdm           -  0.0    -      -     - -        Sl   22:04   0:00 -
gdm           -  0.0    -      -     - -        Sl   22:04   0:00 -
gdm        1545  0.0  0.2 278792  5444 ?        -    22:04   0:00 /usr/lib/ibus/ibus-portal SHELL=/bin/false DBUS_STARTER_ADDRESS=unix:path=/run/user/121/bus,guid=a393bc7cf82b97bd94584bcf5ea837f1 DISPLAY=:1024 XDG_CURRENT_DESKTOP=GNOME-Greeter:GNOME DCONF_PROFILE=gdm XDG_RUNTIME_DIR=/run/user/121 SESSION_MANAGER=local/skwang-virtual-machine:@/tmp/.ICE-unix/940,unix/skwang-virtual-machine:/tmp/.ICE-unix/940 XMODIFIERS=@im=ibus PATH=/usr/local/sbin:/usr/local/bin:/usr/sbin:/usr/bin:/sbin:/bin GNOME_DESKTOP_SESSION_ID=this-is-deprecated GDM_SEAT_ID=seat0 XDG_VTNR=1 GVFS_REMOTE_VOLUME_MONITOR_IGNORE=1 USERNAME=gdm XDG_DATA_DIRS=/usr/share/gdm/greeter:/usr/local/share/:/usr/share/ XDG_SESSION_TYPE=wayland XDG_SESSION_ID=c1 LANGUAGE=zh_CN:zh JOURNAL_STREAM=9:33858 GIO_USE_VFS=local RUNNING_UNDER_GDM=true GDM_VERSION=3.28.3 XDG_SEAT=seat0 DBUS_SESSION_BUS_ADDRESS=unix:path=/run/user/121/bus,guid=a393bc7cf82b97bd94584bcf5ea837f1 GNOME_SHELL_SESSION_MODE=gdm INVOCATION_ID=0f28872589ed40018c3c9a3c55f2e1d4 QT_IM_MODULE=ibus GVFS_DISABLE_FUSE=1 XDG_SESSION_CLASS=greeter USER=gdm DBUS_STARTER_BUS_TYPE=session WAYLAND_DISPLAY=wayland-0 PWD=/var/lib/gdm3 XDG_MENU_PREFIX=gnome- LANG=zh_CN.UTF-8 MANAGERPID=870 HOME=/var/lib/gdm3 LOGNAME=gdm
gdm           -  0.0    -      -     - -        Sl   22:04   0:00 -
gdm           -  0.0    -      -     - -        Sl   22:04   0:00 -
gdm           -  0.0    -      -     - -        Sl   22:04   0:00 -
gdm        1552  0.0  0.2 271796  4824 ?        -    22:04   0:00 /usr/libexec/xdg-permission-store DBUS_SESSION_BUS_ADDRESS=unix:path=/run/user/121/bus DCONF_PROFILE=gdm DISPLAY=:1024 GDM_SEAT_ID=seat0 GDM_VERSION=3.28.3 GIO_USE_VFS=local GNOME_DESKTOP_SESSION_ID=this-is-deprecated GNOME_SHELL_SESSION_MODE=gdm GVFS_DISABLE_FUSE=1 GVFS_REMOTE_VOLUME_MONITOR_IGNORE=1 HOME=/var/lib/gdm3 LANG=zh_CN.UTF-8 LANGUAGE=zh_CN:zh LOGNAME=gdm PATH=/usr/local/sbin:/usr/local/bin:/usr/sbin:/usr/bin:/sbin:/bin PWD=/var/lib/gdm3 QT_IM_MODULE=ibus RUNNING_UNDER_GDM=true SESSION_MANAGER=local/skwang-virtual-machine:@/tmp/.ICE-unix/940,unix/skwang-virtual-machine:/tmp/.ICE-unix/940 SHELL=/bin/false USER=gdm USERNAME=gdm WAYLAND_DISPLAY=wayland-0 XDG_CURRENT_DESKTOP=GNOME-Greeter:GNOME XDG_DATA_DIRS=/usr/share/gdm/greeter:/usr/local/share/:/usr/share/ XDG_MENU_PREFIX=gnome- XDG_RUNTIME_DIR=/run/user/121 XDG_SEAT=seat0 XDG_SESSION_CLASS=greeter XDG_SESSION_ID=c1 XDG_SESSION_TYPE=wayland XDG_VTNR=1 XMODIFIERS=@im=ibus MANAGERPID=870 INVOCATION_ID=28d249aeac8246dc8ce3c3391f8dec43 JOURNAL_STREAM=9:35328
gdm           -  0.0    -      -     - -        Ssl  22:04   0:00 -
gdm           -  0.0    -      -     - -        Ssl  22:04   0:00 -
gdm           -  0.0    -      -     - -        Ssl  22:04   0:00 -
root       1558  0.0  0.2 297080  5872 ?        -    22:04   0:00 /usr/lib/x86_64-linux-gnu/boltd LANG=zh_CN.UTF-8 LANGUAGE=zh_CN:zh PATH=/usr/local/sbin:/usr/local/bin:/usr/sbin:/usr/bin:/sbin:/bin INVOCATION_ID=9c1f7c6bfaef4f0fb855d555df8ace6f JOURNAL_STREAM=9:37927
root          -  0.0    -      -     - -        Ssl  22:04   0:00 -
root          -  0.0    -      -     - -        Ssl  22:04   0:00 -
root          -  0.0    -      -     - -        Ssl  22:04   0:00 -
root       1562  0.1  0.7 448808 14304 ?        -    22:04   0:07 /usr/lib/packagekit/packagekitd LANG=zh_CN.UTF-8 LANGUAGE=zh_CN:zh PATH=/usr/local/sbin:/usr/local/bin:/usr/sbin:/usr/bin:/sbin:/bin HOME=/root LOGNAME=root USER=root SHELL=/bin/sh INVOCATION_ID=cd53c2f5e6164b6ea6b266de91ff0d1c JOURNAL_STREAM=9:35613
root          -  0.0    -      -     - -        Ssl  22:04   0:00 -
root          -  0.0    -      -     - -        Ssl  22:04   0:00 -
root          -  0.0    -      -     - -        Ssl  22:04   0:00 -
gdm        1568  0.0  1.2 656248 24264 tty1     -    22:04   0:00 /usr/lib/gnome-settings-daemon/gsd-xsettings USER=gdm LANGUAGE=zh_CN:zh XDG_SEAT=seat0 XDG_SESSION_TYPE=wayland HOME=/var/lib/gdm3 DCONF_PROFILE=gdm GDM_VERSION=3.28.3 GNOME_SHELL_SESSION_MODE=gdm DBUS_SESSION_BUS_ADDRESS=unix:path=/run/user/121/bus LOGNAME=gdm XDG_SESSION_CLASS=greeter USERNAME=gdm XDG_SESSION_ID=c1 GVFS_REMOTE_VOLUME_MONITOR_IGNORE=1 PATH=/usr/local/sbin:/usr/local/bin:/usr/sbin:/usr/bin:/sbin:/bin XDG_RUNTIME_DIR=/run/user/121 LANG=zh_CN.UTF-8 XDG_CURRENT_DESKTOP=GNOME-Greeter:GNOME GVFS_DISABLE_FUSE=1 SHELL=/bin/false XDG_VTNR=1 RUNNING_UNDER_GDM=true PWD=/var/lib/gdm3 GDM_SEAT_ID=seat0 XDG_DATA_DIRS=/usr/share/gdm/greeter:/usr/local/share/:/usr/share/ GIO_USE_VFS=local QT_IM_MODULE=ibus XMODIFIERS=@im=ibus GNOME_DESKTOP_SESSION_ID=this-is-deprecated XDG_MENU_PREFIX=gnome- SESSION_MANAGER=local/skwang-virtual-machine:@/tmp/.ICE-unix/940,unix/skwang-virtual-machine:/tmp/.ICE-unix/940 DISPLAY=:1024 WAYLAND_DISPLAY=wayland-0 DESKTOP_AUTOSTART_ID=108846c693275468c5158808267430223800000009400017 GIO_LAUNCHED_DESKTOP_FILE=/etc/xdg/autostart/org.gnome.SettingsDaemon.XSettings.desktop GIO_LAUNCHED_DESKTOP_FILE_PID=1568
gdm           -  0.0    -      -     - -        Sl+  22:04   0:00 -
gdm           -  0.0    -      -     - -        Sl+  22:04   0:00 -
gdm           -  0.0    -      -     - -        Sl+  22:04   0:00 -
gdm           -  0.0    -      -     - -        Sl+  22:04   0:00 -
gdm        1570  0.0  0.2 278400  4988 tty1     -    22:04   0:00 /usr/lib/gnome-settings-daemon/gsd-a11y-settings USER=gdm LANGUAGE=zh_CN:zh XDG_SEAT=seat0 XDG_SESSION_TYPE=wayland HOME=/var/lib/gdm3 DCONF_PROFILE=gdm GDM_VERSION=3.28.3 GNOME_SHELL_SESSION_MODE=gdm DBUS_SESSION_BUS_ADDRESS=unix:path=/run/user/121/bus LOGNAME=gdm XDG_SESSION_CLASS=greeter USERNAME=gdm XDG_SESSION_ID=c1 GVFS_REMOTE_VOLUME_MONITOR_IGNORE=1 PATH=/usr/local/sbin:/usr/local/bin:/usr/sbin:/usr/bin:/sbin:/bin XDG_RUNTIME_DIR=/run/user/121 LANG=zh_CN.UTF-8 XDG_CURRENT_DESKTOP=GNOME-Greeter:GNOME GVFS_DISABLE_FUSE=1 SHELL=/bin/false XDG_VTNR=1 RUNNING_UNDER_GDM=true PWD=/var/lib/gdm3 GDM_SEAT_ID=seat0 XDG_DATA_DIRS=/usr/share/gdm/greeter:/usr/local/share/:/usr/share/ GIO_USE_VFS=local QT_IM_MODULE=ibus XMODIFIERS=@im=ibus GNOME_DESKTOP_SESSION_ID=this-is-deprecated XDG_MENU_PREFIX=gnome- SESSION_MANAGER=local/skwang-virtual-machine:@/tmp/.ICE-unix/940,unix/skwang-virtual-machine:/tmp/.ICE-unix/940 DISPLAY=:1024 WAYLAND_DISPLAY=wayland-0 DESKTOP_AUTOSTART_ID=108846c693275468c5158808267429711600000009400001 GIO_LAUNCHED_DESKTOP_FILE=/etc/xdg/autostart/org.gnome.SettingsDaemon.A11ySettings.desktop GIO_LAUNCHED_DESKTOP_FILE_PID=1570
gdm           -  0.0    -      -     - -        Sl+  22:04   0:00 -
gdm           -  0.0    -      -     - -        Sl+  22:04   0:00 -
gdm           -  0.0    -      -     - -        Sl+  22:04   0:00 -
gdm           -  0.0    -      -     - -        Sl+  22:04   0:00 -
gdm        1572  0.0  1.2 505128 25224 tty1     -    22:04   0:00 /usr/lib/gnome-settings-daemon/gsd-clipboard USER=gdm LANGUAGE=zh_CN:zh XDG_SEAT=seat0 XDG_SESSION_TYPE=wayland HOME=/var/lib/gdm3 DCONF_PROFILE=gdm GDM_VERSION=3.28.3 GNOME_SHELL_SESSION_MODE=gdm DBUS_SESSION_BUS_ADDRESS=unix:path=/run/user/121/bus LOGNAME=gdm XDG_SESSION_CLASS=greeter USERNAME=gdm XDG_SESSION_ID=c1 GVFS_REMOTE_VOLUME_MONITOR_IGNORE=1 PATH=/usr/local/sbin:/usr/local/bin:/usr/sbin:/usr/bin:/sbin:/bin XDG_RUNTIME_DIR=/run/user/121 LANG=zh_CN.UTF-8 XDG_CURRENT_DESKTOP=GNOME-Greeter:GNOME GVFS_DISABLE_FUSE=1 SHELL=/bin/false XDG_VTNR=1 RUNNING_UNDER_GDM=true PWD=/var/lib/gdm3 GDM_SEAT_ID=seat0 XDG_DATA_DIRS=/usr/share/gdm/greeter:/usr/local/share/:/usr/share/ GIO_USE_VFS=local QT_IM_MODULE=ibus XMODIFIERS=@im=ibus GNOME_DESKTOP_SESSION_ID=this-is-deprecated XDG_MENU_PREFIX=gnome- SESSION_MANAGER=local/skwang-virtual-machine:@/tmp/.ICE-unix/940,unix/skwang-virtual-machine:/tmp/.ICE-unix/940 DISPLAY=:1024 WAYLAND_DISPLAY=wayland-0 DESKTOP_AUTOSTART_ID=108846c693275468c5158808267429752500000009400002 GIO_LAUNCHED_DESKTOP_FILE=/etc/xdg/autostart/org.gnome.SettingsDaemon.Clipboard.desktop GIO_LAUNCHED_DESKTOP_FILE_PID=1572
gdm           -  0.0    -      -     - -        Sl+  22:04   0:00 -
gdm           -  0.0    -      -     - -        Sl+  22:04   0:00 -
gdm           -  0.0    -      -     - -        Sl+  22:04   0:00 -
gdm        1574  0.0  1.3 820300 27816 tty1     -    22:04   0:00 /usr/lib/gnome-settings-daemon/gsd-color USER=gdm LANGUAGE=zh_CN:zh XDG_SEAT=seat0 XDG_SESSION_TYPE=wayland HOME=/var/lib/gdm3 DCONF_PROFILE=gdm GDM_VERSION=3.28.3 GNOME_SHELL_SESSION_MODE=gdm DBUS_SESSION_BUS_ADDRESS=unix:path=/run/user/121/bus LOGNAME=gdm XDG_SESSION_CLASS=greeter USERNAME=gdm XDG_SESSION_ID=c1 GVFS_REMOTE_VOLUME_MONITOR_IGNORE=1 PATH=/usr/local/sbin:/usr/local/bin:/usr/sbin:/usr/bin:/sbin:/bin XDG_RUNTIME_DIR=/run/user/121 LANG=zh_CN.UTF-8 XDG_CURRENT_DESKTOP=GNOME-Greeter:GNOME GVFS_DISABLE_FUSE=1 SHELL=/bin/false XDG_VTNR=1 RUNNING_UNDER_GDM=true PWD=/var/lib/gdm3 GDM_SEAT_ID=seat0 XDG_DATA_DIRS=/usr/share/gdm/greeter:/usr/local/share/:/usr/share/ GIO_USE_VFS=local QT_IM_MODULE=ibus XMODIFIERS=@im=ibus GNOME_DESKTOP_SESSION_ID=this-is-deprecated XDG_MENU_PREFIX=gnome- SESSION_MANAGER=local/skwang-virtual-machine:@/tmp/.ICE-unix/940,unix/skwang-virtual-machine:/tmp/.ICE-unix/940 DISPLAY=:1024 WAYLAND_DISPLAY=wayland-0 DESKTOP_AUTOSTART_ID=108846c693275468c5158808267429780800000009400003 GIO_LAUNCHED_DESKTOP_FILE=/etc/xdg/autostart/org.gnome.SettingsDaemon.Color.desktop GIO_LAUNCHED_DESKTOP_FILE_PID=1574
gdm           -  0.0    -      -     - -        Sl+  22:04   0:00 -
gdm           -  0.0    -      -     - -        Sl+  22:04   0:00 -
gdm           -  0.0    -      -     - -        Sl+  22:04   0:00 -
gdm           -  0.0    -      -     - -        Sl+  22:04   0:00 -
gdm        1576  0.0  0.5 393864 10896 tty1     -    22:04   0:00 /usr/lib/gnome-settings-daemon/gsd-datetime USER=gdm LANGUAGE=zh_CN:zh XDG_SEAT=seat0 XDG_SESSION_TYPE=wayland HOME=/var/lib/gdm3 DCONF_PROFILE=gdm GDM_VERSION=3.28.3 GNOME_SHELL_SESSION_MODE=gdm DBUS_SESSION_BUS_ADDRESS=unix:path=/run/user/121/bus LOGNAME=gdm XDG_SESSION_CLASS=greeter USERNAME=gdm XDG_SESSION_ID=c1 GVFS_REMOTE_VOLUME_MONITOR_IGNORE=1 PATH=/usr/local/sbin:/usr/local/bin:/usr/sbin:/usr/bin:/sbin:/bin XDG_RUNTIME_DIR=/run/user/121 LANG=zh_CN.UTF-8 XDG_CURRENT_DESKTOP=GNOME-Greeter:GNOME GVFS_DISABLE_FUSE=1 SHELL=/bin/false XDG_VTNR=1 RUNNING_UNDER_GDM=true PWD=/var/lib/gdm3 GDM_SEAT_ID=seat0 XDG_DATA_DIRS=/usr/share/gdm/greeter:/usr/local/share/:/usr/share/ GIO_USE_VFS=local QT_IM_MODULE=ibus XMODIFIERS=@im=ibus GNOME_DESKTOP_SESSION_ID=this-is-deprecated XDG_MENU_PREFIX=gnome- SESSION_MANAGER=local/skwang-virtual-machine:@/tmp/.ICE-unix/940,unix/skwang-virtual-machine:/tmp/.ICE-unix/940 DISPLAY=:1024 WAYLAND_DISPLAY=wayland-0 DESKTOP_AUTOSTART_ID=108846c693275468c5158808267429803400000009400004 GIO_LAUNCHED_DESKTOP_FILE=/etc/xdg/autostart/org.gnome.SettingsDaemon.Datetime.desktop GIO_LAUNCHED_DESKTOP_FILE_PID=1576
gdm           -  0.0    -      -     - -        Sl+  22:04   0:00 -
gdm           -  0.0    -      -     - -        Sl+  22:04   0:00 -
gdm           -  0.0    -      -     - -        Sl+  22:04   0:00 -
gdm        1578  0.0  0.2 283884  5180 tty1     -    22:04   0:00 /usr/lib/gnome-settings-daemon/gsd-housekeeping USER=gdm LANGUAGE=zh_CN:zh XDG_SEAT=seat0 XDG_SESSION_TYPE=wayland HOME=/var/lib/gdm3 DCONF_PROFILE=gdm GDM_VERSION=3.28.3 GNOME_SHELL_SESSION_MODE=gdm DBUS_SESSION_BUS_ADDRESS=unix:path=/run/user/121/bus LOGNAME=gdm XDG_SESSION_CLASS=greeter USERNAME=gdm XDG_SESSION_ID=c1 GVFS_REMOTE_VOLUME_MONITOR_IGNORE=1 PATH=/usr/local/sbin:/usr/local/bin:/usr/sbin:/usr/bin:/sbin:/bin XDG_RUNTIME_DIR=/run/user/121 LANG=zh_CN.UTF-8 XDG_CURRENT_DESKTOP=GNOME-Greeter:GNOME GVFS_DISABLE_FUSE=1 SHELL=/bin/false XDG_VTNR=1 RUNNING_UNDER_GDM=true PWD=/var/lib/gdm3 GDM_SEAT_ID=seat0 XDG_DATA_DIRS=/usr/share/gdm/greeter:/usr/local/share/:/usr/share/ GIO_USE_VFS=local QT_IM_MODULE=ibus XMODIFIERS=@im=ibus GNOME_DESKTOP_SESSION_ID=this-is-deprecated XDG_MENU_PREFIX=gnome- SESSION_MANAGER=local/skwang-virtual-machine:@/tmp/.ICE-unix/940,unix/skwang-virtual-machine:/tmp/.ICE-unix/940 DISPLAY=:1024 WAYLAND_DISPLAY=wayland-0 DESKTOP_AUTOSTART_ID=108846c693275468c5158808267429825700000009400005 GIO_LAUNCHED_DESKTOP_FILE=/etc/xdg/autostart/org.gnome.SettingsDaemon.Housekeeping.desktop GIO_LAUNCHED_DESKTOP_FILE_PID=1578
gdm           -  0.0    -      -     - -        Sl+  22:04   0:00 -
gdm           -  0.0    -      -     - -        Sl+  22:04   0:00 -
gdm           -  0.0    -      -     - -        Sl+  22:04   0:00 -
gdm        1579  0.0  1.3 668016 27888 tty1     -    22:04   0:00 /usr/lib/gnome-settings-daemon/gsd-keyboard USER=gdm LANGUAGE=zh_CN:zh XDG_SEAT=seat0 XDG_SESSION_TYPE=wayland HOME=/var/lib/gdm3 DCONF_PROFILE=gdm GDM_VERSION=3.28.3 GNOME_SHELL_SESSION_MODE=gdm DBUS_SESSION_BUS_ADDRESS=unix:path=/run/user/121/bus LOGNAME=gdm XDG_SESSION_CLASS=greeter USERNAME=gdm XDG_SESSION_ID=c1 GVFS_REMOTE_VOLUME_MONITOR_IGNORE=1 PATH=/usr/local/sbin:/usr/local/bin:/usr/sbin:/usr/bin:/sbin:/bin XDG_RUNTIME_DIR=/run/user/121 LANG=zh_CN.UTF-8 XDG_CURRENT_DESKTOP=GNOME-Greeter:GNOME GVFS_DISABLE_FUSE=1 SHELL=/bin/false XDG_VTNR=1 RUNNING_UNDER_GDM=true PWD=/var/lib/gdm3 GDM_SEAT_ID=seat0 XDG_DATA_DIRS=/usr/share/gdm/greeter:/usr/local/share/:/usr/share/ GIO_USE_VFS=local QT_IM_MODULE=ibus XMODIFIERS=@im=ibus GNOME_DESKTOP_SESSION_ID=this-is-deprecated XDG_MENU_PREFIX=gnome- SESSION_MANAGER=local/skwang-virtual-machine:@/tmp/.ICE-unix/940,unix/skwang-virtual-machine:/tmp/.ICE-unix/940 DISPLAY=:1024 WAYLAND_DISPLAY=wayland-0 DESKTOP_AUTOSTART_ID=108846c693275468c5158808267429851500000009400006 GIO_LAUNCHED_DESKTOP_FILE=/etc/xdg/autostart/org.gnome.SettingsDaemon.Keyboard.desktop GIO_LAUNCHED_DESKTOP_FILE_PID=1579
gdm           -  0.0    -      -     - -        Sl+  22:04   0:00 -
gdm           -  0.0    -      -     - -        Sl+  22:04   0:00 -
gdm           -  0.0    -      -     - -        Sl+  22:04   0:00 -
gdm           -  0.0    -      -     - -        Sl+  22:04   0:00 -
gdm        1583  0.0  1.4 1241196 29184 tty1    -    22:04   0:00 /usr/lib/gnome-settings-daemon/gsd-media-keys USER=gdm LANGUAGE=zh_CN:zh XDG_SEAT=seat0 XDG_SESSION_TYPE=wayland HOME=/var/lib/gdm3 DCONF_PROFILE=gdm GDM_VERSION=3.28.3 GNOME_SHELL_SESSION_MODE=gdm DBUS_SESSION_BUS_ADDRESS=unix:path=/run/user/121/bus LOGNAME=gdm XDG_SESSION_CLASS=greeter USERNAME=gdm XDG_SESSION_ID=c1 GVFS_REMOTE_VOLUME_MONITOR_IGNORE=1 PATH=/usr/local/sbin:/usr/local/bin:/usr/sbin:/usr/bin:/sbin:/bin XDG_RUNTIME_DIR=/run/user/121 LANG=zh_CN.UTF-8 XDG_CURRENT_DESKTOP=GNOME-Greeter:GNOME GVFS_DISABLE_FUSE=1 SHELL=/bin/false XDG_VTNR=1 RUNNING_UNDER_GDM=true PWD=/var/lib/gdm3 GDM_SEAT_ID=seat0 XDG_DATA_DIRS=/usr/share/gdm/greeter:/usr/local/share/:/usr/share/ GIO_USE_VFS=local QT_IM_MODULE=ibus XMODIFIERS=@im=ibus GNOME_DESKTOP_SESSION_ID=this-is-deprecated XDG_MENU_PREFIX=gnome- SESSION_MANAGER=local/skwang-virtual-machine:@/tmp/.ICE-unix/940,unix/skwang-virtual-machine:/tmp/.ICE-unix/940 DISPLAY=:1024 WAYLAND_DISPLAY=wayland-0 DESKTOP_AUTOSTART_ID=108846c693275468c5158808267429875100000009400007 GIO_LAUNCHED_DESKTOP_FILE=/etc/xdg/autostart/org.gnome.SettingsDaemon.MediaKeys.desktop GIO_LAUNCHED_DESKTOP_FILE_PID=1583
gdm           -  0.0    -      -     - -        Sl+  22:04   0:00 -
gdm           -  0.0    -      -     - -        Sl+  22:04   0:00 -
gdm           -  0.0    -      -     - -        Sl+  22:04   0:00 -
gdm           -  0.0    -      -     - -        Sl+  22:04   0:00 -
gdm        1584  0.0  0.2 202144  4020 tty1     -    22:04   0:00 /usr/lib/gnome-settings-daemon/gsd-mouse USER=gdm LANGUAGE=zh_CN:zh XDG_SEAT=seat0 XDG_SESSION_TYPE=wayland HOME=/var/lib/gdm3 DCONF_PROFILE=gdm GDM_VERSION=3.28.3 GNOME_SHELL_SESSION_MODE=gdm DBUS_SESSION_BUS_ADDRESS=unix:path=/run/user/121/bus LOGNAME=gdm XDG_SESSION_CLASS=greeter USERNAME=gdm XDG_SESSION_ID=c1 GVFS_REMOTE_VOLUME_MONITOR_IGNORE=1 PATH=/usr/local/sbin:/usr/local/bin:/usr/sbin:/usr/bin:/sbin:/bin XDG_RUNTIME_DIR=/run/user/121 LANG=zh_CN.UTF-8 XDG_CURRENT_DESKTOP=GNOME-Greeter:GNOME GVFS_DISABLE_FUSE=1 SHELL=/bin/false XDG_VTNR=1 RUNNING_UNDER_GDM=true PWD=/var/lib/gdm3 GDM_SEAT_ID=seat0 XDG_DATA_DIRS=/usr/share/gdm/greeter:/usr/local/share/:/usr/share/ GIO_USE_VFS=local QT_IM_MODULE=ibus XMODIFIERS=@im=ibus GNOME_DESKTOP_SESSION_ID=this-is-deprecated XDG_MENU_PREFIX=gnome- SESSION_MANAGER=local/skwang-virtual-machine:@/tmp/.ICE-unix/940,unix/skwang-virtual-machine:/tmp/.ICE-unix/940 DISPLAY=:1024 WAYLAND_DISPLAY=wayland-0 DESKTOP_AUTOSTART_ID=108846c693275468c5158808267429899400000009400008 GIO_LAUNCHED_DESKTOP_FILE=/etc/xdg/autostart/org.gnome.SettingsDaemon.Mouse.desktop GIO_LAUNCHED_DESKTOP_FILE_PID=1584
gdm           -  0.0    -      -     - -        Sl+  22:04   0:00 -
gdm           -  0.0    -      -     - -        Sl+  22:04   0:00 -
gdm           -  0.0    -      -     - -        Sl+  22:04   0:00 -
gdm        1587  0.0  1.4 678752 29004 tty1     -    22:04   0:00 /usr/lib/gnome-settings-daemon/gsd-power USER=gdm LANGUAGE=zh_CN:zh XDG_SEAT=seat0 XDG_SESSION_TYPE=wayland HOME=/var/lib/gdm3 DCONF_PROFILE=gdm GDM_VERSION=3.28.3 GNOME_SHELL_SESSION_MODE=gdm DBUS_SESSION_BUS_ADDRESS=unix:path=/run/user/121/bus LOGNAME=gdm XDG_SESSION_CLASS=greeter USERNAME=gdm XDG_SESSION_ID=c1 GVFS_REMOTE_VOLUME_MONITOR_IGNORE=1 PATH=/usr/local/sbin:/usr/local/bin:/usr/sbin:/usr/bin:/sbin:/bin XDG_RUNTIME_DIR=/run/user/121 LANG=zh_CN.UTF-8 XDG_CURRENT_DESKTOP=GNOME-Greeter:GNOME GVFS_DISABLE_FUSE=1 SHELL=/bin/false XDG_VTNR=1 RUNNING_UNDER_GDM=true PWD=/var/lib/gdm3 GDM_SEAT_ID=seat0 XDG_DATA_DIRS=/usr/share/gdm/greeter:/usr/local/share/:/usr/share/ GIO_USE_VFS=local QT_IM_MODULE=ibus XMODIFIERS=@im=ibus GNOME_DESKTOP_SESSION_ID=this-is-deprecated XDG_MENU_PREFIX=gnome- SESSION_MANAGER=local/skwang-virtual-machine:@/tmp/.ICE-unix/940,unix/skwang-virtual-machine:/tmp/.ICE-unix/940 DISPLAY=:1024 WAYLAND_DISPLAY=wayland-0 DESKTOP_AUTOSTART_ID=108846c693275468c5158808267429932600000009400009 GIO_LAUNCHED_DESKTOP_FILE=/etc/xdg/autostart/org.gnome.SettingsDaemon.Power.desktop GIO_LAUNCHED_DESKTOP_FILE_PID=1587
gdm           -  0.0    -      -     - -        Sl+  22:04   0:00 -
gdm           -  0.0    -      -     - -        Sl+  22:04   0:00 -
gdm           -  0.0    -      -     - -        Sl+  22:04   0:00 -
gdm           -  0.0    -      -     - -        Sl+  22:04   0:00 -
gdm        1590  0.0  0.3 267160  7160 tty1     -    22:04   0:00 /usr/lib/gnome-settings-daemon/gsd-print-notifications USER=gdm LANGUAGE=zh_CN:zh XDG_SEAT=seat0 XDG_SESSION_TYPE=wayland HOME=/var/lib/gdm3 DCONF_PROFILE=gdm GDM_VERSION=3.28.3 GNOME_SHELL_SESSION_MODE=gdm DBUS_SESSION_BUS_ADDRESS=unix:path=/run/user/121/bus LOGNAME=gdm XDG_SESSION_CLASS=greeter USERNAME=gdm XDG_SESSION_ID=c1 GVFS_REMOTE_VOLUME_MONITOR_IGNORE=1 PATH=/usr/local/sbin:/usr/local/bin:/usr/sbin:/usr/bin:/sbin:/bin XDG_RUNTIME_DIR=/run/user/121 LANG=zh_CN.UTF-8 XDG_CURRENT_DESKTOP=GNOME-Greeter:GNOME GVFS_DISABLE_FUSE=1 SHELL=/bin/false XDG_VTNR=1 RUNNING_UNDER_GDM=true PWD=/var/lib/gdm3 GDM_SEAT_ID=seat0 XDG_DATA_DIRS=/usr/share/gdm/greeter:/usr/local/share/:/usr/share/ GIO_USE_VFS=local QT_IM_MODULE=ibus XMODIFIERS=@im=ibus GNOME_DESKTOP_SESSION_ID=this-is-deprecated XDG_MENU_PREFIX=gnome- SESSION_MANAGER=local/skwang-virtual-machine:@/tmp/.ICE-unix/940,unix/skwang-virtual-machine:/tmp/.ICE-unix/940 DISPLAY=:1024 WAYLAND_DISPLAY=wayland-0 DESKTOP_AUTOSTART_ID=108846c693275468c5158808267429959000000009400010 GIO_LAUNCHED_DESKTOP_FILE=/etc/xdg/autostart/org.gnome.SettingsDaemon.PrintNotifications.desktop GIO_LAUNCHED_DESKTOP_FILE_PID=1590
gdm           -  0.0    -      -     - -        Sl+  22:04   0:00 -
gdm           -  0.0    -      -     - -        Sl+  22:04   0:00 -
gdm           -  0.0    -      -     - -        Sl+  22:04   0:00 -
gdm        1591  0.0  0.1 202164  4000 tty1     -    22:04   0:00 /usr/lib/gnome-settings-daemon/gsd-rfkill USER=gdm LANGUAGE=zh_CN:zh XDG_SEAT=seat0 XDG_SESSION_TYPE=wayland HOME=/var/lib/gdm3 DCONF_PROFILE=gdm GDM_VERSION=3.28.3 GNOME_SHELL_SESSION_MODE=gdm DBUS_SESSION_BUS_ADDRESS=unix:path=/run/user/121/bus LOGNAME=gdm XDG_SESSION_CLASS=greeter USERNAME=gdm XDG_SESSION_ID=c1 GVFS_REMOTE_VOLUME_MONITOR_IGNORE=1 PATH=/usr/local/sbin:/usr/local/bin:/usr/sbin:/usr/bin:/sbin:/bin XDG_RUNTIME_DIR=/run/user/121 LANG=zh_CN.UTF-8 XDG_CURRENT_DESKTOP=GNOME-Greeter:GNOME GVFS_DISABLE_FUSE=1 SHELL=/bin/false XDG_VTNR=1 RUNNING_UNDER_GDM=true PWD=/var/lib/gdm3 GDM_SEAT_ID=seat0 XDG_DATA_DIRS=/usr/share/gdm/greeter:/usr/local/share/:/usr/share/ GIO_USE_VFS=local QT_IM_MODULE=ibus XMODIFIERS=@im=ibus GNOME_DESKTOP_SESSION_ID=this-is-deprecated XDG_MENU_PREFIX=gnome- SESSION_MANAGER=local/skwang-virtual-machine:@/tmp/.ICE-unix/940,unix/skwang-virtual-machine:/tmp/.ICE-unix/940 DISPLAY=:1024 WAYLAND_DISPLAY=wayland-0 DESKTOP_AUTOSTART_ID=108846c693275468c5158808267429991800000009400011 GIO_LAUNCHED_DESKTOP_FILE=/etc/xdg/autostart/org.gnome.SettingsDaemon.Rfkill.desktop GIO_LAUNCHED_DESKTOP_FILE_PID=1591
gdm           -  0.0    -      -     - -        Sl+  22:04   0:00 -
gdm           -  0.0    -      -     - -        Sl+  22:04   0:00 -
gdm           -  0.0    -      -     - -        Sl+  22:04   0:00 -
gdm        1592  0.0  0.2 275880  4296 tty1     -    22:04   0:00 /usr/lib/gnome-settings-daemon/gsd-screensaver-proxy USER=gdm LANGUAGE=zh_CN:zh XDG_SEAT=seat0 XDG_SESSION_TYPE=wayland HOME=/var/lib/gdm3 DCONF_PROFILE=gdm GDM_VERSION=3.28.3 GNOME_SHELL_SESSION_MODE=gdm DBUS_SESSION_BUS_ADDRESS=unix:path=/run/user/121/bus LOGNAME=gdm XDG_SESSION_CLASS=greeter USERNAME=gdm XDG_SESSION_ID=c1 GVFS_REMOTE_VOLUME_MONITOR_IGNORE=1 PATH=/usr/local/sbin:/usr/local/bin:/usr/sbin:/usr/bin:/sbin:/bin XDG_RUNTIME_DIR=/run/user/121 LANG=zh_CN.UTF-8 XDG_CURRENT_DESKTOP=GNOME-Greeter:GNOME GVFS_DISABLE_FUSE=1 SHELL=/bin/false XDG_VTNR=1 RUNNING_UNDER_GDM=true PWD=/var/lib/gdm3 GDM_SEAT_ID=seat0 XDG_DATA_DIRS=/usr/share/gdm/greeter:/usr/local/share/:/usr/share/ GIO_USE_VFS=local QT_IM_MODULE=ibus XMODIFIERS=@im=ibus GNOME_DESKTOP_SESSION_ID=this-is-deprecated XDG_MENU_PREFIX=gnome- SESSION_MANAGER=local/skwang-virtual-machine:@/tmp/.ICE-unix/940,unix/skwang-virtual-machine:/tmp/.ICE-unix/940 DISPLAY=:1024 WAYLAND_DISPLAY=wayland-0 DESKTOP_AUTOSTART_ID=108846c693275468c5158808267430019700000009400012 GIO_LAUNCHED_DESKTOP_FILE=/etc/xdg/autostart/org.gnome.SettingsDaemon.ScreensaverProxy.desktop GIO_LAUNCHED_DESKTOP_FILE_PID=1592
gdm           -  0.0    -      -     - -        Sl+  22:04   0:00 -
gdm           -  0.0    -      -     - -        Sl+  22:04   0:00 -
gdm           -  0.0    -      -     - -        Sl+  22:04   0:00 -
gdm        1595  0.0  0.3 305356  6616 tty1     -    22:04   0:00 /usr/lib/gnome-settings-daemon/gsd-sharing USER=gdm LANGUAGE=zh_CN:zh XDG_SEAT=seat0 XDG_SESSION_TYPE=wayland HOME=/var/lib/gdm3 DCONF_PROFILE=gdm GDM_VERSION=3.28.3 GNOME_SHELL_SESSION_MODE=gdm DBUS_SESSION_BUS_ADDRESS=unix:path=/run/user/121/bus LOGNAME=gdm XDG_SESSION_CLASS=greeter USERNAME=gdm XDG_SESSION_ID=c1 GVFS_REMOTE_VOLUME_MONITOR_IGNORE=1 PATH=/usr/local/sbin:/usr/local/bin:/usr/sbin:/usr/bin:/sbin:/bin XDG_RUNTIME_DIR=/run/user/121 LANG=zh_CN.UTF-8 XDG_CURRENT_DESKTOP=GNOME-Greeter:GNOME GVFS_DISABLE_FUSE=1 SHELL=/bin/false XDG_VTNR=1 RUNNING_UNDER_GDM=true PWD=/var/lib/gdm3 GDM_SEAT_ID=seat0 XDG_DATA_DIRS=/usr/share/gdm/greeter:/usr/local/share/:/usr/share/ GIO_USE_VFS=local QT_IM_MODULE=ibus XMODIFIERS=@im=ibus GNOME_DESKTOP_SESSION_ID=this-is-deprecated XDG_MENU_PREFIX=gnome- SESSION_MANAGER=local/skwang-virtual-machine:@/tmp/.ICE-unix/940,unix/skwang-virtual-machine:/tmp/.ICE-unix/940 DISPLAY=:1024 WAYLAND_DISPLAY=wayland-0 DESKTOP_AUTOSTART_ID=108846c693275468c5158808267430052400000009400013 GIO_LAUNCHED_DESKTOP_FILE=/etc/xdg/autostart/org.gnome.SettingsDaemon.Sharing.desktop GIO_LAUNCHED_DESKTOP_FILE_PID=1595
gdm           -  0.0    -      -     - -        Sl+  22:04   0:00 -
gdm           -  0.0    -      -     - -        Sl+  22:04   0:00 -
gdm           -  0.0    -      -     - -        Sl+  22:04   0:00 -
gdm           -  0.0    -      -     - -        Sl+  22:04   0:00 -
gdm        1600  0.0  0.2 378176  5636 tty1     -    22:04   0:00 /usr/lib/gnome-settings-daemon/gsd-smartcard USER=gdm LANGUAGE=zh_CN:zh XDG_SEAT=seat0 XDG_SESSION_TYPE=wayland HOME=/var/lib/gdm3 DCONF_PROFILE=gdm GDM_VERSION=3.28.3 GNOME_SHELL_SESSION_MODE=gdm DBUS_SESSION_BUS_ADDRESS=unix:path=/run/user/121/bus LOGNAME=gdm XDG_SESSION_CLASS=greeter USERNAME=gdm XDG_SESSION_ID=c1 GVFS_REMOTE_VOLUME_MONITOR_IGNORE=1 PATH=/usr/local/sbin:/usr/local/bin:/usr/sbin:/usr/bin:/sbin:/bin XDG_RUNTIME_DIR=/run/user/121 LANG=zh_CN.UTF-8 XDG_CURRENT_DESKTOP=GNOME-Greeter:GNOME GVFS_DISABLE_FUSE=1 SHELL=/bin/false XDG_VTNR=1 RUNNING_UNDER_GDM=true PWD=/var/lib/gdm3 GDM_SEAT_ID=seat0 XDG_DATA_DIRS=/usr/share/gdm/greeter:/usr/local/share/:/usr/share/ GIO_USE_VFS=local QT_IM_MODULE=ibus XMODIFIERS=@im=ibus GNOME_DESKTOP_SESSION_ID=this-is-deprecated XDG_MENU_PREFIX=gnome- SESSION_MANAGER=local/skwang-virtual-machine:@/tmp/.ICE-unix/940,unix/skwang-virtual-machine:/tmp/.ICE-unix/940 DISPLAY=:1024 WAYLAND_DISPLAY=wayland-0 DESKTOP_AUTOSTART_ID=108846c693275468c5158808267430085800000009400014 GIO_LAUNCHED_DESKTOP_FILE=/etc/xdg/autostart/org.gnome.SettingsDaemon.Smartcard.desktop GIO_LAUNCHED_DESKTOP_FILE_PID=1600
gdm           -  0.0    -      -     - -        Sl+  22:04   0:00 -
gdm           -  0.0    -      -     - -        Sl+  22:04   0:00 -
gdm           -  0.0    -      -     - -        Sl+  22:04   0:00 -
gdm           -  0.0    -      -     - -        Sl+  22:04   0:00 -
gdm           -  0.0    -      -     - -        Sl+  22:04   0:00 -
gdm        1602  0.0  0.3 333112  6324 tty1     -    22:04   0:00 /usr/lib/gnome-settings-daemon/gsd-sound USER=gdm LANGUAGE=zh_CN:zh XDG_SEAT=seat0 XDG_SESSION_TYPE=wayland HOME=/var/lib/gdm3 DCONF_PROFILE=gdm GDM_VERSION=3.28.3 GNOME_SHELL_SESSION_MODE=gdm DBUS_SESSION_BUS_ADDRESS=unix:path=/run/user/121/bus LOGNAME=gdm XDG_SESSION_CLASS=greeter USERNAME=gdm XDG_SESSION_ID=c1 GVFS_REMOTE_VOLUME_MONITOR_IGNORE=1 PATH=/usr/local/sbin:/usr/local/bin:/usr/sbin:/usr/bin:/sbin:/bin XDG_RUNTIME_DIR=/run/user/121 LANG=zh_CN.UTF-8 XDG_CURRENT_DESKTOP=GNOME-Greeter:GNOME GVFS_DISABLE_FUSE=1 SHELL=/bin/false XDG_VTNR=1 RUNNING_UNDER_GDM=true PWD=/var/lib/gdm3 GDM_SEAT_ID=seat0 XDG_DATA_DIRS=/usr/share/gdm/greeter:/usr/local/share/:/usr/share/ GIO_USE_VFS=local QT_IM_MODULE=ibus XMODIFIERS=@im=ibus GNOME_DESKTOP_SESSION_ID=this-is-deprecated XDG_MENU_PREFIX=gnome- SESSION_MANAGER=local/skwang-virtual-machine:@/tmp/.ICE-unix/940,unix/skwang-virtual-machine:/tmp/.ICE-unix/940 DISPLAY=:1024 WAYLAND_DISPLAY=wayland-0 DESKTOP_AUTOSTART_ID=108846c693275468c5158808267430120400000009400015 GIO_LAUNCHED_DESKTOP_FILE=/etc/xdg/autostart/org.gnome.SettingsDaemon.Sound.desktop GIO_LAUNCHED_DESKTOP_FILE_PID=1602
gdm           -  0.0    -      -     - -        Sl+  22:04   0:00 -
gdm           -  0.0    -      -     - -        Sl+  22:04   0:00 -
gdm           -  0.0    -      -     - -        Sl+  22:04   0:00 -
gdm           -  0.0    -      -     - -        Sl+  22:04   0:00 -
gdm        1606  0.0  1.4 590068 28252 tty1     -    22:04   0:00 /usr/lib/gnome-settings-daemon/gsd-wacom USER=gdm LANGUAGE=zh_CN:zh XDG_SEAT=seat0 XDG_SESSION_TYPE=wayland HOME=/var/lib/gdm3 DCONF_PROFILE=gdm GDM_VERSION=3.28.3 GNOME_SHELL_SESSION_MODE=gdm DBUS_SESSION_BUS_ADDRESS=unix:path=/run/user/121/bus LOGNAME=gdm XDG_SESSION_CLASS=greeter USERNAME=gdm XDG_SESSION_ID=c1 GVFS_REMOTE_VOLUME_MONITOR_IGNORE=1 PATH=/usr/local/sbin:/usr/local/bin:/usr/sbin:/usr/bin:/sbin:/bin XDG_RUNTIME_DIR=/run/user/121 LANG=zh_CN.UTF-8 XDG_CURRENT_DESKTOP=GNOME-Greeter:GNOME GVFS_DISABLE_FUSE=1 SHELL=/bin/false XDG_VTNR=1 RUNNING_UNDER_GDM=true PWD=/var/lib/gdm3 GDM_SEAT_ID=seat0 XDG_DATA_DIRS=/usr/share/gdm/greeter:/usr/local/share/:/usr/share/ GIO_USE_VFS=local QT_IM_MODULE=ibus XMODIFIERS=@im=ibus GNOME_DESKTOP_SESSION_ID=this-is-deprecated XDG_MENU_PREFIX=gnome- SESSION_MANAGER=local/skwang-virtual-machine:@/tmp/.ICE-unix/940,unix/skwang-virtual-machine:/tmp/.ICE-unix/940 DISPLAY=:1024 WAYLAND_DISPLAY=wayland-0 DESKTOP_AUTOSTART_ID=108846c693275468c5158808267430167700000009400016 GIO_LAUNCHED_DESKTOP_FILE=/etc/xdg/autostart/org.gnome.SettingsDaemon.Wacom.desktop GIO_LAUNCHED_DESKTOP_FILE_PID=1606
gdm           -  0.0    -      -     - -        Sl+  22:04   0:00 -
gdm           -  0.0    -      -     - -        Sl+  22:04   0:00 -
gdm           -  0.0    -      -     - -        Sl+  22:04   0:00 -
gdm        1618  0.0  0.2 205124  5736 tty1     -    22:04   0:00 /usr/lib/ibus/ibus-engine-simple USER=gdm LANGUAGE=zh_CN:zh XDG_SEAT=seat0 XDG_SESSION_TYPE=wayland HOME=/var/lib/gdm3 DCONF_PROFILE=gdm GDM_VERSION=3.28.3 GNOME_SHELL_SESSION_MODE=gdm DBUS_SESSION_BUS_ADDRESS=unix:path=/run/user/121/bus LOGNAME=gdm XDG_SESSION_CLASS=greeter USERNAME=gdm XDG_SESSION_ID=c1 GVFS_REMOTE_VOLUME_MONITOR_IGNORE=1 PATH=/usr/local/sbin:/usr/local/bin:/usr/sbin:/usr/bin:/sbin:/bin XDG_RUNTIME_DIR=/run/user/121 LANG=zh_CN.UTF-8 XDG_CURRENT_DESKTOP=GNOME-Greeter:GNOME GVFS_DISABLE_FUSE=1 SHELL=/bin/false XDG_VTNR=1 RUNNING_UNDER_GDM=true PWD=/var/lib/gdm3 GDM_SEAT_ID=seat0 XDG_DATA_DIRS=/usr/share/gdm/greeter:/usr/local/share/:/usr/share/ GIO_USE_VFS=local QT_IM_MODULE=ibus XMODIFIERS=@im=ibus GNOME_DESKTOP_SESSION_ID=this-is-deprecated XDG_MENU_PREFIX=gnome- SESSION_MANAGER=local/skwang-virtual-machine:@/tmp/.ICE-unix/940,unix/skwang-virtual-machine:/tmp/.ICE-unix/940 DESKTOP_AUTOSTART_ID=108846c693275468c5158808267429526000000009400000 GIO_LAUNCHED_DESKTOP_FILE=/usr/share/applications/org.gnome.Shell.desktop GIO_LAUNCHED_DESKTOP_FILE_PID=1044 DISPLAY=:1024 WAYLAND_DISPLAY=wayland-0 GJS_DEBUG_OUTPUT=stderr GJS_DEBUG_TOPICS=JS ERROR;JS LOG
gdm           -  0.0    -      -     - -        Sl   22:04   0:00 -
gdm           -  0.0    -      -     - -        Sl   22:04   0:00 -
gdm           -  0.0    -      -     - -        Sl   22:04   0:00 -
root       1670  0.0  0.3 267976  7080 ?        -    22:04   0:00 gdm-session-worker [pam/gdm-password] LANG=zh_CN.UTF-8 JOURNAL_STREAM=9:33120 LANGUAGE=zh_CN:zh GDM_SESSION_DBUS_ADDRESS=unix:abstract=/tmp/dbus-T589cYq5 PATH=/usr/local/sbin:/usr/local/bin:/usr/sbin:/usr/bin:/sbin:/bin INVOCATION_ID=83380155608841b0b264a2517a10cbb1
root          -  0.0    -      -     - -        Sl   22:04   0:00 -
root          -  0.0    -      -     - -        Sl   22:04   0:00 -
root          -  0.0    -      -     - -        Sl   22:04   0:00 -
skwang     1677  0.0  0.3  76948  6728 ?        -    22:04   0:00 /lib/systemd/systemd --user LANG=zh_CN.UTF-8 LANGUAGE=zh_CN:zh PATH=/usr/local/sbin:/usr/local/bin:/usr/sbin:/usr/bin:/sbin:/bin NOTIFY_SOCKET=/run/systemd/notify HOME=/home/skwang LOGNAME=skwang USER=skwang SHELL=/bin/bash INVOCATION_ID=1c66d6d5743b4b18b0e915343b052694 JOURNAL_STREAM=9:39144 XDG_RUNTIME_DIR=/run/user/1000
skwang        -  0.0    -      -     - -        Ss   22:04   0:00 -
skwang     1678  0.0  0.0 113948  1280 ?        -    22:04   0:00 (sd-pam) HOME=/ init=/sbin/init NETWORK_SKIP_ENSLAVED= recovery= TERM=linux drop_caps= BOOT_IMAGE=/boot/vmlinuz-5.3.0-46-generic PATH=/sbin:/usr/sbin:/bin:/usr/bin PWD=/ rootmnt=/root
skwang        -  0.0    -      -     - -        S    22:04   0:00 -
skwang     1691  0.0  0.2 288640  4696 ?        -    22:04   0:00 /usr/bin/gnome-keyring-daemon --daemonize --login XDG_SEAT=seat0 LOGNAME=skwang USER=skwang USERNAME=skwang HOME=/home/skwang PWD=/home/skwang SHELL=/bin/bash PATH=/usr/local/sbin:/usr/local/bin:/usr/sbin:/usr/bin:/sbin:/bin:/usr/games:/usr/local/games XDG_SESSION_TYPE=x11 XDG_VTNR=2 LANG=zh_CN.UTF-8 LANGUAGE=zh_CN:zh XDG_SESSION_ID=2 XDG_RUNTIME_DIR=/run/user/1000 DBUS_SESSION_BUS_ADDRESS=unix:path=/run/user/1000/bus
skwang        -  0.0    -      -     - -        Sl   22:04   0:00 -
skwang        -  0.0    -      -     - -        Sl   22:04   0:00 -
skwang        -  0.0    -      -     - -        Sl   22:04   0:00 -
skwang        -  0.0    -      -     - -        Sl   22:04   0:00 -
skwang     1695  0.0  0.2 212248  5744 tty2     -    22:04   0:00 /usr/lib/gdm3/gdm-x-session --run-script env GNOME_SHELL_SESSION_MODE=ubuntu gnome-session --session=ubuntu XDG_SEAT=seat0 LOGNAME=skwang USER=skwang USERNAME=skwang HOME=/home/skwang PWD=/home/skwang SHELL=/bin/bash PATH=/usr/local/sbin:/usr/local/bin:/usr/sbin:/usr/bin:/sbin:/bin:/usr/games:/usr/local/games XDG_SESSION_TYPE=x11 XDG_VTNR=2 LANG=zh_CN.UTF-8 LANGUAGE=zh_CN:zh XDG_SESSION_ID=2 XDG_RUNTIME_DIR=/run/user/1000 DBUS_SESSION_BUS_ADDRESS=unix:path=/run/user/1000/bus GDMSESSION=ubuntu XDG_SESSION_DESKTOP=ubuntu DESKTOP_SESSION=ubuntu XDG_CURRENT_DESKTOP=ubuntu:GNOME
skwang        -  0.0    -      -     - -        Ssl+ 22:04   0:00 -
skwang        -  0.0    -      -     - -        Ssl+ 22:04   0:00 -
skwang        -  0.0    -      -     - -        Ssl+ 22:04   0:00 -
skwang     1697  1.0  2.8 487432 57332 tty2     -    22:04   1:08 /usr/lib/xorg/Xorg vt2 -displayfd 3 -auth /run/user/1000/gdm/Xauthority -background none -noreset -keeptty -verbose 3 USER=skwang LANGUAGE=zh_CN:zh XDG_SEAT=seat0 XDG_SESSION_TYPE=x11 HOME=/home/skwang DESKTOP_SESSION=ubuntu XORG_RUN_AS_USER_OK=1 DBUS_SESSION_BUS_ADDRESS=unix:path=/run/user/1000/bus LOGNAME=skwang USERNAME=skwang XDG_SESSION_ID=2 PATH=/usr/local/sbin:/usr/local/bin:/usr/sbin:/usr/bin:/sbin:/bin:/usr/games:/usr/local/games XDG_RUNTIME_DIR=/run/user/1000 LANG=zh_CN.UTF-8 XDG_CURRENT_DESKTOP=ubuntu:GNOME XDG_SESSION_DESKTOP=ubuntu SHELL=/bin/bash GDMSESSION=ubuntu XDG_VTNR=2 PWD=/home/skwang
skwang        -  0.9    -      -     - -        Sl+  22:04   0:59 -
skwang        -  0.1    -      -     - -        Sl+  22:04   0:09 -
skwang     1704  0.0  0.2  51708  5620 ?        -    22:04   0:00 /usr/bin/dbus-daemon --session --address=systemd: --nofork --nopidfile --systemd-activation --syslog-only DBUS_SESSION_BUS_ADDRESS=unix:path=/run/user/1000/bus HOME=/home/skwang LANG=zh_CN.UTF-8 LANGUAGE=zh_CN:zh LOGNAME=skwang PATH=/usr/local/sbin:/usr/local/bin:/usr/sbin:/usr/bin:/sbin:/bin:/usr/games:/usr/local/games:/snap/bin SHELL=/bin/bash USER=skwang XDG_RUNTIME_DIR=/run/user/1000 MANAGERPID=1677 LISTEN_PID=1704 LISTEN_FDS=1 LISTEN_FDNAMES=dbus.socket INVOCATION_ID=05be9e23bb75423086f8041e0591c2b3 JOURNAL_STREAM=9:34751
skwang        -  0.0    -      -     - -        Ss   22:04   0:00 -
skwang     1707  0.0  0.6 642168 13352 tty2     -    22:04   0:00 /usr/lib/gnome-session/gnome-session-binary --session=ubuntu USER=skwang LANGUAGE=zh_CN:zh TEXTDOMAIN=im-config XDG_SEAT=seat0 XDG_SESSION_TYPE=x11 SSH_AGENT_PID=1802 SHLVL=0 QT4_IM_MODULE=xim HOME=/home/skwang DESKTOP_SESSION=ubuntu GTK_MODULES=gail:atk-bridge GNOME_SHELL_SESSION_MODE=ubuntu DBUS_SESSION_BUS_ADDRESS=unix:path=/run/user/1000/bus IM_CONFIG_PHASE=2 LOGNAME=skwang GTK_IM_MODULE=ibus USERNAME=skwang XDG_SESSION_ID=2 WINDOWPATH=2 PATH=/usr/local/sbin:/usr/local/bin:/usr/sbin:/usr/bin:/sbin:/bin:/usr/games:/usr/local/games:/snap/bin XDG_RUNTIME_DIR=/run/user/1000 DISPLAY=:0 LANG=zh_CN.UTF-8 XDG_CURRENT_DESKTOP=ubuntu:GNOME XDG_SESSION_DESKTOP=ubuntu XMODIFIERS=@im=ibus XAUTHORITY=/run/user/1000/gdm/Xauthority SSH_AUTH_SOCK=/tmp/ssh-eZEh1vWn80II/agent.1707 SHELL=/bin/bash QT_ACCESSIBILITY=1 GDMSESSION=ubuntu TEXTDOMAINDIR=/usr/share/locale/ GPG_AGENT_INFO=/run/user/1000/gnupg/S.gpg-agent:0:1 XDG_VTNR=2 QT_IM_MODULE=ibus PWD=/home/skwang CLUTTER_IM_MODULE=xim XDG_DATA_DIRS=/usr/share/ubuntu:/usr/local/share:/usr/share:/var/lib/snapd/desktop XDG_CONFIG_DIRS=/etc/xdg/xdg-ubuntu:/etc/xdg
skwang        -  0.0    -      -     - -        Sl+  22:04   0:00 -
skwang        -  0.0    -      -     - -        Sl+  22:04   0:00 -
skwang        -  0.0    -      -     - -        Sl+  22:04   0:00 -
skwang        -  0.0    -      -     - -        Sl+  22:04   0:00 -
skwang        -  0.0    -      -     - -        Sl+  23:53   0:00 -
skwang     1802  0.0  0.0  11300   320 ?        -    22:04   0:00 /usr/bin/ssh-agent /usr/bin/im-launch env GNOME_SHELL_SESSION_MODE=ubuntu gnome-session --session=ubuntu CLUTTER_IM_MODULE=xim LANG=zh_CN.UTF-8 DISPLAY=:0 USERNAME=skwang XDG_VTNR=2 XDG_SESSION_ID=2 USER=skwang DESKTOP_SESSION=ubuntu QT4_IM_MODULE=xim TEXTDOMAINDIR=/usr/share/locale/ PWD=/home/skwang HOME=/home/skwang TEXTDOMAIN=im-config QT_ACCESSIBILITY=1 XDG_SESSION_TYPE=x11 XDG_DATA_DIRS=/usr/share/ubuntu:/usr/local/share:/usr/share:/var/lib/snapd/desktop XDG_SESSION_DESKTOP=ubuntu GTK_MODULES=gail:atk-bridge WINDOWPATH=2 SHELL=/bin/bash QT_IM_MODULE=ibus XMODIFIERS=@im=ibus IM_CONFIG_PHASE=2 XDG_CURRENT_DESKTOP=ubuntu:GNOME GPG_AGENT_INFO=/run/user/1000/gnupg/S.gpg-agent:0:1 SHLVL=0 XDG_SEAT=seat0 LANGUAGE=zh_CN:zh GDMSESSION=ubuntu LOGNAME=skwang DBUS_SESSION_BUS_ADDRESS=unix:path=/run/user/1000/bus XDG_RUNTIME_DIR=/run/user/1000 XAUTHORITY=/run/user/1000/gdm/Xauthority XDG_CONFIG_DIRS=/etc/xdg/xdg-ubuntu:/etc/xdg PATH=/usr/local/sbin:/usr/local/bin:/usr/sbin:/usr/bin:/sbin:/bin:/usr/games:/usr/local/games:/snap/bin GTK_IM_MODULE=ibus
skwang        -  0.0    -      -     - -        Ss   22:04   0:00 -
skwang     1805  0.0  0.3 349252  6128 ?        -    22:04   0:00 /usr/lib/at-spi2-core/at-spi-bus-launcher CLUTTER_IM_MODULE=xim DBUS_SESSION_BUS_ADDRESS=unix:path=/run/user/1000/bus DESKTOP_SESSION=ubuntu DISPLAY=:0 GDMSESSION=ubuntu GPG_AGENT_INFO=/run/user/1000/gnupg/S.gpg-agent:0:1 GTK_IM_MODULE=ibus GTK_MODULES=gail:atk-bridge HOME=/home/skwang IM_CONFIG_PHASE=2 LANG=zh_CN.UTF-8 LANGUAGE=zh_CN:zh LOGNAME=skwang PATH=/usr/local/sbin:/usr/local/bin:/usr/sbin:/usr/bin:/sbin:/bin:/usr/games:/usr/local/games:/snap/bin PWD=/home/skwang QT4_IM_MODULE=xim QT_ACCESSIBILITY=1 QT_IM_MODULE=ibus SHELL=/bin/bash SHLVL=1 TEXTDOMAIN=im-config TEXTDOMAINDIR=/usr/share/locale/ USER=skwang USERNAME=skwang WINDOWPATH=2 XAUTHORITY=/run/user/1000/gdm/Xauthority XDG_CONFIG_DIRS=/etc/xdg/xdg-ubuntu:/etc/xdg XDG_CURRENT_DESKTOP=ubuntu:GNOME XDG_DATA_DIRS=/usr/share/ubuntu:/usr/local/share:/usr/share:/var/lib/snapd/desktop XDG_RUNTIME_DIR=/run/user/1000 XDG_SESSION_DESKTOP=ubuntu XDG_SESSION_TYPE=x11 XMODIFIERS=@im=ibus _=/usr/bin/dbus-update-activation-environment MANAGERPID=1677 INVOCATION_ID=50602e9aa617498b83688aa6793d6a72 JOURNAL_STREAM=9:40976
skwang        -  0.0    -      -     - -        Ssl  22:04   0:00 -
skwang        -  0.0    -      -     - -        Ssl  22:04   0:00 -
skwang        -  0.0    -      -     - -        Ssl  22:04   0:00 -
skwang        -  0.0    -      -     - -        Ssl  22:04   0:00 -
skwang     1810  0.0  0.1  49924  3756 ?        -    22:04   0:00 /usr/bin/dbus-daemon --config-file=/usr/share/defaults/at-spi2/accessibility.conf --nofork --print-address 3 CLUTTER_IM_MODULE=xim DBUS_SESSION_BUS_ADDRESS=unix:path=/run/user/1000/bus DESKTOP_SESSION=ubuntu DISPLAY=:0 GDMSESSION=ubuntu GPG_AGENT_INFO=/run/user/1000/gnupg/S.gpg-agent:0:1 GTK_IM_MODULE=ibus GTK_MODULES=gail:atk-bridge HOME=/home/skwang IM_CONFIG_PHASE=2 LANG=zh_CN.UTF-8 LANGUAGE=zh_CN:zh LOGNAME=skwang PATH=/usr/local/sbin:/usr/local/bin:/usr/sbin:/usr/bin:/sbin:/bin:/usr/games:/usr/local/games:/snap/bin PWD=/home/skwang QT4_IM_MODULE=xim QT_ACCESSIBILITY=1 QT_IM_MODULE=ibus SHELL=/bin/bash SHLVL=1 TEXTDOMAIN=im-config TEXTDOMAINDIR=/usr/share/locale/ USER=skwang USERNAME=skwang WINDOWPATH=2 XAUTHORITY=/run/user/1000/gdm/Xauthority XDG_CONFIG_DIRS=/etc/xdg/xdg-ubuntu:/etc/xdg XDG_CURRENT_DESKTOP=ubuntu:GNOME XDG_DATA_DIRS=/usr/share/ubuntu:/usr/local/share:/usr/share:/var/lib/snapd/desktop XDG_RUNTIME_DIR=/run/user/1000 XDG_SESSION_DESKTOP=ubuntu XDG_SESSION_TYPE=x11 XMODIFIERS=@im=ibus _=/usr/bin/dbus-update-activation-environment MANAGERPID=1677 INVOCATION_ID=50602e9aa617498b83688aa6793d6a72 JOURNAL_STREAM=9:40976
skwang        -  0.0    -      -     - -        S    22:04   0:00 -
skwang     1813  0.0  0.3 220776  6776 ?        -    22:04   0:01 /usr/lib/at-spi2-core/at-spi2-registryd --use-gnome-session SHELL=/bin/bash DBUS_STARTER_ADDRESS=unix:abstract=/tmp/dbus-FPgCh8Dw4K,guid=9861c82336a2305974396d6e5ea83801 TEXTDOMAIN=im-config CLUTTER_IM_MODULE=xim XDG_RUNTIME_DIR=/run/user/1000 XDG_CURRENT_DESKTOP=ubuntu:GNOME QT_ACCESSIBILITY=1 DISPLAY=:0 DESKTOP_SESSION=ubuntu XMODIFIERS=@im=ibus WINDOWPATH=2 PATH=/usr/local/sbin:/usr/local/bin:/usr/sbin:/usr/bin:/sbin:/bin:/usr/games:/usr/local/games:/snap/bin USERNAME=skwang GDMSESSION=ubuntu GTK_IM_MODULE=ibus GTK_MODULES=gail:atk-bridge XDG_SESSION_TYPE=x11 XDG_DATA_DIRS=/usr/share/ubuntu:/usr/local/share:/usr/share:/var/lib/snapd/desktop JOURNAL_STREAM=9:40976 LANGUAGE=zh_CN:zh QT4_IM_MODULE=xim DBUS_SESSION_BUS_ADDRESS=unix:path=/run/user/1000/bus GPG_AGENT_INFO=/run/user/1000/gnupg/S.gpg-agent:0:1 IM_CONFIG_PHASE=2 INVOCATION_ID=50602e9aa617498b83688aa6793d6a72 XAUTHORITY=/run/user/1000/gdm/Xauthority USER=skwang QT_IM_MODULE=ibus DBUS_STARTER_BUS_TYPE=accessibility TEXTDOMAINDIR=/usr/share/locale/ SHLVL=1 PWD=/home/skwang MANAGERPID=1677 LANG=zh_CN.UTF-8 _=/usr/bin/dbus-update-activation-environment XDG_SESSION_DESKTOP=ubuntu XDG_CONFIG_DIRS=/etc/xdg/xdg-ubuntu:/etc/xdg LOGNAME=skwang HOME=/home/skwang
skwang        -  0.0    -      -     - -        Sl   22:04   0:01 -
skwang        -  0.0    -      -     - -        Sl   22:04   0:00 -
skwang        -  0.0    -      -     - -        Sl   22:04   0:00 -
skwang     1829  1.5  7.5 3603144 151280 tty2   -    22:04   1:41 /usr/bin/gnome-shell USER=skwang LANGUAGE=zh_CN:zh TEXTDOMAIN=im-config XDG_SEAT=seat0 XDG_SESSION_TYPE=x11 SSH_AGENT_PID=1802 SHLVL=0 QT4_IM_MODULE=xim HOME=/home/skwang DESKTOP_SESSION=ubuntu GTK_MODULES=gail:atk-bridge GNOME_SHELL_SESSION_MODE=ubuntu DBUS_SESSION_BUS_ADDRESS=unix:path=/run/user/1000/bus IM_CONFIG_PHASE=2 LOGNAME=skwang GTK_IM_MODULE=ibus USERNAME=skwang XDG_SESSION_ID=2 WINDOWPATH=2 PATH=/usr/local/sbin:/usr/local/bin:/usr/sbin:/usr/bin:/sbin:/bin:/usr/games:/usr/local/games:/snap/bin XDG_RUNTIME_DIR=/run/user/1000 DISPLAY=:0 LANG=zh_CN.UTF-8 XDG_CURRENT_DESKTOP=ubuntu:GNOME XDG_SESSION_DESKTOP=ubuntu XMODIFIERS=@im=ibus XAUTHORITY=/run/user/1000/gdm/Xauthority SSH_AUTH_SOCK=/run/user/1000/keyring/ssh SHELL=/bin/bash QT_ACCESSIBILITY=1 GDMSESSION=ubuntu TEXTDOMAINDIR=/usr/share/locale/ GPG_AGENT_INFO=/run/user/1000/gnupg/S.gpg-agent:0:1 XDG_VTNR=2 QT_IM_MODULE=ibus PWD=/home/skwang CLUTTER_IM_MODULE=xim XDG_DATA_DIRS=/usr/share/ubuntu:/usr/local/share:/usr/share:/var/lib/snapd/desktop XDG_CONFIG_DIRS=/etc/xdg/xdg-ubuntu:/etc/xdg GNOME_DESKTOP_SESSION_ID=this-is-deprecated XDG_MENU_PREFIX=gnome- SESSION_MANAGER=local/skwang-virtual-machine:@/tmp/.ICE-unix/1707,unix/skwang-virtual-machine:/tmp/.ICE-unix/1707 DESKTOP_AUTOSTART_ID=1027f425b0d8bfa04d158808269076419300000017070000 GIO_LAUNCHED_DESKTOP_FILE=/usr/share/applications/org.gnome.Shell.desktop GIO_LAUNCHED_DESKTOP_FILE_PID=1829
skwang        -  1.5    -      -     - -        Sl+  22:04   1:37 -
skwang        -  0.0    -      -     - -        Sl+  22:04   0:00 -
skwang        -  0.0    -      -     - -        Sl+  22:04   0:00 -
skwang        -  0.0    -      -     - -        Sl+  22:04   0:01 -
skwang        -  0.0    -      -     - -        Sl+  22:04   0:00 -
skwang        -  0.0    -      -     - -        Sl+  22:04   0:00 -
skwang        -  0.0    -      -     - -        Sl+  22:04   0:00 -
skwang        -  0.0    -      -     - -        Sl+  22:04   0:00 -
skwang        -  0.0    -      -     - -        Sl+  22:04   0:00 -
skwang        -  0.0    -      -     - -        Sl+  22:04   0:00 -
skwang        -  0.0    -      -     - -        Sl+  22:04   0:00 -
skwang        -  0.0    -      -     - -        Sl+  22:04   0:00 -
skwang        -  0.0    -      -     - -        Sl+  22:04   0:00 -
skwang        -  0.0    -      -     - -        Sl+  23:53   0:00 -
skwang     1835  0.0  0.3 292104  6648 ?        -    22:04   0:00 /usr/lib/gvfs/gvfsd CLUTTER_IM_MODULE=xim DBUS_SESSION_BUS_ADDRESS=unix:path=/run/user/1000/bus DESKTOP_SESSION=ubuntu DISPLAY=:0 GDMSESSION=ubuntu GNOME_DESKTOP_SESSION_ID=this-is-deprecated GNOME_SHELL_SESSION_MODE=ubuntu GPG_AGENT_INFO=/run/user/1000/gnupg/S.gpg-agent:0:1 GTK_IM_MODULE=ibus GTK_MODULES=gail:atk-bridge HOME=/home/skwang IM_CONFIG_PHASE=2 LANG=zh_CN.UTF-8 LANGUAGE=zh_CN:zh LOGNAME=skwang PATH=/usr/local/sbin:/usr/local/bin:/usr/sbin:/usr/bin:/sbin:/bin:/usr/games:/usr/local/games:/snap/bin PWD=/home/skwang QT4_IM_MODULE=xim QT_ACCESSIBILITY=1 QT_IM_MODULE=ibus SESSION_MANAGER=local/skwang-virtual-machine:@/tmp/.ICE-unix/1707,unix/skwang-virtual-machine:/tmp/.ICE-unix/1707 SHELL=/bin/bash SHLVL=0 SSH_AGENT_PID=1802 SSH_AUTH_SOCK=/run/user/1000/keyring/ssh TEXTDOMAIN=im-config TEXTDOMAINDIR=/usr/share/locale/ USER=skwang USERNAME=skwang WINDOWPATH=2 XAUTHORITY=/run/user/1000/gdm/Xauthority XDG_CONFIG_DIRS=/etc/xdg/xdg-ubuntu:/etc/xdg XDG_CURRENT_DESKTOP=ubuntu:GNOME XDG_DATA_DIRS=/usr/share/ubuntu:/usr/local/share:/usr/share:/var/lib/snapd/desktop XDG_MENU_PREFIX=gnome- XDG_RUNTIME_DIR=/run/user/1000 XDG_SEAT=seat0 XDG_SESSION_DESKTOP=ubuntu XDG_SESSION_ID=2 XDG_SESSION_TYPE=x11 XDG_VTNR=2 XMODIFIERS=@im=ibus _=/usr/bin/dbus-update-activation-environment MANAGERPID=1677 INVOCATION_ID=ab143fe69f6d43c2b474b00115cbd5a1 JOURNAL_STREAM=9:41066
skwang        -  0.0    -      -     - -        Ssl  22:04   0:00 -
skwang        -  0.0    -      -     - -        Ssl  22:04   0:00 -
skwang        -  0.0    -      -     - -        Ssl  22:04   0:00 -
skwang     1840  0.0  0.2 416112  5940 ?        -    22:04   0:00 /usr/lib/gvfs/gvfsd-fuse /run/user/1000/gvfs -f -o big_writes CLUTTER_IM_MODULE=xim DBUS_SESSION_BUS_ADDRESS=unix:path=/run/user/1000/bus DESKTOP_SESSION=ubuntu DISPLAY=:0 GDMSESSION=ubuntu GNOME_DESKTOP_SESSION_ID=this-is-deprecated GNOME_SHELL_SESSION_MODE=ubuntu GPG_AGENT_INFO=/run/user/1000/gnupg/S.gpg-agent:0:1 GTK_IM_MODULE=ibus GTK_MODULES=gail:atk-bridge HOME=/home/skwang IM_CONFIG_PHASE=2 LANG=zh_CN.UTF-8 LANGUAGE=zh_CN:zh LOGNAME=skwang PATH=/usr/local/sbin:/usr/local/bin:/usr/sbin:/usr/bin:/sbin:/bin:/usr/games:/usr/local/games:/snap/bin PWD=/home/skwang QT4_IM_MODULE=xim QT_ACCESSIBILITY=1 QT_IM_MODULE=ibus SESSION_MANAGER=local/skwang-virtual-machine:@/tmp/.ICE-unix/1707,unix/skwang-virtual-machine:/tmp/.ICE-unix/1707 SHELL=/bin/bash SHLVL=0 SSH_AGENT_PID=1802 SSH_AUTH_SOCK=/run/user/1000/keyring/ssh TEXTDOMAIN=im-config TEXTDOMAINDIR=/usr/share/locale/ USER=skwang USERNAME=skwang WINDOWPATH=2 XAUTHORITY=/run/user/1000/gdm/Xauthority XDG_CONFIG_DIRS=/etc/xdg/xdg-ubuntu:/etc/xdg XDG_CURRENT_DESKTOP=ubuntu:GNOME XDG_DATA_DIRS=/usr/share/ubuntu:/usr/local/share:/usr/share:/var/lib/snapd/desktop XDG_MENU_PREFIX=gnome- XDG_RUNTIME_DIR=/run/user/1000 XDG_SEAT=seat0 XDG_SESSION_DESKTOP=ubuntu XDG_SESSION_ID=2 XDG_SESSION_TYPE=x11 XDG_VTNR=2 XMODIFIERS=@im=ibus _=/usr/bin/dbus-update-activation-environment MANAGERPID=1677 INVOCATION_ID=ab143fe69f6d43c2b474b00115cbd5a1 JOURNAL_STREAM=9:41066
skwang        -  0.0    -      -     - -        Sl   22:04   0:00 -
skwang        -  0.0    -      -     - -        Sl   22:04   0:00 -
skwang        -  0.0    -      -     - -        Sl   22:04   0:00 -
skwang        -  0.0    -      -     - -        Sl   22:04   0:00 -
skwang        -  0.0    -      -     - -        Sl   22:04   0:00 -
skwang        -  0.0    -      -     - -        Sl   22:04   0:00 -
skwang     1851  0.0  0.4 1172380 9628 ?        -    22:04   0:01 /usr/bin/pulseaudio --start --log-target=syslog USER=skwang LANGUAGE=zh_CN:zh TEXTDOMAIN=im-config XDG_SEAT=seat0 XDG_SESSION_TYPE=x11 SSH_AGENT_PID=1802 SHLVL=0 QT4_IM_MODULE=xim HOME=/home/skwang DESKTOP_SESSION=ubuntu GTK_MODULES=gail:atk-bridge GNOME_SHELL_SESSION_MODE=ubuntu DBUS_SESSION_BUS_ADDRESS=unix:path=/run/user/1000/bus IM_CONFIG_PHASE=2 LOGNAME=skwang GTK_IM_MODULE=ibus USERNAME=skwang XDG_SESSION_ID=2 WINDOWPATH=2 PATH=/usr/local/sbin:/usr/local/bin:/usr/sbin:/usr/bin:/sbin:/bin:/usr/games:/usr/local/games:/snap/bin XDG_RUNTIME_DIR=/run/user/1000 DISPLAY=:0 LANG=zh_CN.UTF-8 XDG_CURRENT_DESKTOP=ubuntu:GNOME XDG_SESSION_DESKTOP=ubuntu XMODIFIERS=@im=ibus XAUTHORITY=/run/user/1000/gdm/Xauthority SSH_AUTH_SOCK=/run/user/1000/keyring/ssh SHELL=/bin/bash QT_ACCESSIBILITY=1 GDMSESSION=ubuntu TEXTDOMAINDIR=/usr/share/locale/ GPG_AGENT_INFO=/run/user/1000/gnupg/S.gpg-agent:0:1 XDG_VTNR=2 QT_IM_MODULE=ibus PWD=/home/skwang CLUTTER_IM_MODULE=xim XDG_DATA_DIRS=/usr/share/ubuntu:/usr/local/share:/usr/share:/var/lib/snapd/desktop XDG_CONFIG_DIRS=/etc/xdg/xdg-ubuntu:/etc/xdg GNOME_DESKTOP_SESSION_ID=this-is-deprecated XDG_MENU_PREFIX=gnome- SESSION_MANAGER=local/skwang-virtual-machine:@/tmp/.ICE-unix/1707,unix/skwang-virtual-machine:/tmp/.ICE-unix/1707 DESKTOP_AUTOSTART_ID=1027f425b0d8bfa04d158808269076419300000017070000 GIO_LAUNCHED_DESKTOP_FILE=/usr/share/applications/org.gnome.Shell.desktop GIO_LAUNCHED_DESKTOP_FILE_PID=1829 GJS_DEBUG_OUTPUT=stderr GJS_DEBUG_TOPICS=JS ERROR;JS LOG LD_BIND_NOW=1
skwang        -  0.0    -      -     - -        S<l  22:04   0:00 -
skwang        -  0.0    -      -     - -        Sl   22:04   0:01 -
skwang        -  0.0    -      -     - -        Sl   22:04   0:00 -
skwang     1864  0.1  0.4 362480  9204 tty2     -    22:04   0:06 ibus-daemon --xim --panel disable USER=skwang LANGUAGE=zh_CN:zh TEXTDOMAIN=im-config XDG_SEAT=seat0 XDG_SESSION_TYPE=x11 SSH_AGENT_PID=1802 SHLVL=0 QT4_IM_MODULE=xim HOME=/home/skwang DESKTOP_SESSION=ubuntu GTK_MODULES=gail:atk-bridge GNOME_SHELL_SESSION_MODE=ubuntu DBUS_SESSION_BUS_ADDRESS=unix:path=/run/user/1000/bus IM_CONFIG_PHASE=2 LOGNAME=skwang GTK_IM_MODULE=ibus USERNAME=skwang XDG_SESSION_ID=2 WINDOWPATH=2 PATH=/usr/local/sbin:/usr/local/bin:/usr/sbin:/usr/bin:/sbin:/bin:/usr/games:/usr/local/games:/snap/bin XDG_RUNTIME_DIR=/run/user/1000 DISPLAY=:0 LANG=zh_CN.UTF-8 XDG_CURRENT_DESKTOP=ubuntu:GNOME XDG_SESSION_DESKTOP=ubuntu XMODIFIERS=@im=ibus XAUTHORITY=/run/user/1000/gdm/Xauthority SSH_AUTH_SOCK=/run/user/1000/keyring/ssh SHELL=/bin/bash QT_ACCESSIBILITY=1 GDMSESSION=ubuntu TEXTDOMAINDIR=/usr/share/locale/ GPG_AGENT_INFO=/run/user/1000/gnupg/S.gpg-agent:0:1 XDG_VTNR=2 QT_IM_MODULE=ibus PWD=/home/skwang CLUTTER_IM_MODULE=xim XDG_DATA_DIRS=/usr/share/ubuntu:/usr/local/share:/usr/share:/var/lib/snapd/desktop XDG_CONFIG_DIRS=/etc/xdg/xdg-ubuntu:/etc/xdg GNOME_DESKTOP_SESSION_ID=this-is-deprecated XDG_MENU_PREFIX=gnome- SESSION_MANAGER=local/skwang-virtual-machine:@/tmp/.ICE-unix/1707,unix/skwang-virtual-machine:/tmp/.ICE-unix/1707 DESKTOP_AUTOSTART_ID=1027f425b0d8bfa04d158808269076419300000017070000 GIO_LAUNCHED_DESKTOP_FILE=/usr/share/applications/org.gnome.Shell.desktop GIO_LAUNCHED_DESKTOP_FILE_PID=1829 GJS_DEBUG_OUTPUT=stderr GJS_DEBUG_TOPICS=JS ERROR;JS LOG
skwang        -  0.0    -      -     - -        Sl   22:04   0:02 -
skwang        -  0.0    -      -     - -        Sl   22:04   0:00 -
skwang        -  0.0    -      -     - -        Sl   22:04   0:04 -
skwang        -  0.0    -      -     - -        Sl   23:53   0:00 -
skwang     1868  0.0  0.3 280984  6440 tty2     -    22:04   0:00 /usr/lib/ibus/ibus-dconf USER=skwang LANGUAGE=zh_CN:zh TEXTDOMAIN=im-config XDG_SEAT=seat0 XDG_SESSION_TYPE=x11 SSH_AGENT_PID=1802 SHLVL=0 QT4_IM_MODULE=xim HOME=/home/skwang DESKTOP_SESSION=ubuntu GTK_MODULES=gail:atk-bridge GNOME_SHELL_SESSION_MODE=ubuntu DBUS_SESSION_BUS_ADDRESS=unix:path=/run/user/1000/bus IM_CONFIG_PHASE=2 LOGNAME=skwang GTK_IM_MODULE=ibus USERNAME=skwang XDG_SESSION_ID=2 WINDOWPATH=2 PATH=/usr/local/sbin:/usr/local/bin:/usr/sbin:/usr/bin:/sbin:/bin:/usr/games:/usr/local/games:/snap/bin XDG_RUNTIME_DIR=/run/user/1000 DISPLAY=:0 LANG=zh_CN.UTF-8 XDG_CURRENT_DESKTOP=ubuntu:GNOME XDG_SESSION_DESKTOP=ubuntu XMODIFIERS=@im=ibus XAUTHORITY=/run/user/1000/gdm/Xauthority SSH_AUTH_SOCK=/run/user/1000/keyring/ssh SHELL=/bin/bash QT_ACCESSIBILITY=1 GDMSESSION=ubuntu TEXTDOMAINDIR=/usr/share/locale/ GPG_AGENT_INFO=/run/user/1000/gnupg/S.gpg-agent:0:1 XDG_VTNR=2 QT_IM_MODULE=ibus PWD=/home/skwang CLUTTER_IM_MODULE=xim XDG_DATA_DIRS=/usr/share/ubuntu:/usr/local/share:/usr/share:/var/lib/snapd/desktop XDG_CONFIG_DIRS=/etc/xdg/xdg-ubuntu:/etc/xdg GNOME_DESKTOP_SESSION_ID=this-is-deprecated XDG_MENU_PREFIX=gnome- SESSION_MANAGER=local/skwang-virtual-machine:@/tmp/.ICE-unix/1707,unix/skwang-virtual-machine:/tmp/.ICE-unix/1707 DESKTOP_AUTOSTART_ID=1027f425b0d8bfa04d158808269076419300000017070000 GIO_LAUNCHED_DESKTOP_FILE=/usr/share/applications/org.gnome.Shell.desktop GIO_LAUNCHED_DESKTOP_FILE_PID=1829 GJS_DEBUG_OUTPUT=stderr GJS_DEBUG_TOPICS=JS ERROR;JS LOG
skwang        -  0.0    -      -     - -        Sl   22:04   0:00 -
skwang        -  0.0    -      -     - -        Sl   22:04   0:00 -
skwang        -  0.0    -      -     - -        Sl   22:04   0:00 -
skwang        -  0.0    -      -     - -        Sl   22:04   0:00 -
skwang     1870  0.0  1.0 344652 20300 tty2     -    22:04   0:00 /usr/lib/ibus/ibus-x11 --kill-daemon USER=skwang LANGUAGE=zh_CN:zh TEXTDOMAIN=im-config XDG_SEAT=seat0 XDG_SESSION_TYPE=x11 SSH_AGENT_PID=1802 SHLVL=0 QT4_IM_MODULE=xim HOME=/home/skwang DESKTOP_SESSION=ubuntu GTK_MODULES=gail:atk-bridge GNOME_SHELL_SESSION_MODE=ubuntu DBUS_SESSION_BUS_ADDRESS=unix:path=/run/user/1000/bus IM_CONFIG_PHASE=2 LOGNAME=skwang GTK_IM_MODULE=ibus USERNAME=skwang XDG_SESSION_ID=2 WINDOWPATH=2 PATH=/usr/local/sbin:/usr/local/bin:/usr/sbin:/usr/bin:/sbin:/bin:/usr/games:/usr/local/games:/snap/bin XDG_RUNTIME_DIR=/run/user/1000 DISPLAY=:0 LANG=zh_CN.UTF-8 XDG_CURRENT_DESKTOP=ubuntu:GNOME XDG_SESSION_DESKTOP=ubuntu XMODIFIERS=@im=ibus XAUTHORITY=/run/user/1000/gdm/Xauthority SSH_AUTH_SOCK=/run/user/1000/keyring/ssh SHELL=/bin/bash QT_ACCESSIBILITY=1 GDMSESSION=ubuntu TEXTDOMAINDIR=/usr/share/locale/ GPG_AGENT_INFO=/run/user/1000/gnupg/S.gpg-agent:0:1 XDG_VTNR=2 QT_IM_MODULE=ibus PWD=/home/skwang CLUTTER_IM_MODULE=xim XDG_DATA_DIRS=/usr/share/ubuntu:/usr/local/share:/usr/share:/var/lib/snapd/desktop XDG_CONFIG_DIRS=/etc/xdg/xdg-ubuntu:/etc/xdg GNOME_DESKTOP_SESSION_ID=this-is-deprecated XDG_MENU_PREFIX=gnome- SESSION_MANAGER=local/skwang-virtual-machine:@/tmp/.ICE-unix/1707,unix/skwang-virtual-machine:/tmp/.ICE-unix/1707 DESKTOP_AUTOSTART_ID=1027f425b0d8bfa04d158808269076419300000017070000 GIO_LAUNCHED_DESKTOP_FILE=/usr/share/applications/org.gnome.Shell.desktop GIO_LAUNCHED_DESKTOP_FILE_PID=1829 GJS_DEBUG_OUTPUT=stderr GJS_DEBUG_TOPICS=JS ERROR;JS LOG
skwang        -  0.0    -      -     - -        Sl   22:04   0:00 -
skwang        -  0.0    -      -     - -        Sl   22:04   0:00 -
skwang        -  0.0    -      -     - -        Sl   22:04   0:00 -
skwang     1872  0.0  0.2 278792  5864 ?        -    22:04   0:00 /usr/lib/ibus/ibus-portal XDG_RUNTIME_DIR=/run/user/1000 XMODIFIERS=@im=ibus SESSION_MANAGER=local/skwang-virtual-machine:@/tmp/.ICE-unix/1707,unix/skwang-virtual-machine:/tmp/.ICE-unix/1707 XDG_SESSION_TYPE=x11 DBUS_SESSION_BUS_ADDRESS=unix:path=/run/user/1000/bus,guid=ee36aeb017b39846970284dd5ea83800 USER=skwang XAUTHORITY=/run/user/1000/gdm/Xauthority QT_IM_MODULE=ibus DBUS_STARTER_BUS_TYPE=session SHLVL=0 XDG_MENU_PREFIX=gnome- XDG_SESSION_DESKTOP=ubuntu SHELL=/bin/bash QT_ACCESSIBILITY=1 WINDOWPATH=2 USERNAME=skwang XDG_DATA_DIRS=/usr/share/ubuntu:/usr/local/share:/usr/share:/var/lib/snapd/desktop LANGUAGE=zh_CN:zh QT4_IM_MODULE=xim IM_CONFIG_PHASE=2 GNOME_SHELL_SESSION_MODE=ubuntu TEXTDOMAINDIR=/usr/share/locale/ PWD=/home/skwang HOME=/home/skwang _=/usr/bin/dbus-update-activation-environment CLUTTER_IM_MODULE=xim DBUS_STARTER_ADDRESS=unix:path=/run/user/1000/bus,guid=ee36aeb017b39846970284dd5ea83800 DISPLAY=:0 SSH_AUTH_SOCK=/run/user/1000/keyring/ssh PATH=/usr/local/sbin:/usr/local/bin:/usr/sbin:/usr/bin:/sbin:/bin:/usr/games:/usr/local/games:/snap/bin GTK_MODULES=gail:atk-bridge GDMSESSION=ubuntu GTK_IM_MODULE=ibus XDG_VTNR=2 GNOME_DESKTOP_SESSION_ID=this-is-deprecated JOURNAL_STREAM=9:34751 XDG_SESSION_ID=2 GPG_AGENT_INFO=/run/user/1000/gnupg/S.gpg-agent:0:1 XDG_SEAT=seat0 INVOCATION_ID=05be9e23bb75423086f8041e0591c2b3 LANG=zh_CN.UTF-8 LOGNAME=skwang TEXTDOMAIN=im-config XDG_CURRENT_DESKTOP=ubuntu:GNOME DESKTOP_SESSION=ubuntu SSH_AGENT_PID=1802 MANAGERPID=1677 XDG_CONFIG_DIRS=/etc/xdg/xdg-ubuntu:/etc/xdg
skwang        -  0.0    -      -     - -        Sl   22:04   0:00 -
skwang        -  0.0    -      -     - -        Sl   22:04   0:00 -
skwang        -  0.0    -      -     - -        Sl   22:04   0:00 -
skwang     1879  0.0  0.2 271796  5224 ?        -    22:04   0:00 /usr/libexec/xdg-permission-store CLUTTER_IM_MODULE=xim DBUS_SESSION_BUS_ADDRESS=unix:path=/run/user/1000/bus DESKTOP_SESSION=ubuntu DISPLAY=:0 GDMSESSION=ubuntu GNOME_DESKTOP_SESSION_ID=this-is-deprecated GNOME_SHELL_SESSION_MODE=ubuntu GPG_AGENT_INFO=/run/user/1000/gnupg/S.gpg-agent:0:1 GTK_IM_MODULE=ibus GTK_MODULES=gail:atk-bridge HOME=/home/skwang IM_CONFIG_PHASE=2 LANG=zh_CN.UTF-8 LANGUAGE=zh_CN:zh LOGNAME=skwang PATH=/usr/local/sbin:/usr/local/bin:/usr/sbin:/usr/bin:/sbin:/bin:/usr/games:/usr/local/games:/snap/bin PWD=/home/skwang QT4_IM_MODULE=xim QT_ACCESSIBILITY=1 QT_IM_MODULE=ibus SESSION_MANAGER=local/skwang-virtual-machine:@/tmp/.ICE-unix/1707,unix/skwang-virtual-machine:/tmp/.ICE-unix/1707 SHELL=/bin/bash SHLVL=0 SSH_AGENT_PID=1802 SSH_AUTH_SOCK=/run/user/1000/keyring/ssh TEXTDOMAIN=im-config TEXTDOMAINDIR=/usr/share/locale/ USER=skwang USERNAME=skwang WINDOWPATH=2 XAUTHORITY=/run/user/1000/gdm/Xauthority XDG_CONFIG_DIRS=/etc/xdg/xdg-ubuntu:/etc/xdg XDG_CURRENT_DESKTOP=ubuntu:GNOME XDG_DATA_DIRS=/usr/share/ubuntu:/usr/local/share:/usr/share:/var/lib/snapd/desktop XDG_MENU_PREFIX=gnome- XDG_RUNTIME_DIR=/run/user/1000 XDG_SEAT=seat0 XDG_SESSION_DESKTOP=ubuntu XDG_SESSION_ID=2 XDG_SESSION_TYPE=x11 XDG_VTNR=2 XMODIFIERS=@im=ibus _=/usr/bin/dbus-update-activation-environment MANAGERPID=1677 INVOCATION_ID=5d0f7ca1826f477eaf36b8a1dc8f6428 JOURNAL_STREAM=9:40176
skwang        -  0.0    -      -     - -        Ssl  22:04   0:00 -
skwang        -  0.0    -      -     - -        Ssl  22:04   0:00 -
skwang        -  0.0    -      -     - -        Ssl  22:04   0:00 -
skwang     1887  0.0  0.6 689864 12408 ?        -    22:04   0:00 /usr/lib/gnome-shell/gnome-shell-calendar-server XDG_RUNTIME_DIR=/run/user/1000 XMODIFIERS=@im=ibus SESSION_MANAGER=local/skwang-virtual-machine:@/tmp/.ICE-unix/1707,unix/skwang-virtual-machine:/tmp/.ICE-unix/1707 XDG_SESSION_TYPE=x11 DBUS_SESSION_BUS_ADDRESS=unix:path=/run/user/1000/bus,guid=ee36aeb017b39846970284dd5ea83800 USER=skwang XAUTHORITY=/run/user/1000/gdm/Xauthority QT_IM_MODULE=ibus DBUS_STARTER_BUS_TYPE=session SHLVL=0 XDG_MENU_PREFIX=gnome- XDG_SESSION_DESKTOP=ubuntu SHELL=/bin/bash QT_ACCESSIBILITY=1 WINDOWPATH=2 USERNAME=skwang XDG_DATA_DIRS=/usr/share/ubuntu:/usr/local/share:/usr/share:/var/lib/snapd/desktop LANGUAGE=zh_CN:zh QT4_IM_MODULE=xim IM_CONFIG_PHASE=2 GNOME_SHELL_SESSION_MODE=ubuntu TEXTDOMAINDIR=/usr/share/locale/ PWD=/home/skwang HOME=/home/skwang _=/usr/bin/dbus-update-activation-environment CLUTTER_IM_MODULE=xim DBUS_STARTER_ADDRESS=unix:path=/run/user/1000/bus,guid=ee36aeb017b39846970284dd5ea83800 DISPLAY=:0 SSH_AUTH_SOCK=/run/user/1000/keyring/ssh PATH=/usr/local/sbin:/usr/local/bin:/usr/sbin:/usr/bin:/sbin:/bin:/usr/games:/usr/local/games:/snap/bin GTK_MODULES=gail:atk-bridge GDMSESSION=ubuntu GTK_IM_MODULE=ibus XDG_VTNR=2 GNOME_DESKTOP_SESSION_ID=this-is-deprecated JOURNAL_STREAM=9:34751 XDG_SESSION_ID=2 GPG_AGENT_INFO=/run/user/1000/gnupg/S.gpg-agent:0:1 XDG_SEAT=seat0 INVOCATION_ID=05be9e23bb75423086f8041e0591c2b3 LANG=zh_CN.UTF-8 LOGNAME=skwang TEXTDOMAIN=im-config XDG_CURRENT_DESKTOP=ubuntu:GNOME DESKTOP_SESSION=ubuntu SSH_AGENT_PID=1802 MANAGERPID=1677 XDG_CONFIG_DIRS=/etc/xdg/xdg-ubuntu:/etc/xdg
skwang        -  0.0    -      -     - -        Sl   22:04   0:00 -
skwang        -  0.0    -      -     - -        Sl   22:04   0:00 -
skwang        -  0.0    -      -     - -        Sl   22:04   0:00 -
skwang        -  0.0    -      -     - -        Sl   22:04   0:00 -
skwang        -  0.0    -      -     - -        Sl   22:04   0:00 -
skwang        -  0.0    -      -     - -        Sl   22:04   0:00 -
skwang     1891  0.0  0.8 1372444 17092 ?       -    22:04   0:00 /usr/lib/evolution/evolution-source-registry CLUTTER_IM_MODULE=xim DBUS_SESSION_BUS_ADDRESS=unix:path=/run/user/1000/bus DESKTOP_SESSION=ubuntu DISPLAY=:0 GDMSESSION=ubuntu GNOME_DESKTOP_SESSION_ID=this-is-deprecated GNOME_SHELL_SESSION_MODE=ubuntu GPG_AGENT_INFO=/run/user/1000/gnupg/S.gpg-agent:0:1 GTK_IM_MODULE=ibus GTK_MODULES=gail:atk-bridge HOME=/home/skwang IM_CONFIG_PHASE=2 LANG=zh_CN.UTF-8 LANGUAGE=zh_CN:zh LOGNAME=skwang PATH=/usr/local/sbin:/usr/local/bin:/usr/sbin:/usr/bin:/sbin:/bin:/usr/games:/usr/local/games:/snap/bin PWD=/home/skwang QT4_IM_MODULE=xim QT_ACCESSIBILITY=1 QT_IM_MODULE=ibus SESSION_MANAGER=local/skwang-virtual-machine:@/tmp/.ICE-unix/1707,unix/skwang-virtual-machine:/tmp/.ICE-unix/1707 SHELL=/bin/bash SHLVL=0 SSH_AGENT_PID=1802 SSH_AUTH_SOCK=/run/user/1000/keyring/ssh TEXTDOMAIN=im-config TEXTDOMAINDIR=/usr/share/locale/ USER=skwang USERNAME=skwang WINDOWPATH=2 XAUTHORITY=/run/user/1000/gdm/Xauthority XDG_CONFIG_DIRS=/etc/xdg/xdg-ubuntu:/etc/xdg XDG_CURRENT_DESKTOP=ubuntu:GNOME XDG_DATA_DIRS=/usr/share/ubuntu:/usr/local/share:/usr/share:/var/lib/snapd/desktop XDG_MENU_PREFIX=gnome- XDG_RUNTIME_DIR=/run/user/1000 XDG_SEAT=seat0 XDG_SESSION_DESKTOP=ubuntu XDG_SESSION_ID=2 XDG_SESSION_TYPE=x11 XDG_VTNR=2 XMODIFIERS=@im=ibus _=/usr/bin/dbus-update-activation-environment MANAGERPID=1677 INVOCATION_ID=1ef945b1e9d64b709c4c24f21d11cf00 JOURNAL_STREAM=9:40225
skwang        -  0.0    -      -     - -        Ssl  22:04   0:00 -
skwang        -  0.0    -      -     - -        Ssl  22:04   0:00 -
skwang        -  0.0    -      -     - -        Ssl  22:04   0:00 -
skwang        -  0.0    -      -     - -        Ssl  22:04   0:00 -
skwang     1899  0.0  0.8 783924 17452 ?        -    22:04   0:00 /usr/lib/gnome-online-accounts/goa-daemon XDG_RUNTIME_DIR=/run/user/1000 XMODIFIERS=@im=ibus SESSION_MANAGER=local/skwang-virtual-machine:@/tmp/.ICE-unix/1707,unix/skwang-virtual-machine:/tmp/.ICE-unix/1707 XDG_SESSION_TYPE=x11 DBUS_SESSION_BUS_ADDRESS=unix:path=/run/user/1000/bus,guid=ee36aeb017b39846970284dd5ea83800 USER=skwang XAUTHORITY=/run/user/1000/gdm/Xauthority QT_IM_MODULE=ibus DBUS_STARTER_BUS_TYPE=session SHLVL=0 XDG_MENU_PREFIX=gnome- XDG_SESSION_DESKTOP=ubuntu SHELL=/bin/bash QT_ACCESSIBILITY=1 WINDOWPATH=2 USERNAME=skwang XDG_DATA_DIRS=/usr/share/ubuntu:/usr/local/share:/usr/share:/var/lib/snapd/desktop LANGUAGE=zh_CN:zh QT4_IM_MODULE=xim IM_CONFIG_PHASE=2 GNOME_SHELL_SESSION_MODE=ubuntu TEXTDOMAINDIR=/usr/share/locale/ PWD=/home/skwang HOME=/home/skwang _=/usr/bin/dbus-update-activation-environment CLUTTER_IM_MODULE=xim DBUS_STARTER_ADDRESS=unix:path=/run/user/1000/bus,guid=ee36aeb017b39846970284dd5ea83800 DISPLAY=:0 SSH_AUTH_SOCK=/run/user/1000/keyring/ssh PATH=/usr/local/sbin:/usr/local/bin:/usr/sbin:/usr/bin:/sbin:/bin:/usr/games:/usr/local/games:/snap/bin GTK_MODULES=gail:atk-bridge GDMSESSION=ubuntu GTK_IM_MODULE=ibus XDG_VTNR=2 GNOME_DESKTOP_SESSION_ID=this-is-deprecated JOURNAL_STREAM=9:34751 XDG_SESSION_ID=2 GPG_AGENT_INFO=/run/user/1000/gnupg/S.gpg-agent:0:1 XDG_SEAT=seat0 INVOCATION_ID=05be9e23bb75423086f8041e0591c2b3 LANG=zh_CN.UTF-8 LOGNAME=skwang TEXTDOMAIN=im-config XDG_CURRENT_DESKTOP=ubuntu:GNOME DESKTOP_SESSION=ubuntu SSH_AGENT_PID=1802 MANAGERPID=1677 XDG_CONFIG_DIRS=/etc/xdg/xdg-ubuntu:/etc/xdg
skwang        -  0.0    -      -     - -        Sl   22:04   0:00 -
skwang        -  0.0    -      -     - -        Sl   22:04   0:00 -
skwang        -  0.0    -      -     - -        Sl   22:04   0:00 -
skwang        -  0.0    -      -     - -        Sl   22:04   0:00 -
skwang     1906  0.0  0.3 306744  7296 ?        -    22:04   0:00 /usr/lib/gvfs/gvfs-udisks2-volume-monitor CLUTTER_IM_MODULE=xim DBUS_SESSION_BUS_ADDRESS=unix:path=/run/user/1000/bus DESKTOP_SESSION=ubuntu DISPLAY=:0 GDMSESSION=ubuntu GNOME_DESKTOP_SESSION_ID=this-is-deprecated GNOME_SHELL_SESSION_MODE=ubuntu GPG_AGENT_INFO=/run/user/1000/gnupg/S.gpg-agent:0:1 GTK_IM_MODULE=ibus GTK_MODULES=gail:atk-bridge HOME=/home/skwang IM_CONFIG_PHASE=2 LANG=zh_CN.UTF-8 LANGUAGE=zh_CN:zh LOGNAME=skwang PATH=/usr/local/sbin:/usr/local/bin:/usr/sbin:/usr/bin:/sbin:/bin:/usr/games:/usr/local/games:/snap/bin PWD=/home/skwang QT4_IM_MODULE=xim QT_ACCESSIBILITY=1 QT_IM_MODULE=ibus SESSION_MANAGER=local/skwang-virtual-machine:@/tmp/.ICE-unix/1707,unix/skwang-virtual-machine:/tmp/.ICE-unix/1707 SHELL=/bin/bash SHLVL=0 SSH_AGENT_PID=1802 SSH_AUTH_SOCK=/run/user/1000/keyring/ssh TEXTDOMAIN=im-config TEXTDOMAINDIR=/usr/share/locale/ USER=skwang USERNAME=skwang WINDOWPATH=2 XAUTHORITY=/run/user/1000/gdm/Xauthority XDG_CONFIG_DIRS=/etc/xdg/xdg-ubuntu:/etc/xdg XDG_CURRENT_DESKTOP=ubuntu:GNOME XDG_DATA_DIRS=/usr/share/ubuntu:/usr/local/share:/usr/share:/var/lib/snapd/desktop XDG_MENU_PREFIX=gnome- XDG_RUNTIME_DIR=/run/user/1000 XDG_SEAT=seat0 XDG_SESSION_DESKTOP=ubuntu XDG_SESSION_ID=2 XDG_SESSION_TYPE=x11 XDG_VTNR=2 XMODIFIERS=@im=ibus _=/usr/bin/dbus-update-activation-environment MANAGERPID=1677 INVOCATION_ID=940a9a0bdc6840a0820cce84c091b19f JOURNAL_STREAM=9:39433
skwang        -  0.0    -      -     - -        Ssl  22:04   0:00 -
skwang        -  0.0    -      -     - -        Ssl  22:04   0:00 -
skwang        -  0.0    -      -     - -        Ssl  22:04   0:00 -
skwang     1910  0.0  0.2 275972  5896 ?        -    22:04   0:00 /usr/lib/gvfs/gvfs-mtp-volume-monitor CLUTTER_IM_MODULE=xim DBUS_SESSION_BUS_ADDRESS=unix:path=/run/user/1000/bus DESKTOP_SESSION=ubuntu DISPLAY=:0 GDMSESSION=ubuntu GNOME_DESKTOP_SESSION_ID=this-is-deprecated GNOME_SHELL_SESSION_MODE=ubuntu GPG_AGENT_INFO=/run/user/1000/gnupg/S.gpg-agent:0:1 GTK_IM_MODULE=ibus GTK_MODULES=gail:atk-bridge HOME=/home/skwang IM_CONFIG_PHASE=2 LANG=zh_CN.UTF-8 LANGUAGE=zh_CN:zh LOGNAME=skwang PATH=/usr/local/sbin:/usr/local/bin:/usr/sbin:/usr/bin:/sbin:/bin:/usr/games:/usr/local/games:/snap/bin PWD=/home/skwang QT4_IM_MODULE=xim QT_ACCESSIBILITY=1 QT_IM_MODULE=ibus SESSION_MANAGER=local/skwang-virtual-machine:@/tmp/.ICE-unix/1707,unix/skwang-virtual-machine:/tmp/.ICE-unix/1707 SHELL=/bin/bash SHLVL=0 SSH_AGENT_PID=1802 SSH_AUTH_SOCK=/run/user/1000/keyring/ssh TEXTDOMAIN=im-config TEXTDOMAINDIR=/usr/share/locale/ USER=skwang USERNAME=skwang WINDOWPATH=2 XAUTHORITY=/run/user/1000/gdm/Xauthority XDG_CONFIG_DIRS=/etc/xdg/xdg-ubuntu:/etc/xdg XDG_CURRENT_DESKTOP=ubuntu:GNOME XDG_DATA_DIRS=/usr/share/ubuntu:/usr/local/share:/usr/share:/var/lib/snapd/desktop XDG_MENU_PREFIX=gnome- XDG_RUNTIME_DIR=/run/user/1000 XDG_SEAT=seat0 XDG_SESSION_DESKTOP=ubuntu XDG_SESSION_ID=2 XDG_SESSION_TYPE=x11 XDG_VTNR=2 XMODIFIERS=@im=ibus _=/usr/bin/dbus-update-activation-environment MANAGERPID=1677 INVOCATION_ID=6489d553b8164fa1b7fc2447adf00e09 JOURNAL_STREAM=9:38860
skwang        -  0.0    -      -     - -        Ssl  22:04   0:00 -
skwang        -  0.0    -      -     - -        Ssl  22:04   0:00 -
skwang        -  0.0    -      -     - -        Ssl  22:04   0:00 -
skwang     1917  0.0  0.3 288896  6332 ?        -    22:04   0:00 /usr/lib/gvfs/gvfs-gphoto2-volume-monitor CLUTTER_IM_MODULE=xim DBUS_SESSION_BUS_ADDRESS=unix:path=/run/user/1000/bus DESKTOP_SESSION=ubuntu DISPLAY=:0 GDMSESSION=ubuntu GNOME_DESKTOP_SESSION_ID=this-is-deprecated GNOME_SHELL_SESSION_MODE=ubuntu GPG_AGENT_INFO=/run/user/1000/gnupg/S.gpg-agent:0:1 GTK_IM_MODULE=ibus GTK_MODULES=gail:atk-bridge HOME=/home/skwang IM_CONFIG_PHASE=2 LANG=zh_CN.UTF-8 LANGUAGE=zh_CN:zh LOGNAME=skwang PATH=/usr/local/sbin:/usr/local/bin:/usr/sbin:/usr/bin:/sbin:/bin:/usr/games:/usr/local/games:/snap/bin PWD=/home/skwang QT4_IM_MODULE=xim QT_ACCESSIBILITY=1 QT_IM_MODULE=ibus SESSION_MANAGER=local/skwang-virtual-machine:@/tmp/.ICE-unix/1707,unix/skwang-virtual-machine:/tmp/.ICE-unix/1707 SHELL=/bin/bash SHLVL=0 SSH_AGENT_PID=1802 SSH_AUTH_SOCK=/run/user/1000/keyring/ssh TEXTDOMAIN=im-config TEXTDOMAINDIR=/usr/share/locale/ USER=skwang USERNAME=skwang WINDOWPATH=2 XAUTHORITY=/run/user/1000/gdm/Xauthority XDG_CONFIG_DIRS=/etc/xdg/xdg-ubuntu:/etc/xdg XDG_CURRENT_DESKTOP=ubuntu:GNOME XDG_DATA_DIRS=/usr/share/ubuntu:/usr/local/share:/usr/share:/var/lib/snapd/desktop XDG_MENU_PREFIX=gnome- XDG_RUNTIME_DIR=/run/user/1000 XDG_SEAT=seat0 XDG_SESSION_DESKTOP=ubuntu XDG_SESSION_ID=2 XDG_SESSION_TYPE=x11 XDG_VTNR=2 XMODIFIERS=@im=ibus _=/usr/bin/dbus-update-activation-environment MANAGERPID=1677 INVOCATION_ID=4ec645c5fdac4a14b2a18fcf1423869e JOURNAL_STREAM=9:41161
skwang        -  0.0    -      -     - -        Ssl  22:04   0:00 -
skwang        -  0.0    -      -     - -        Ssl  22:04   0:00 -
skwang        -  0.0    -      -     - -        Ssl  22:04   0:00 -
skwang     1921  0.0  0.3 303612  6392 ?        -    22:04   0:00 /usr/lib/gnome-online-accounts/goa-identity-service XDG_RUNTIME_DIR=/run/user/1000 XMODIFIERS=@im=ibus SESSION_MANAGER=local/skwang-virtual-machine:@/tmp/.ICE-unix/1707,unix/skwang-virtual-machine:/tmp/.ICE-unix/1707 XDG_SESSION_TYPE=x11 DBUS_SESSION_BUS_ADDRESS=unix:path=/run/user/1000/bus,guid=ee36aeb017b39846970284dd5ea83800 USER=skwang XAUTHORITY=/run/user/1000/gdm/Xauthority QT_IM_MODULE=ibus DBUS_STARTER_BUS_TYPE=session SHLVL=0 XDG_MENU_PREFIX=gnome- XDG_SESSION_DESKTOP=ubuntu SHELL=/bin/bash QT_ACCESSIBILITY=1 WINDOWPATH=2 USERNAME=skwang XDG_DATA_DIRS=/usr/share/ubuntu:/usr/local/share:/usr/share:/var/lib/snapd/desktop LANGUAGE=zh_CN:zh QT4_IM_MODULE=xim IM_CONFIG_PHASE=2 GNOME_SHELL_SESSION_MODE=ubuntu TEXTDOMAINDIR=/usr/share/locale/ PWD=/home/skwang HOME=/home/skwang _=/usr/bin/dbus-update-activation-environment CLUTTER_IM_MODULE=xim DBUS_STARTER_ADDRESS=unix:path=/run/user/1000/bus,guid=ee36aeb017b39846970284dd5ea83800 DISPLAY=:0 SSH_AUTH_SOCK=/run/user/1000/keyring/ssh PATH=/usr/local/sbin:/usr/local/bin:/usr/sbin:/usr/bin:/sbin:/bin:/usr/games:/usr/local/games:/snap/bin GTK_MODULES=gail:atk-bridge GDMSESSION=ubuntu GTK_IM_MODULE=ibus XDG_VTNR=2 GNOME_DESKTOP_SESSION_ID=this-is-deprecated JOURNAL_STREAM=9:34751 XDG_SESSION_ID=2 GPG_AGENT_INFO=/run/user/1000/gnupg/S.gpg-agent:0:1 XDG_SEAT=seat0 INVOCATION_ID=05be9e23bb75423086f8041e0591c2b3 LANG=zh_CN.UTF-8 LOGNAME=skwang TEXTDOMAIN=im-config XDG_CURRENT_DESKTOP=ubuntu:GNOME DESKTOP_SESSION=ubuntu SSH_AGENT_PID=1802 MANAGERPID=1677 XDG_CONFIG_DIRS=/etc/xdg/xdg-ubuntu:/etc/xdg
skwang        -  0.0    -      -     - -        Sl   22:04   0:00 -
skwang        -  0.0    -      -     - -        Sl   22:04   0:00 -
skwang        -  0.0    -      -     - -        Sl   22:04   0:00 -
skwang        -  0.0    -      -     - -        Sl   22:04   0:00 -
skwang     1928  0.0  0.3 378952  7316 ?        -    22:04   0:00 /usr/lib/gvfs/gvfs-afc-volume-monitor CLUTTER_IM_MODULE=xim DBUS_SESSION_BUS_ADDRESS=unix:path=/run/user/1000/bus DESKTOP_SESSION=ubuntu DISPLAY=:0 GDMSESSION=ubuntu GNOME_DESKTOP_SESSION_ID=this-is-deprecated GNOME_SHELL_SESSION_MODE=ubuntu GPG_AGENT_INFO=/run/user/1000/gnupg/S.gpg-agent:0:1 GTK_IM_MODULE=ibus GTK_MODULES=gail:atk-bridge HOME=/home/skwang IM_CONFIG_PHASE=2 LANG=zh_CN.UTF-8 LANGUAGE=zh_CN:zh LOGNAME=skwang PATH=/usr/local/sbin:/usr/local/bin:/usr/sbin:/usr/bin:/sbin:/bin:/usr/games:/usr/local/games:/snap/bin PWD=/home/skwang QT4_IM_MODULE=xim QT_ACCESSIBILITY=1 QT_IM_MODULE=ibus SESSION_MANAGER=local/skwang-virtual-machine:@/tmp/.ICE-unix/1707,unix/skwang-virtual-machine:/tmp/.ICE-unix/1707 SHELL=/bin/bash SHLVL=0 SSH_AGENT_PID=1802 SSH_AUTH_SOCK=/run/user/1000/keyring/ssh TEXTDOMAIN=im-config TEXTDOMAINDIR=/usr/share/locale/ USER=skwang USERNAME=skwang WINDOWPATH=2 XAUTHORITY=/run/user/1000/gdm/Xauthority XDG_CONFIG_DIRS=/etc/xdg/xdg-ubuntu:/etc/xdg XDG_CURRENT_DESKTOP=ubuntu:GNOME XDG_DATA_DIRS=/usr/share/ubuntu:/usr/local/share:/usr/share:/var/lib/snapd/desktop XDG_MENU_PREFIX=gnome- XDG_RUNTIME_DIR=/run/user/1000 XDG_SEAT=seat0 XDG_SESSION_DESKTOP=ubuntu XDG_SESSION_ID=2 XDG_SESSION_TYPE=x11 XDG_VTNR=2 XMODIFIERS=@im=ibus _=/usr/bin/dbus-update-activation-environment MANAGERPID=1677 INVOCATION_ID=6f6724511cf24886b9d092902bc3e032 JOURNAL_STREAM=9:40306
skwang        -  0.0    -      -     - -        Ssl  22:04   0:00 -
skwang        -  0.0    -      -     - -        Ssl  22:04   0:00 -
skwang        -  0.0    -      -     - -        Ssl  22:04   0:00 -
skwang        -  0.0    -      -     - -        Ssl  22:04   0:00 -
skwang     1933  0.0  0.2 274176  5560 ?        -    22:04   0:00 /usr/lib/gvfs/gvfs-goa-volume-monitor CLUTTER_IM_MODULE=xim DBUS_SESSION_BUS_ADDRESS=unix:path=/run/user/1000/bus DESKTOP_SESSION=ubuntu DISPLAY=:0 GDMSESSION=ubuntu GNOME_DESKTOP_SESSION_ID=this-is-deprecated GNOME_SHELL_SESSION_MODE=ubuntu GPG_AGENT_INFO=/run/user/1000/gnupg/S.gpg-agent:0:1 GTK_IM_MODULE=ibus GTK_MODULES=gail:atk-bridge HOME=/home/skwang IM_CONFIG_PHASE=2 LANG=zh_CN.UTF-8 LANGUAGE=zh_CN:zh LOGNAME=skwang PATH=/usr/local/sbin:/usr/local/bin:/usr/sbin:/usr/bin:/sbin:/bin:/usr/games:/usr/local/games:/snap/bin PWD=/home/skwang QT4_IM_MODULE=xim QT_ACCESSIBILITY=1 QT_IM_MODULE=ibus SESSION_MANAGER=local/skwang-virtual-machine:@/tmp/.ICE-unix/1707,unix/skwang-virtual-machine:/tmp/.ICE-unix/1707 SHELL=/bin/bash SHLVL=0 SSH_AGENT_PID=1802 SSH_AUTH_SOCK=/run/user/1000/keyring/ssh TEXTDOMAIN=im-config TEXTDOMAINDIR=/usr/share/locale/ USER=skwang USERNAME=skwang WINDOWPATH=2 XAUTHORITY=/run/user/1000/gdm/Xauthority XDG_CONFIG_DIRS=/etc/xdg/xdg-ubuntu:/etc/xdg XDG_CURRENT_DESKTOP=ubuntu:GNOME XDG_DATA_DIRS=/usr/share/ubuntu:/usr/local/share:/usr/share:/var/lib/snapd/desktop XDG_MENU_PREFIX=gnome- XDG_RUNTIME_DIR=/run/user/1000 XDG_SEAT=seat0 XDG_SESSION_DESKTOP=ubuntu XDG_SESSION_ID=2 XDG_SESSION_TYPE=x11 XDG_VTNR=2 XMODIFIERS=@im=ibus _=/usr/bin/dbus-update-activation-environment MANAGERPID=1677 INVOCATION_ID=f5517745570347baa2376e0747618c87 JOURNAL_STREAM=9:40342
skwang        -  0.0    -      -     - -        Ssl  22:04   0:00 -
skwang        -  0.0    -      -     - -        Ssl  22:04   0:00 -
skwang        -  0.0    -      -     - -        Ssl  22:04   0:00 -
skwang     1937  0.0  1.1 517740 22080 tty2     -    22:04   0:00 /usr/lib/gnome-settings-daemon/gsd-power USER=skwang LANGUAGE=zh_CN:zh TEXTDOMAIN=im-config XDG_SEAT=seat0 XDG_SESSION_TYPE=x11 SSH_AGENT_PID=1802 SHLVL=0 QT4_IM_MODULE=xim HOME=/home/skwang DESKTOP_SESSION=ubuntu GTK_MODULES=gail:atk-bridge GNOME_SHELL_SESSION_MODE=ubuntu DBUS_SESSION_BUS_ADDRESS=unix:path=/run/user/1000/bus IM_CONFIG_PHASE=2 LOGNAME=skwang GTK_IM_MODULE=ibus USERNAME=skwang XDG_SESSION_ID=2 WINDOWPATH=2 PATH=/usr/local/sbin:/usr/local/bin:/usr/sbin:/usr/bin:/sbin:/bin:/usr/games:/usr/local/games:/snap/bin XDG_RUNTIME_DIR=/run/user/1000 DISPLAY=:0 LANG=zh_CN.UTF-8 XDG_CURRENT_DESKTOP=ubuntu:GNOME XDG_SESSION_DESKTOP=ubuntu XMODIFIERS=@im=ibus XAUTHORITY=/run/user/1000/gdm/Xauthority SSH_AUTH_SOCK=/run/user/1000/keyring/ssh SHELL=/bin/bash QT_ACCESSIBILITY=1 GDMSESSION=ubuntu TEXTDOMAINDIR=/usr/share/locale/ GPG_AGENT_INFO=/run/user/1000/gnupg/S.gpg-agent:0:1 XDG_VTNR=2 QT_IM_MODULE=ibus PWD=/home/skwang CLUTTER_IM_MODULE=xim XDG_DATA_DIRS=/usr/share/ubuntu:/usr/local/share:/usr/share:/var/lib/snapd/desktop XDG_CONFIG_DIRS=/etc/xdg/xdg-ubuntu:/etc/xdg GNOME_DESKTOP_SESSION_ID=this-is-deprecated XDG_MENU_PREFIX=gnome- SESSION_MANAGER=local/skwang-virtual-machine:@/tmp/.ICE-unix/1707,unix/skwang-virtual-machine:/tmp/.ICE-unix/1707 DESKTOP_AUTOSTART_ID=1027f425b0d8bfa04d158808269076543000000017070009 GIO_LAUNCHED_DESKTOP_FILE=/etc/xdg/autostart/org.gnome.SettingsDaemon.Power.desktop GIO_LAUNCHED_DESKTOP_FILE_PID=1937
skwang        -  0.0    -      -     - -        Sl+  22:04   0:00 -
skwang        -  0.0    -      -     - -        Sl+  22:04   0:00 -
skwang        -  0.0    -      -     - -        Sl+  22:04   0:00 -
skwang        -  0.0    -      -     - -        Sl+  22:04   0:00 -
skwang     1939  0.0  0.4 349612  9112 tty2     -    22:04   0:00 /usr/lib/gnome-settings-daemon/gsd-print-notifications USER=skwang LANGUAGE=zh_CN:zh TEXTDOMAIN=im-config XDG_SEAT=seat0 XDG_SESSION_TYPE=x11 SSH_AGENT_PID=1802 SHLVL=0 QT4_IM_MODULE=xim HOME=/home/skwang DESKTOP_SESSION=ubuntu GTK_MODULES=gail:atk-bridge GNOME_SHELL_SESSION_MODE=ubuntu DBUS_SESSION_BUS_ADDRESS=unix:path=/run/user/1000/bus IM_CONFIG_PHASE=2 LOGNAME=skwang GTK_IM_MODULE=ibus USERNAME=skwang XDG_SESSION_ID=2 WINDOWPATH=2 PATH=/usr/local/sbin:/usr/local/bin:/usr/sbin:/usr/bin:/sbin:/bin:/usr/games:/usr/local/games:/snap/bin XDG_RUNTIME_DIR=/run/user/1000 DISPLAY=:0 LANG=zh_CN.UTF-8 XDG_CURRENT_DESKTOP=ubuntu:GNOME XDG_SESSION_DESKTOP=ubuntu XMODIFIERS=@im=ibus XAUTHORITY=/run/user/1000/gdm/Xauthority SSH_AUTH_SOCK=/run/user/1000/keyring/ssh SHELL=/bin/bash QT_ACCESSIBILITY=1 GDMSESSION=ubuntu TEXTDOMAINDIR=/usr/share/locale/ GPG_AGENT_INFO=/run/user/1000/gnupg/S.gpg-agent:0:1 XDG_VTNR=2 QT_IM_MODULE=ibus PWD=/home/skwang CLUTTER_IM_MODULE=xim XDG_DATA_DIRS=/usr/share/ubuntu:/usr/local/share:/usr/share:/var/lib/snapd/desktop XDG_CONFIG_DIRS=/etc/xdg/xdg-ubuntu:/etc/xdg GNOME_DESKTOP_SESSION_ID=this-is-deprecated XDG_MENU_PREFIX=gnome- SESSION_MANAGER=local/skwang-virtual-machine:@/tmp/.ICE-unix/1707,unix/skwang-virtual-machine:/tmp/.ICE-unix/1707 DESKTOP_AUTOSTART_ID=1027f425b0d8bfa04d158808269076555000000017070010 GIO_LAUNCHED_DESKTOP_FILE=/etc/xdg/autostart/org.gnome.SettingsDaemon.PrintNotifications.desktop GIO_LAUNCHED_DESKTOP_FILE_PID=1939
skwang        -  0.0    -      -     - -        Sl+  22:04   0:00 -
skwang        -  0.0    -      -     - -        Sl+  22:04   0:00 -
skwang        -  0.0    -      -     - -        Sl+  22:04   0:00 -
skwang     1940  0.0  0.2 423492  5496 tty2     -    22:04   0:00 /usr/lib/gnome-settings-daemon/gsd-rfkill USER=skwang LANGUAGE=zh_CN:zh TEXTDOMAIN=im-config XDG_SEAT=seat0 XDG_SESSION_TYPE=x11 SSH_AGENT_PID=1802 SHLVL=0 QT4_IM_MODULE=xim HOME=/home/skwang DESKTOP_SESSION=ubuntu GTK_MODULES=gail:atk-bridge GNOME_SHELL_SESSION_MODE=ubuntu DBUS_SESSION_BUS_ADDRESS=unix:path=/run/user/1000/bus IM_CONFIG_PHASE=2 LOGNAME=skwang GTK_IM_MODULE=ibus USERNAME=skwang XDG_SESSION_ID=2 WINDOWPATH=2 PATH=/usr/local/sbin:/usr/local/bin:/usr/sbin:/usr/bin:/sbin:/bin:/usr/games:/usr/local/games:/snap/bin XDG_RUNTIME_DIR=/run/user/1000 DISPLAY=:0 LANG=zh_CN.UTF-8 XDG_CURRENT_DESKTOP=ubuntu:GNOME XDG_SESSION_DESKTOP=ubuntu XMODIFIERS=@im=ibus XAUTHORITY=/run/user/1000/gdm/Xauthority SSH_AUTH_SOCK=/run/user/1000/keyring/ssh SHELL=/bin/bash QT_ACCESSIBILITY=1 GDMSESSION=ubuntu TEXTDOMAINDIR=/usr/share/locale/ GPG_AGENT_INFO=/run/user/1000/gnupg/S.gpg-agent:0:1 XDG_VTNR=2 QT_IM_MODULE=ibus PWD=/home/skwang CLUTTER_IM_MODULE=xim XDG_DATA_DIRS=/usr/share/ubuntu:/usr/local/share:/usr/share:/var/lib/snapd/desktop XDG_CONFIG_DIRS=/etc/xdg/xdg-ubuntu:/etc/xdg GNOME_DESKTOP_SESSION_ID=this-is-deprecated XDG_MENU_PREFIX=gnome- SESSION_MANAGER=local/skwang-virtual-machine:@/tmp/.ICE-unix/1707,unix/skwang-virtual-machine:/tmp/.ICE-unix/1707 DESKTOP_AUTOSTART_ID=1027f425b0d8bfa04d158808269076577900000017070011 GIO_LAUNCHED_DESKTOP_FILE=/etc/xdg/autostart/org.gnome.SettingsDaemon.Rfkill.desktop GIO_LAUNCHED_DESKTOP_FILE_PID=1940
skwang        -  0.0    -      -     - -        Sl+  22:04   0:00 -
skwang        -  0.0    -      -     - -        Sl+  22:04   0:00 -
skwang        -  0.0    -      -     - -        Sl+  22:04   0:00 -
skwang     1944  0.0  0.2 275880  5536 tty2     -    22:04   0:00 /usr/lib/gnome-settings-daemon/gsd-screensaver-proxy USER=skwang LANGUAGE=zh_CN:zh TEXTDOMAIN=im-config XDG_SEAT=seat0 XDG_SESSION_TYPE=x11 SSH_AGENT_PID=1802 SHLVL=0 QT4_IM_MODULE=xim HOME=/home/skwang DESKTOP_SESSION=ubuntu GTK_MODULES=gail:atk-bridge GNOME_SHELL_SESSION_MODE=ubuntu DBUS_SESSION_BUS_ADDRESS=unix:path=/run/user/1000/bus IM_CONFIG_PHASE=2 LOGNAME=skwang GTK_IM_MODULE=ibus USERNAME=skwang XDG_SESSION_ID=2 WINDOWPATH=2 PATH=/usr/local/sbin:/usr/local/bin:/usr/sbin:/usr/bin:/sbin:/bin:/usr/games:/usr/local/games:/snap/bin XDG_RUNTIME_DIR=/run/user/1000 DISPLAY=:0 LANG=zh_CN.UTF-8 XDG_CURRENT_DESKTOP=ubuntu:GNOME XDG_SESSION_DESKTOP=ubuntu XMODIFIERS=@im=ibus XAUTHORITY=/run/user/1000/gdm/Xauthority SSH_AUTH_SOCK=/run/user/1000/keyring/ssh SHELL=/bin/bash QT_ACCESSIBILITY=1 GDMSESSION=ubuntu TEXTDOMAINDIR=/usr/share/locale/ GPG_AGENT_INFO=/run/user/1000/gnupg/S.gpg-agent:0:1 XDG_VTNR=2 QT_IM_MODULE=ibus PWD=/home/skwang CLUTTER_IM_MODULE=xim XDG_DATA_DIRS=/usr/share/ubuntu:/usr/local/share:/usr/share:/var/lib/snapd/desktop XDG_CONFIG_DIRS=/etc/xdg/xdg-ubuntu:/etc/xdg GNOME_DESKTOP_SESSION_ID=this-is-deprecated XDG_MENU_PREFIX=gnome- SESSION_MANAGER=local/skwang-virtual-machine:@/tmp/.ICE-unix/1707,unix/skwang-virtual-machine:/tmp/.ICE-unix/1707 DESKTOP_AUTOSTART_ID=1027f425b0d8bfa04d158808269076591700000017070012 GIO_LAUNCHED_DESKTOP_FILE=/etc/xdg/autostart/org.gnome.SettingsDaemon.ScreensaverProxy.desktop GIO_LAUNCHED_DESKTOP_FILE_PID=1944
skwang        -  0.0    -      -     - -        Sl+  22:04   0:00 -
skwang        -  0.0    -      -     - -        Sl+  22:04   0:00 -
skwang        -  0.0    -      -     - -        Sl+  22:04   0:00 -
skwang     1948  0.0  0.4 453212  8924 tty2     -    22:04   0:00 /usr/lib/gnome-settings-daemon/gsd-sharing USER=skwang LANGUAGE=zh_CN:zh TEXTDOMAIN=im-config XDG_SEAT=seat0 XDG_SESSION_TYPE=x11 SSH_AGENT_PID=1802 SHLVL=0 QT4_IM_MODULE=xim HOME=/home/skwang DESKTOP_SESSION=ubuntu GTK_MODULES=gail:atk-bridge GNOME_SHELL_SESSION_MODE=ubuntu DBUS_SESSION_BUS_ADDRESS=unix:path=/run/user/1000/bus IM_CONFIG_PHASE=2 LOGNAME=skwang GTK_IM_MODULE=ibus USERNAME=skwang XDG_SESSION_ID=2 WINDOWPATH=2 PATH=/usr/local/sbin:/usr/local/bin:/usr/sbin:/usr/bin:/sbin:/bin:/usr/games:/usr/local/games:/snap/bin XDG_RUNTIME_DIR=/run/user/1000 DISPLAY=:0 LANG=zh_CN.UTF-8 XDG_CURRENT_DESKTOP=ubuntu:GNOME XDG_SESSION_DESKTOP=ubuntu XMODIFIERS=@im=ibus XAUTHORITY=/run/user/1000/gdm/Xauthority SSH_AUTH_SOCK=/run/user/1000/keyring/ssh SHELL=/bin/bash QT_ACCESSIBILITY=1 GDMSESSION=ubuntu TEXTDOMAINDIR=/usr/share/locale/ GPG_AGENT_INFO=/run/user/1000/gnupg/S.gpg-agent:0:1 XDG_VTNR=2 QT_IM_MODULE=ibus PWD=/home/skwang CLUTTER_IM_MODULE=xim XDG_DATA_DIRS=/usr/share/ubuntu:/usr/local/share:/usr/share:/var/lib/snapd/desktop XDG_CONFIG_DIRS=/etc/xdg/xdg-ubuntu:/etc/xdg GNOME_DESKTOP_SESSION_ID=this-is-deprecated XDG_MENU_PREFIX=gnome- SESSION_MANAGER=local/skwang-virtual-machine:@/tmp/.ICE-unix/1707,unix/skwang-virtual-machine:/tmp/.ICE-unix/1707 DESKTOP_AUTOSTART_ID=1027f425b0d8bfa04d158808269076604100000017070013 GIO_LAUNCHED_DESKTOP_FILE=/etc/xdg/autostart/org.gnome.SettingsDaemon.Sharing.desktop GIO_LAUNCHED_DESKTOP_FILE_PID=1948
skwang        -  0.0    -      -     - -        Sl+  22:04   0:00 -
skwang        -  0.0    -      -     - -        Sl+  22:04   0:00 -
skwang        -  0.0    -      -     - -        Sl+  22:04   0:00 -
skwang        -  0.0    -      -     - -        Sl+  22:04   0:00 -
skwang     1950  0.0  0.2 378180  5452 tty2     -    22:04   0:00 /usr/lib/gnome-settings-daemon/gsd-smartcard USER=skwang LANGUAGE=zh_CN:zh TEXTDOMAIN=im-config XDG_SEAT=seat0 XDG_SESSION_TYPE=x11 SSH_AGENT_PID=1802 SHLVL=0 QT4_IM_MODULE=xim HOME=/home/skwang DESKTOP_SESSION=ubuntu GTK_MODULES=gail:atk-bridge GNOME_SHELL_SESSION_MODE=ubuntu DBUS_SESSION_BUS_ADDRESS=unix:path=/run/user/1000/bus IM_CONFIG_PHASE=2 LOGNAME=skwang GTK_IM_MODULE=ibus USERNAME=skwang XDG_SESSION_ID=2 WINDOWPATH=2 PATH=/usr/local/sbin:/usr/local/bin:/usr/sbin:/usr/bin:/sbin:/bin:/usr/games:/usr/local/games:/snap/bin XDG_RUNTIME_DIR=/run/user/1000 DISPLAY=:0 LANG=zh_CN.UTF-8 XDG_CURRENT_DESKTOP=ubuntu:GNOME XDG_SESSION_DESKTOP=ubuntu XMODIFIERS=@im=ibus XAUTHORITY=/run/user/1000/gdm/Xauthority SSH_AUTH_SOCK=/run/user/1000/keyring/ssh SHELL=/bin/bash QT_ACCESSIBILITY=1 GDMSESSION=ubuntu TEXTDOMAINDIR=/usr/share/locale/ GPG_AGENT_INFO=/run/user/1000/gnupg/S.gpg-agent:0:1 XDG_VTNR=2 QT_IM_MODULE=ibus PWD=/home/skwang CLUTTER_IM_MODULE=xim XDG_DATA_DIRS=/usr/share/ubuntu:/usr/local/share:/usr/share:/var/lib/snapd/desktop XDG_CONFIG_DIRS=/etc/xdg/xdg-ubuntu:/etc/xdg GNOME_DESKTOP_SESSION_ID=this-is-deprecated XDG_MENU_PREFIX=gnome- SESSION_MANAGER=local/skwang-virtual-machine:@/tmp/.ICE-unix/1707,unix/skwang-virtual-machine:/tmp/.ICE-unix/1707 DESKTOP_AUTOSTART_ID=1027f425b0d8bfa04d158808269076616300000017070014 GIO_LAUNCHED_DESKTOP_FILE=/etc/xdg/autostart/org.gnome.SettingsDaemon.Smartcard.desktop GIO_LAUNCHED_DESKTOP_FILE_PID=1950
skwang        -  0.0    -      -     - -        Sl+  22:04   0:00 -
skwang        -  0.0    -      -     - -        Sl+  22:04   0:00 -
skwang        -  0.0    -      -     - -        Sl+  22:04   0:00 -
skwang        -  0.0    -      -     - -        Sl+  22:04   0:00 -
skwang        -  0.0    -      -     - -        Sl+  22:04   0:00 -
skwang     1954  0.0  0.3 333116  7220 tty2     -    22:04   0:00 /usr/lib/gnome-settings-daemon/gsd-sound USER=skwang LANGUAGE=zh_CN:zh TEXTDOMAIN=im-config XDG_SEAT=seat0 XDG_SESSION_TYPE=x11 SSH_AGENT_PID=1802 SHLVL=0 QT4_IM_MODULE=xim HOME=/home/skwang DESKTOP_SESSION=ubuntu GTK_MODULES=gail:atk-bridge GNOME_SHELL_SESSION_MODE=ubuntu DBUS_SESSION_BUS_ADDRESS=unix:path=/run/user/1000/bus IM_CONFIG_PHASE=2 LOGNAME=skwang GTK_IM_MODULE=ibus USERNAME=skwang XDG_SESSION_ID=2 WINDOWPATH=2 PATH=/usr/local/sbin:/usr/local/bin:/usr/sbin:/usr/bin:/sbin:/bin:/usr/games:/usr/local/games:/snap/bin XDG_RUNTIME_DIR=/run/user/1000 DISPLAY=:0 LANG=zh_CN.UTF-8 XDG_CURRENT_DESKTOP=ubuntu:GNOME XDG_SESSION_DESKTOP=ubuntu XMODIFIERS=@im=ibus XAUTHORITY=/run/user/1000/gdm/Xauthority SSH_AUTH_SOCK=/run/user/1000/keyring/ssh SHELL=/bin/bash QT_ACCESSIBILITY=1 GDMSESSION=ubuntu TEXTDOMAINDIR=/usr/share/locale/ GPG_AGENT_INFO=/run/user/1000/gnupg/S.gpg-agent:0:1 XDG_VTNR=2 QT_IM_MODULE=ibus PWD=/home/skwang CLUTTER_IM_MODULE=xim XDG_DATA_DIRS=/usr/share/ubuntu:/usr/local/share:/usr/share:/var/lib/snapd/desktop XDG_CONFIG_DIRS=/etc/xdg/xdg-ubuntu:/etc/xdg GNOME_DESKTOP_SESSION_ID=this-is-deprecated XDG_MENU_PREFIX=gnome- SESSION_MANAGER=local/skwang-virtual-machine:@/tmp/.ICE-unix/1707,unix/skwang-virtual-machine:/tmp/.ICE-unix/1707 DESKTOP_AUTOSTART_ID=1027f425b0d8bfa04d158808269076628800000017070015 GIO_LAUNCHED_DESKTOP_FILE=/etc/xdg/autostart/org.gnome.SettingsDaemon.Sound.desktop GIO_LAUNCHED_DESKTOP_FILE_PID=1954
skwang        -  0.0    -      -     - -        Sl+  22:04   0:00 -
skwang        -  0.0    -      -     - -        Sl+  22:04   0:00 -
skwang        -  0.0    -      -     - -        Sl+  22:04   0:00 -
skwang        -  0.0    -      -     - -        Sl+  22:04   0:00 -
skwang     1959  0.0  1.0 495320 20564 tty2     -    22:04   0:00 /usr/lib/gnome-settings-daemon/gsd-xsettings USER=skwang LANGUAGE=zh_CN:zh TEXTDOMAIN=im-config XDG_SEAT=seat0 XDG_SESSION_TYPE=x11 SSH_AGENT_PID=1802 SHLVL=0 QT4_IM_MODULE=xim HOME=/home/skwang DESKTOP_SESSION=ubuntu GTK_MODULES=gail:atk-bridge GNOME_SHELL_SESSION_MODE=ubuntu DBUS_SESSION_BUS_ADDRESS=unix:path=/run/user/1000/bus IM_CONFIG_PHASE=2 LOGNAME=skwang GTK_IM_MODULE=ibus USERNAME=skwang XDG_SESSION_ID=2 WINDOWPATH=2 PATH=/usr/local/sbin:/usr/local/bin:/usr/sbin:/usr/bin:/sbin:/bin:/usr/games:/usr/local/games:/snap/bin XDG_RUNTIME_DIR=/run/user/1000 DISPLAY=:0 LANG=zh_CN.UTF-8 XDG_CURRENT_DESKTOP=ubuntu:GNOME XDG_SESSION_DESKTOP=ubuntu XMODIFIERS=@im=ibus XAUTHORITY=/run/user/1000/gdm/Xauthority SSH_AUTH_SOCK=/run/user/1000/keyring/ssh SHELL=/bin/bash QT_ACCESSIBILITY=1 GDMSESSION=ubuntu TEXTDOMAINDIR=/usr/share/locale/ GPG_AGENT_INFO=/run/user/1000/gnupg/S.gpg-agent:0:1 XDG_VTNR=2 QT_IM_MODULE=ibus PWD=/home/skwang CLUTTER_IM_MODULE=xim XDG_DATA_DIRS=/usr/share/ubuntu:/usr/local/share:/usr/share:/var/lib/snapd/desktop XDG_CONFIG_DIRS=/etc/xdg/xdg-ubuntu:/etc/xdg GNOME_DESKTOP_SESSION_ID=this-is-deprecated XDG_MENU_PREFIX=gnome- SESSION_MANAGER=local/skwang-virtual-machine:@/tmp/.ICE-unix/1707,unix/skwang-virtual-machine:/tmp/.ICE-unix/1707 DESKTOP_AUTOSTART_ID=1027f425b0d8bfa04d158808269076653000000017070017 GIO_LAUNCHED_DESKTOP_FILE=/etc/xdg/autostart/org.gnome.SettingsDaemon.XSettings.desktop GIO_LAUNCHED_DESKTOP_FILE_PID=1959
skwang        -  0.0    -      -     - -        Sl+  22:04   0:00 -
skwang        -  0.0    -      -     - -        Sl+  22:04   0:00 -
skwang        -  0.0    -      -     - -        Sl+  22:04   0:00 -
skwang        -  0.0    -      -     - -        Sl+  22:04   0:00 -
skwang     1967  0.0  1.0 429040 21032 tty2     -    22:04   0:00 /usr/lib/gnome-settings-daemon/gsd-wacom USER=skwang LANGUAGE=zh_CN:zh TEXTDOMAIN=im-config XDG_SEAT=seat0 XDG_SESSION_TYPE=x11 SSH_AGENT_PID=1802 SHLVL=0 QT4_IM_MODULE=xim HOME=/home/skwang DESKTOP_SESSION=ubuntu GTK_MODULES=gail:atk-bridge GNOME_SHELL_SESSION_MODE=ubuntu DBUS_SESSION_BUS_ADDRESS=unix:path=/run/user/1000/bus IM_CONFIG_PHASE=2 LOGNAME=skwang GTK_IM_MODULE=ibus USERNAME=skwang XDG_SESSION_ID=2 WINDOWPATH=2 PATH=/usr/local/sbin:/usr/local/bin:/usr/sbin:/usr/bin:/sbin:/bin:/usr/games:/usr/local/games:/snap/bin XDG_RUNTIME_DIR=/run/user/1000 DISPLAY=:0 LANG=zh_CN.UTF-8 XDG_CURRENT_DESKTOP=ubuntu:GNOME XDG_SESSION_DESKTOP=ubuntu XMODIFIERS=@im=ibus XAUTHORITY=/run/user/1000/gdm/Xauthority SSH_AUTH_SOCK=/run/user/1000/keyring/ssh SHELL=/bin/bash QT_ACCESSIBILITY=1 GDMSESSION=ubuntu TEXTDOMAINDIR=/usr/share/locale/ GPG_AGENT_INFO=/run/user/1000/gnupg/S.gpg-agent:0:1 XDG_VTNR=2 QT_IM_MODULE=ibus PWD=/home/skwang CLUTTER_IM_MODULE=xim XDG_DATA_DIRS=/usr/share/ubuntu:/usr/local/share:/usr/share:/var/lib/snapd/desktop XDG_CONFIG_DIRS=/etc/xdg/xdg-ubuntu:/etc/xdg GNOME_DESKTOP_SESSION_ID=this-is-deprecated XDG_MENU_PREFIX=gnome- SESSION_MANAGER=local/skwang-virtual-machine:@/tmp/.ICE-unix/1707,unix/skwang-virtual-machine:/tmp/.ICE-unix/1707 DESKTOP_AUTOSTART_ID=1027f425b0d8bfa04d158808269076640700000017070016 GIO_LAUNCHED_DESKTOP_FILE=/etc/xdg/autostart/org.gnome.SettingsDaemon.Wacom.desktop GIO_LAUNCHED_DESKTOP_FILE_PID=1967
skwang        -  0.0    -      -     - -        Sl+  22:04   0:00 -
skwang        -  0.0    -      -     - -        Sl+  22:04   0:00 -
skwang        -  0.0    -      -     - -        Sl+  22:04   0:00 -
skwang     1970  0.0  0.9 344308 19688 tty2     -    22:04   0:00 /usr/lib/gnome-settings-daemon/gsd-clipboard USER=skwang LANGUAGE=zh_CN:zh TEXTDOMAIN=im-config XDG_SEAT=seat0 XDG_SESSION_TYPE=x11 SSH_AGENT_PID=1802 SHLVL=0 QT4_IM_MODULE=xim HOME=/home/skwang DESKTOP_SESSION=ubuntu GTK_MODULES=gail:atk-bridge GNOME_SHELL_SESSION_MODE=ubuntu DBUS_SESSION_BUS_ADDRESS=unix:path=/run/user/1000/bus IM_CONFIG_PHASE=2 LOGNAME=skwang GTK_IM_MODULE=ibus USERNAME=skwang XDG_SESSION_ID=2 WINDOWPATH=2 PATH=/usr/local/sbin:/usr/local/bin:/usr/sbin:/usr/bin:/sbin:/bin:/usr/games:/usr/local/games:/snap/bin XDG_RUNTIME_DIR=/run/user/1000 DISPLAY=:0 LANG=zh_CN.UTF-8 XDG_CURRENT_DESKTOP=ubuntu:GNOME XDG_SESSION_DESKTOP=ubuntu XMODIFIERS=@im=ibus XAUTHORITY=/run/user/1000/gdm/Xauthority SSH_AUTH_SOCK=/run/user/1000/keyring/ssh SHELL=/bin/bash QT_ACCESSIBILITY=1 GDMSESSION=ubuntu TEXTDOMAINDIR=/usr/share/locale/ GPG_AGENT_INFO=/run/user/1000/gnupg/S.gpg-agent:0:1 XDG_VTNR=2 QT_IM_MODULE=ibus PWD=/home/skwang CLUTTER_IM_MODULE=xim XDG_DATA_DIRS=/usr/share/ubuntu:/usr/local/share:/usr/share:/var/lib/snapd/desktop XDG_CONFIG_DIRS=/etc/xdg/xdg-ubuntu:/etc/xdg GNOME_DESKTOP_SESSION_ID=this-is-deprecated XDG_MENU_PREFIX=gnome- SESSION_MANAGER=local/skwang-virtual-machine:@/tmp/.ICE-unix/1707,unix/skwang-virtual-machine:/tmp/.ICE-unix/1707 DESKTOP_AUTOSTART_ID=1027f425b0d8bfa04d158808269076448700000017070002 GIO_LAUNCHED_DESKTOP_FILE=/etc/xdg/autostart/org.gnome.SettingsDaemon.Clipboard.desktop GIO_LAUNCHED_DESKTOP_FILE_PID=1970
skwang        -  0.0    -      -     - -        Sl+  22:04   0:00 -
skwang        -  0.0    -      -     - -        Sl+  22:04   0:00 -
skwang        -  0.0    -      -     - -        Sl+  22:04   0:00 -
skwang     1972  0.0  0.2 278404  5464 tty2     -    22:04   0:00 /usr/lib/gnome-settings-daemon/gsd-a11y-settings USER=skwang LANGUAGE=zh_CN:zh TEXTDOMAIN=im-config XDG_SEAT=seat0 XDG_SESSION_TYPE=x11 SSH_AGENT_PID=1802 SHLVL=0 QT4_IM_MODULE=xim HOME=/home/skwang DESKTOP_SESSION=ubuntu GTK_MODULES=gail:atk-bridge GNOME_SHELL_SESSION_MODE=ubuntu DBUS_SESSION_BUS_ADDRESS=unix:path=/run/user/1000/bus IM_CONFIG_PHASE=2 LOGNAME=skwang GTK_IM_MODULE=ibus USERNAME=skwang XDG_SESSION_ID=2 WINDOWPATH=2 PATH=/usr/local/sbin:/usr/local/bin:/usr/sbin:/usr/bin:/sbin:/bin:/usr/games:/usr/local/games:/snap/bin XDG_RUNTIME_DIR=/run/user/1000 DISPLAY=:0 LANG=zh_CN.UTF-8 XDG_CURRENT_DESKTOP=ubuntu:GNOME XDG_SESSION_DESKTOP=ubuntu XMODIFIERS=@im=ibus XAUTHORITY=/run/user/1000/gdm/Xauthority SSH_AUTH_SOCK=/run/user/1000/keyring/ssh SHELL=/bin/bash QT_ACCESSIBILITY=1 GDMSESSION=ubuntu TEXTDOMAINDIR=/usr/share/locale/ GPG_AGENT_INFO=/run/user/1000/gnupg/S.gpg-agent:0:1 XDG_VTNR=2 QT_IM_MODULE=ibus PWD=/home/skwang CLUTTER_IM_MODULE=xim XDG_DATA_DIRS=/usr/share/ubuntu:/usr/local/share:/usr/share:/var/lib/snapd/desktop XDG_CONFIG_DIRS=/etc/xdg/xdg-ubuntu:/etc/xdg GNOME_DESKTOP_SESSION_ID=this-is-deprecated XDG_MENU_PREFIX=gnome- SESSION_MANAGER=local/skwang-virtual-machine:@/tmp/.ICE-unix/1707,unix/skwang-virtual-machine:/tmp/.ICE-unix/1707 DESKTOP_AUTOSTART_ID=1027f425b0d8bfa04d158808269076435800000017070001 GIO_LAUNCHED_DESKTOP_FILE=/etc/xdg/autostart/org.gnome.SettingsDaemon.A11ySettings.desktop GIO_LAUNCHED_DESKTOP_FILE_PID=1972
skwang        -  0.0    -      -     - -        Sl+  22:04   0:00 -
skwang        -  0.0    -      -     - -        Sl+  22:04   0:00 -
skwang        -  0.0    -      -     - -        Sl+  22:04   0:00 -
skwang        -  0.0    -      -     - -        Sl+  22:04   0:00 -
skwang     1973  0.0  0.6 469988 12292 tty2     -    22:04   0:00 /usr/lib/gnome-settings-daemon/gsd-datetime USER=skwang LANGUAGE=zh_CN:zh TEXTDOMAIN=im-config XDG_SEAT=seat0 XDG_SESSION_TYPE=x11 SSH_AGENT_PID=1802 SHLVL=0 QT4_IM_MODULE=xim HOME=/home/skwang DESKTOP_SESSION=ubuntu GTK_MODULES=gail:atk-bridge GNOME_SHELL_SESSION_MODE=ubuntu DBUS_SESSION_BUS_ADDRESS=unix:path=/run/user/1000/bus IM_CONFIG_PHASE=2 LOGNAME=skwang GTK_IM_MODULE=ibus USERNAME=skwang XDG_SESSION_ID=2 WINDOWPATH=2 PATH=/usr/local/sbin:/usr/local/bin:/usr/sbin:/usr/bin:/sbin:/bin:/usr/games:/usr/local/games:/snap/bin XDG_RUNTIME_DIR=/run/user/1000 DISPLAY=:0 LANG=zh_CN.UTF-8 XDG_CURRENT_DESKTOP=ubuntu:GNOME XDG_SESSION_DESKTOP=ubuntu XMODIFIERS=@im=ibus XAUTHORITY=/run/user/1000/gdm/Xauthority SSH_AUTH_SOCK=/run/user/1000/keyring/ssh SHELL=/bin/bash QT_ACCESSIBILITY=1 GDMSESSION=ubuntu TEXTDOMAINDIR=/usr/share/locale/ GPG_AGENT_INFO=/run/user/1000/gnupg/S.gpg-agent:0:1 XDG_VTNR=2 QT_IM_MODULE=ibus PWD=/home/skwang CLUTTER_IM_MODULE=xim XDG_DATA_DIRS=/usr/share/ubuntu:/usr/local/share:/usr/share:/var/lib/snapd/desktop XDG_CONFIG_DIRS=/etc/xdg/xdg-ubuntu:/etc/xdg GNOME_DESKTOP_SESSION_ID=this-is-deprecated XDG_MENU_PREFIX=gnome- SESSION_MANAGER=local/skwang-virtual-machine:@/tmp/.ICE-unix/1707,unix/skwang-virtual-machine:/tmp/.ICE-unix/1707 DESKTOP_AUTOSTART_ID=1027f425b0d8bfa04d158808269076479900000017070004 GIO_LAUNCHED_DESKTOP_FILE=/etc/xdg/autostart/org.gnome.SettingsDaemon.Datetime.desktop GIO_LAUNCHED_DESKTOP_FILE_PID=1973
skwang        -  0.0    -      -     - -        Sl+  22:04   0:00 -
skwang        -  0.0    -      -     - -        Sl+  22:04   0:00 -
skwang        -  0.0    -      -     - -        Sl+  22:04   0:00 -
skwang        -  0.0    -      -     - -        Sl+  22:04   0:00 -
skwang     1978  0.0  1.0 659240 21700 tty2     -    22:04   0:00 /usr/lib/gnome-settings-daemon/gsd-color USER=skwang LANGUAGE=zh_CN:zh TEXTDOMAIN=im-config XDG_SEAT=seat0 XDG_SESSION_TYPE=x11 SSH_AGENT_PID=1802 SHLVL=0 QT4_IM_MODULE=xim HOME=/home/skwang DESKTOP_SESSION=ubuntu GTK_MODULES=gail:atk-bridge GNOME_SHELL_SESSION_MODE=ubuntu DBUS_SESSION_BUS_ADDRESS=unix:path=/run/user/1000/bus IM_CONFIG_PHASE=2 LOGNAME=skwang GTK_IM_MODULE=ibus USERNAME=skwang XDG_SESSION_ID=2 WINDOWPATH=2 PATH=/usr/local/sbin:/usr/local/bin:/usr/sbin:/usr/bin:/sbin:/bin:/usr/games:/usr/local/games:/snap/bin XDG_RUNTIME_DIR=/run/user/1000 DISPLAY=:0 LANG=zh_CN.UTF-8 XDG_CURRENT_DESKTOP=ubuntu:GNOME XDG_SESSION_DESKTOP=ubuntu XMODIFIERS=@im=ibus XAUTHORITY=/run/user/1000/gdm/Xauthority SSH_AUTH_SOCK=/run/user/1000/keyring/ssh SHELL=/bin/bash QT_ACCESSIBILITY=1 GDMSESSION=ubuntu TEXTDOMAINDIR=/usr/share/locale/ GPG_AGENT_INFO=/run/user/1000/gnupg/S.gpg-agent:0:1 XDG_VTNR=2 QT_IM_MODULE=ibus PWD=/home/skwang CLUTTER_IM_MODULE=xim XDG_DATA_DIRS=/usr/share/ubuntu:/usr/local/share:/usr/share:/var/lib/snapd/desktop XDG_CONFIG_DIRS=/etc/xdg/xdg-ubuntu:/etc/xdg GNOME_DESKTOP_SESSION_ID=this-is-deprecated XDG_MENU_PREFIX=gnome- SESSION_MANAGER=local/skwang-virtual-machine:@/tmp/.ICE-unix/1707,unix/skwang-virtual-machine:/tmp/.ICE-unix/1707 DESKTOP_AUTOSTART_ID=1027f425b0d8bfa04d158808269076465100000017070003 GIO_LAUNCHED_DESKTOP_FILE=/etc/xdg/autostart/org.gnome.SettingsDaemon.Color.desktop GIO_LAUNCHED_DESKTOP_FILE_PID=1978
skwang        -  0.0    -      -     - -        Sl+  22:04   0:00 -
skwang        -  0.0    -      -     - -        Sl+  22:04   0:00 -
skwang        -  0.0    -      -     - -        Sl+  22:04   0:00 -
skwang        -  0.0    -      -     - -        Sl+  22:04   0:00 -
skwang     1981  0.0  1.0 507100 20664 tty2     -    22:04   0:00 /usr/lib/gnome-settings-daemon/gsd-keyboard USER=skwang LANGUAGE=zh_CN:zh TEXTDOMAIN=im-config XDG_SEAT=seat0 XDG_SESSION_TYPE=x11 SSH_AGENT_PID=1802 SHLVL=0 QT4_IM_MODULE=xim HOME=/home/skwang DESKTOP_SESSION=ubuntu GTK_MODULES=gail:atk-bridge GNOME_SHELL_SESSION_MODE=ubuntu DBUS_SESSION_BUS_ADDRESS=unix:path=/run/user/1000/bus IM_CONFIG_PHASE=2 LOGNAME=skwang GTK_IM_MODULE=ibus USERNAME=skwang XDG_SESSION_ID=2 WINDOWPATH=2 PATH=/usr/local/sbin:/usr/local/bin:/usr/sbin:/usr/bin:/sbin:/bin:/usr/games:/usr/local/games:/snap/bin XDG_RUNTIME_DIR=/run/user/1000 DISPLAY=:0 LANG=zh_CN.UTF-8 XDG_CURRENT_DESKTOP=ubuntu:GNOME XDG_SESSION_DESKTOP=ubuntu XMODIFIERS=@im=ibus XAUTHORITY=/run/user/1000/gdm/Xauthority SSH_AUTH_SOCK=/run/user/1000/keyring/ssh SHELL=/bin/bash QT_ACCESSIBILITY=1 GDMSESSION=ubuntu TEXTDOMAINDIR=/usr/share/locale/ GPG_AGENT_INFO=/run/user/1000/gnupg/S.gpg-agent:0:1 XDG_VTNR=2 QT_IM_MODULE=ibus PWD=/home/skwang CLUTTER_IM_MODULE=xim XDG_DATA_DIRS=/usr/share/ubuntu:/usr/local/share:/usr/share:/var/lib/snapd/desktop XDG_CONFIG_DIRS=/etc/xdg/xdg-ubuntu:/etc/xdg GNOME_DESKTOP_SESSION_ID=this-is-deprecated XDG_MENU_PREFIX=gnome- SESSION_MANAGER=local/skwang-virtual-machine:@/tmp/.ICE-unix/1707,unix/skwang-virtual-machine:/tmp/.ICE-unix/1707 DESKTOP_AUTOSTART_ID=1027f425b0d8bfa04d158808269076504600000017070006 GIO_LAUNCHED_DESKTOP_FILE=/etc/xdg/autostart/org.gnome.SettingsDaemon.Keyboard.desktop GIO_LAUNCHED_DESKTOP_FILE_PID=1981
skwang        -  0.0    -      -     - -        Sl+  22:04   0:00 -
skwang        -  0.0    -      -     - -        Sl+  22:04   0:00 -
skwang        -  0.0    -      -     - -        Sl+  22:04   0:00 -
skwang        -  0.0    -      -     - -        Sl+  22:04   0:00 -
skwang     1982  0.0  0.3 364696  6544 tty2     -    22:04   0:00 /usr/lib/gnome-settings-daemon/gsd-housekeeping USER=skwang LANGUAGE=zh_CN:zh TEXTDOMAIN=im-config XDG_SEAT=seat0 XDG_SESSION_TYPE=x11 SSH_AGENT_PID=1802 SHLVL=0 QT4_IM_MODULE=xim HOME=/home/skwang DESKTOP_SESSION=ubuntu GTK_MODULES=gail:atk-bridge GNOME_SHELL_SESSION_MODE=ubuntu DBUS_SESSION_BUS_ADDRESS=unix:path=/run/user/1000/bus IM_CONFIG_PHASE=2 LOGNAME=skwang GTK_IM_MODULE=ibus USERNAME=skwang XDG_SESSION_ID=2 WINDOWPATH=2 PATH=/usr/local/sbin:/usr/local/bin:/usr/sbin:/usr/bin:/sbin:/bin:/usr/games:/usr/local/games:/snap/bin XDG_RUNTIME_DIR=/run/user/1000 DISPLAY=:0 LANG=zh_CN.UTF-8 XDG_CURRENT_DESKTOP=ubuntu:GNOME XDG_SESSION_DESKTOP=ubuntu XMODIFIERS=@im=ibus XAUTHORITY=/run/user/1000/gdm/Xauthority SSH_AUTH_SOCK=/run/user/1000/keyring/ssh SHELL=/bin/bash QT_ACCESSIBILITY=1 GDMSESSION=ubuntu TEXTDOMAINDIR=/usr/share/locale/ GPG_AGENT_INFO=/run/user/1000/gnupg/S.gpg-agent:0:1 XDG_VTNR=2 QT_IM_MODULE=ibus PWD=/home/skwang CLUTTER_IM_MODULE=xim XDG_DATA_DIRS=/usr/share/ubuntu:/usr/local/share:/usr/share:/var/lib/snapd/desktop XDG_CONFIG_DIRS=/etc/xdg/xdg-ubuntu:/etc/xdg GNOME_DESKTOP_SESSION_ID=this-is-deprecated XDG_MENU_PREFIX=gnome- SESSION_MANAGER=local/skwang-virtual-machine:@/tmp/.ICE-unix/1707,unix/skwang-virtual-machine:/tmp/.ICE-unix/1707 DESKTOP_AUTOSTART_ID=1027f425b0d8bfa04d158808269076492400000017070005 GIO_LAUNCHED_DESKTOP_FILE=/etc/xdg/autostart/org.gnome.SettingsDaemon.Housekeeping.desktop GIO_LAUNCHED_DESKTOP_FILE_PID=1982
skwang        -  0.0    -      -     - -        Sl+  22:04   0:00 -
skwang        -  0.0    -      -     - -        Sl+  22:04   0:00 -
skwang        -  0.0    -      -     - -        Sl+  22:04   0:00 -
skwang        -  0.0    -      -     - -        Sl+  22:04   0:00 -
skwang     1984  0.0  0.2 278408  5380 tty2     -    22:04   0:00 /usr/lib/gnome-settings-daemon/gsd-mouse USER=skwang LANGUAGE=zh_CN:zh TEXTDOMAIN=im-config XDG_SEAT=seat0 XDG_SESSION_TYPE=x11 SSH_AGENT_PID=1802 SHLVL=0 QT4_IM_MODULE=xim HOME=/home/skwang DESKTOP_SESSION=ubuntu GTK_MODULES=gail:atk-bridge GNOME_SHELL_SESSION_MODE=ubuntu DBUS_SESSION_BUS_ADDRESS=unix:path=/run/user/1000/bus IM_CONFIG_PHASE=2 LOGNAME=skwang GTK_IM_MODULE=ibus USERNAME=skwang XDG_SESSION_ID=2 WINDOWPATH=2 PATH=/usr/local/sbin:/usr/local/bin:/usr/sbin:/usr/bin:/sbin:/bin:/usr/games:/usr/local/games:/snap/bin XDG_RUNTIME_DIR=/run/user/1000 DISPLAY=:0 LANG=zh_CN.UTF-8 XDG_CURRENT_DESKTOP=ubuntu:GNOME XDG_SESSION_DESKTOP=ubuntu XMODIFIERS=@im=ibus XAUTHORITY=/run/user/1000/gdm/Xauthority SSH_AUTH_SOCK=/run/user/1000/keyring/ssh SHELL=/bin/bash QT_ACCESSIBILITY=1 GDMSESSION=ubuntu TEXTDOMAINDIR=/usr/share/locale/ GPG_AGENT_INFO=/run/user/1000/gnupg/S.gpg-agent:0:1 XDG_VTNR=2 QT_IM_MODULE=ibus PWD=/home/skwang CLUTTER_IM_MODULE=xim XDG_DATA_DIRS=/usr/share/ubuntu:/usr/local/share:/usr/share:/var/lib/snapd/desktop XDG_CONFIG_DIRS=/etc/xdg/xdg-ubuntu:/etc/xdg GNOME_DESKTOP_SESSION_ID=this-is-deprecated XDG_MENU_PREFIX=gnome- SESSION_MANAGER=local/skwang-virtual-machine:@/tmp/.ICE-unix/1707,unix/skwang-virtual-machine:/tmp/.ICE-unix/1707 DESKTOP_AUTOSTART_ID=1027f425b0d8bfa04d158808269076530800000017070008 GIO_LAUNCHED_DESKTOP_FILE=/etc/xdg/autostart/org.gnome.SettingsDaemon.Mouse.desktop GIO_LAUNCHED_DESKTOP_FILE_PID=1984
skwang        -  0.0    -      -     - -        Sl+  22:04   0:00 -
skwang        -  0.0    -      -     - -        Sl+  22:04   0:00 -
skwang        -  0.0    -      -     - -        Sl+  22:04   0:00 -
skwang        -  0.0    -      -     - -        Sl+  22:04   0:00 -
skwang     1987  0.0  1.0 793432 21856 tty2     -    22:04   0:00 /usr/lib/gnome-settings-daemon/gsd-media-keys USER=skwang LANGUAGE=zh_CN:zh TEXTDOMAIN=im-config XDG_SEAT=seat0 XDG_SESSION_TYPE=x11 SSH_AGENT_PID=1802 SHLVL=0 QT4_IM_MODULE=xim HOME=/home/skwang DESKTOP_SESSION=ubuntu GTK_MODULES=gail:atk-bridge GNOME_SHELL_SESSION_MODE=ubuntu DBUS_SESSION_BUS_ADDRESS=unix:path=/run/user/1000/bus IM_CONFIG_PHASE=2 LOGNAME=skwang GTK_IM_MODULE=ibus USERNAME=skwang XDG_SESSION_ID=2 WINDOWPATH=2 PATH=/usr/local/sbin:/usr/local/bin:/usr/sbin:/usr/bin:/sbin:/bin:/usr/games:/usr/local/games:/snap/bin XDG_RUNTIME_DIR=/run/user/1000 DISPLAY=:0 LANG=zh_CN.UTF-8 XDG_CURRENT_DESKTOP=ubuntu:GNOME XDG_SESSION_DESKTOP=ubuntu XMODIFIERS=@im=ibus XAUTHORITY=/run/user/1000/gdm/Xauthority SSH_AUTH_SOCK=/run/user/1000/keyring/ssh SHELL=/bin/bash QT_ACCESSIBILITY=1 GDMSESSION=ubuntu TEXTDOMAINDIR=/usr/share/locale/ GPG_AGENT_INFO=/run/user/1000/gnupg/S.gpg-agent:0:1 XDG_VTNR=2 QT_IM_MODULE=ibus PWD=/home/skwang CLUTTER_IM_MODULE=xim XDG_DATA_DIRS=/usr/share/ubuntu:/usr/local/share:/usr/share:/var/lib/snapd/desktop XDG_CONFIG_DIRS=/etc/xdg/xdg-ubuntu:/etc/xdg GNOME_DESKTOP_SESSION_ID=this-is-deprecated XDG_MENU_PREFIX=gnome- SESSION_MANAGER=local/skwang-virtual-machine:@/tmp/.ICE-unix/1707,unix/skwang-virtual-machine:/tmp/.ICE-unix/1707 DESKTOP_AUTOSTART_ID=1027f425b0d8bfa04d158808269076517100000017070007 GIO_LAUNCHED_DESKTOP_FILE=/etc/xdg/autostart/org.gnome.SettingsDaemon.MediaKeys.desktop GIO_LAUNCHED_DESKTOP_FILE_PID=1987
skwang        -  0.0    -      -     - -        Sl+  22:04   0:00 -
skwang        -  0.0    -      -     - -        Sl+  22:04   0:00 -
skwang        -  0.0    -      -     - -        Sl+  22:04   0:00 -
skwang        -  0.0    -      -     - -        Sl+  22:04   0:00 -
skwang     2018  0.0  0.6 508912 12104 tty2     -    22:04   0:00 /usr/lib/gnome-settings-daemon/gsd-printer USER=skwang LANGUAGE=zh_CN:zh TEXTDOMAIN=im-config XDG_SEAT=seat0 XDG_SESSION_TYPE=x11 SSH_AGENT_PID=1802 SHLVL=0 QT4_IM_MODULE=xim HOME=/home/skwang DESKTOP_SESSION=ubuntu GTK_MODULES=gail:atk-bridge GNOME_SHELL_SESSION_MODE=ubuntu DBUS_SESSION_BUS_ADDRESS=unix:path=/run/user/1000/bus IM_CONFIG_PHASE=2 LOGNAME=skwang GTK_IM_MODULE=ibus USERNAME=skwang XDG_SESSION_ID=2 WINDOWPATH=2 PATH=/usr/local/sbin:/usr/local/bin:/usr/sbin:/usr/bin:/sbin:/bin:/usr/games:/usr/local/games:/snap/bin XDG_RUNTIME_DIR=/run/user/1000 DISPLAY=:0 LANG=zh_CN.UTF-8 XDG_CURRENT_DESKTOP=ubuntu:GNOME XDG_SESSION_DESKTOP=ubuntu XMODIFIERS=@im=ibus XAUTHORITY=/run/user/1000/gdm/Xauthority SSH_AUTH_SOCK=/run/user/1000/keyring/ssh SHELL=/bin/bash QT_ACCESSIBILITY=1 GDMSESSION=ubuntu TEXTDOMAINDIR=/usr/share/locale/ GPG_AGENT_INFO=/run/user/1000/gnupg/S.gpg-agent:0:1 XDG_VTNR=2 QT_IM_MODULE=ibus PWD=/home/skwang CLUTTER_IM_MODULE=xim XDG_DATA_DIRS=/usr/share/ubuntu:/usr/local/share:/usr/share:/var/lib/snapd/desktop XDG_CONFIG_DIRS=/etc/xdg/xdg-ubuntu:/etc/xdg GNOME_DESKTOP_SESSION_ID=this-is-deprecated XDG_MENU_PREFIX=gnome- SESSION_MANAGER=local/skwang-virtual-machine:@/tmp/.ICE-unix/1707,unix/skwang-virtual-machine:/tmp/.ICE-unix/1707 DESKTOP_AUTOSTART_ID=1027f425b0d8bfa04d158808269076555000000017070010 GIO_LAUNCHED_DESKTOP_FILE=/etc/xdg/autostart/org.gnome.SettingsDaemon.PrintNotifications.desktop GIO_LAUNCHED_DESKTOP_FILE_PID=1939
skwang        -  0.0    -      -     - -        Sl+  22:04   0:00 -
skwang        -  0.0    -      -     - -        Sl+  22:04   0:00 -
skwang        -  0.0    -      -     - -        Sl+  22:04   0:00 -
skwang     2035  0.0  0.2 271932  5700 tty2     -    22:04   0:00 /usr/lib/gnome-disk-utility/gsd-disk-utility-notify USER=skwang LANGUAGE=zh_CN:zh TEXTDOMAIN=im-config XDG_SEAT=seat0 XDG_SESSION_TYPE=x11 SSH_AGENT_PID=1802 SHLVL=0 QT4_IM_MODULE=xim HOME=/home/skwang DESKTOP_SESSION=ubuntu GTK_MODULES=gail:atk-bridge GNOME_SHELL_SESSION_MODE=ubuntu DBUS_SESSION_BUS_ADDRESS=unix:path=/run/user/1000/bus IM_CONFIG_PHASE=2 LOGNAME=skwang GTK_IM_MODULE=ibus USERNAME=skwang XDG_SESSION_ID=2 WINDOWPATH=2 PATH=/usr/local/sbin:/usr/local/bin:/usr/sbin:/usr/bin:/sbin:/bin:/usr/games:/usr/local/games:/snap/bin XDG_RUNTIME_DIR=/run/user/1000 DISPLAY=:0 LANG=zh_CN.UTF-8 XDG_CURRENT_DESKTOP=ubuntu:GNOME XDG_SESSION_DESKTOP=ubuntu XMODIFIERS=@im=ibus XAUTHORITY=/run/user/1000/gdm/Xauthority SSH_AUTH_SOCK=/run/user/1000/keyring/ssh SHELL=/bin/bash QT_ACCESSIBILITY=1 GDMSESSION=ubuntu TEXTDOMAINDIR=/usr/share/locale/ GPG_AGENT_INFO=/run/user/1000/gnupg/S.gpg-agent:0:1 XDG_VTNR=2 QT_IM_MODULE=ibus PWD=/home/skwang CLUTTER_IM_MODULE=xim XDG_DATA_DIRS=/usr/share/ubuntu:/usr/local/share:/usr/share:/var/lib/snapd/desktop XDG_CONFIG_DIRS=/etc/xdg/xdg-ubuntu:/etc/xdg GNOME_DESKTOP_SESSION_ID=this-is-deprecated XDG_MENU_PREFIX=gnome- SESSION_MANAGER=local/skwang-virtual-machine:@/tmp/.ICE-unix/1707,unix/skwang-virtual-machine:/tmp/.ICE-unix/1707 DESKTOP_AUTOSTART_ID=1027f425b0d8bfa04d158808269077967500000017070045 GIO_LAUNCHED_DESKTOP_FILE=/etc/xdg/autostart/org.gnome.SettingsDaemon.DiskUtilityNotify.desktop GIO_LAUNCHED_DESKTOP_FILE_PID=2035
skwang        -  0.0    -      -     - -        Sl+  22:04   0:00 -
skwang        -  0.0    -      -     - -        Sl+  22:04   0:00 -
skwang        -  0.0    -      -     - -        Sl+  22:04   0:00 -
skwang     2040  0.1  4.6 935016 92316 tty2     -    22:04   0:08 nautilus-desktop USER=skwang LANGUAGE=zh_CN:zh TEXTDOMAIN=im-config XDG_SEAT=seat0 XDG_SESSION_TYPE=x11 SSH_AGENT_PID=1802 SHLVL=0 QT4_IM_MODULE=xim HOME=/home/skwang DESKTOP_SESSION=ubuntu GTK_MODULES=gail:atk-bridge GNOME_SHELL_SESSION_MODE=ubuntu DBUS_SESSION_BUS_ADDRESS=unix:path=/run/user/1000/bus IM_CONFIG_PHASE=2 LOGNAME=skwang GTK_IM_MODULE=ibus USERNAME=skwang XDG_SESSION_ID=2 WINDOWPATH=2 PATH=/usr/local/sbin:/usr/local/bin:/usr/sbin:/usr/bin:/sbin:/bin:/usr/games:/usr/local/games:/snap/bin XDG_RUNTIME_DIR=/run/user/1000 DISPLAY=:0 LANG=zh_CN.UTF-8 XDG_CURRENT_DESKTOP=ubuntu:GNOME XDG_SESSION_DESKTOP=ubuntu XMODIFIERS=@im=ibus XAUTHORITY=/run/user/1000/gdm/Xauthority SSH_AUTH_SOCK=/run/user/1000/keyring/ssh SHELL=/bin/bash QT_ACCESSIBILITY=1 GDMSESSION=ubuntu TEXTDOMAINDIR=/usr/share/locale/ GPG_AGENT_INFO=/run/user/1000/gnupg/S.gpg-agent:0:1 XDG_VTNR=2 QT_IM_MODULE=ibus PWD=/home/skwang CLUTTER_IM_MODULE=xim XDG_DATA_DIRS=/usr/share/ubuntu:/usr/local/share:/usr/share:/var/lib/snapd/desktop XDG_CONFIG_DIRS=/etc/xdg/xdg-ubuntu:/etc/xdg GNOME_DESKTOP_SESSION_ID=this-is-deprecated XDG_MENU_PREFIX=gnome- SESSION_MANAGER=local/skwang-virtual-machine:@/tmp/.ICE-unix/1707,unix/skwang-virtual-machine:/tmp/.ICE-unix/1707 DESKTOP_AUTOSTART_ID=1027f425b0d8bfa04d158808269078132900000017070049 GIO_LAUNCHED_DESKTOP_FILE=/etc/xdg/autostart/nautilus-autostart.desktop GIO_LAUNCHED_DESKTOP_FILE_PID=2040
skwang        -  0.1    -      -     - -        Sl+  22:04   0:08 -
skwang        -  0.0    -      -     - -        Sl+  22:04   0:00 -
skwang        -  0.0    -      -     - -        Sl+  22:04   0:00 -
skwang        -  0.0    -      -     - -        Sl+  22:04   0:00 -
skwang     2044  0.1  0.4 185568  9408 tty2     -    22:04   0:08 /usr/lib/vmware-tools/sbin64/vmtoolsd -n vmusr --blockFd 3 USER=skwang LANGUAGE=zh_CN:zh TEXTDOMAIN=im-config XDG_SEAT=seat0 XDG_SESSION_TYPE=x11 SSH_AGENT_PID=1802 SHLVL=0 QT4_IM_MODULE=xim HOME=/home/skwang DESKTOP_SESSION=ubuntu GTK_MODULES=gail:atk-bridge GNOME_SHELL_SESSION_MODE=ubuntu DBUS_SESSION_BUS_ADDRESS=unix:path=/run/user/1000/bus IM_CONFIG_PHASE=2 LOGNAME=skwang GTK_IM_MODULE=ibus USERNAME=skwang XDG_SESSION_ID=2 WINDOWPATH=2 PATH=/usr/local/sbin:/usr/local/bin:/usr/sbin:/usr/bin:/sbin:/bin:/usr/games:/usr/local/games:/snap/bin XDG_RUNTIME_DIR=/run/user/1000 DISPLAY=:0 LANG=zh_CN.UTF-8 XDG_CURRENT_DESKTOP=ubuntu:GNOME XDG_SESSION_DESKTOP=ubuntu XMODIFIERS=@im=ibus XAUTHORITY=/run/user/1000/gdm/Xauthority SSH_AUTH_SOCK=/run/user/1000/keyring/ssh SHELL=/bin/bash QT_ACCESSIBILITY=1 GDMSESSION=ubuntu TEXTDOMAINDIR=/usr/share/locale/ GPG_AGENT_INFO=/run/user/1000/gnupg/S.gpg-agent:0:1 XDG_VTNR=2 QT_IM_MODULE=ibus PWD=/home/skwang CLUTTER_IM_MODULE=xim XDG_DATA_DIRS=/usr/share/ubuntu:/usr/local/share:/usr/share:/var/lib/snapd/desktop XDG_CONFIG_DIRS=/etc/xdg/xdg-ubuntu:/etc/xdg GNOME_DESKTOP_SESSION_ID=this-is-deprecated XDG_MENU_PREFIX=gnome- SESSION_MANAGER=local/skwang-virtual-machine:@/tmp/.ICE-unix/1707,unix/skwang-virtual-machine:/tmp/.ICE-unix/1707 DESKTOP_AUTOSTART_ID=1027f425b0d8bfa04d158808269076805900000017070019 GIO_LAUNCHED_DESKTOP_FILE=/usr/share/gnome/autostart/vmware-user.desktop GIO_LAUNCHED_DESKTOP_FILE_PID=2042
skwang        -  0.1    -      -     - -        S+   22:04   0:08 -
skwang     2063  0.0  0.3 368360  6324 ?        -    22:04   0:00 /usr/lib/gvfs/gvfsd-trash --spawner :1.22 /org/gtk/gvfs/exec_spaw/0 CLUTTER_IM_MODULE=xim DBUS_SESSION_BUS_ADDRESS=unix:path=/run/user/1000/bus DESKTOP_SESSION=ubuntu DISPLAY=:0 GDMSESSION=ubuntu GNOME_DESKTOP_SESSION_ID=this-is-deprecated GNOME_SHELL_SESSION_MODE=ubuntu GPG_AGENT_INFO=/run/user/1000/gnupg/S.gpg-agent:0:1 GTK_IM_MODULE=ibus GTK_MODULES=gail:atk-bridge HOME=/home/skwang IM_CONFIG_PHASE=2 LANG=zh_CN.UTF-8 LANGUAGE=zh_CN:zh LOGNAME=skwang PATH=/usr/local/sbin:/usr/local/bin:/usr/sbin:/usr/bin:/sbin:/bin:/usr/games:/usr/local/games:/snap/bin PWD=/home/skwang QT4_IM_MODULE=xim QT_ACCESSIBILITY=1 QT_IM_MODULE=ibus SESSION_MANAGER=local/skwang-virtual-machine:@/tmp/.ICE-unix/1707,unix/skwang-virtual-machine:/tmp/.ICE-unix/1707 SHELL=/bin/bash SHLVL=0 SSH_AGENT_PID=1802 SSH_AUTH_SOCK=/run/user/1000/keyring/ssh TEXTDOMAIN=im-config TEXTDOMAINDIR=/usr/share/locale/ USER=skwang USERNAME=skwang WINDOWPATH=2 XAUTHORITY=/run/user/1000/gdm/Xauthority XDG_CONFIG_DIRS=/etc/xdg/xdg-ubuntu:/etc/xdg XDG_CURRENT_DESKTOP=ubuntu:GNOME XDG_DATA_DIRS=/usr/share/ubuntu:/usr/local/share:/usr/share:/var/lib/snapd/desktop XDG_MENU_PREFIX=gnome- XDG_RUNTIME_DIR=/run/user/1000 XDG_SEAT=seat0 XDG_SESSION_DESKTOP=ubuntu XDG_SESSION_ID=2 XDG_SESSION_TYPE=x11 XDG_VTNR=2 XMODIFIERS=@im=ibus _=/usr/bin/dbus-update-activation-environment MANAGERPID=1677 INVOCATION_ID=ab143fe69f6d43c2b474b00115cbd5a1 JOURNAL_STREAM=9:41066
skwang        -  0.0    -      -     - -        Sl   22:04   0:00 -
skwang        -  0.0    -      -     - -        Sl   22:04   0:00 -
skwang        -  0.0    -      -     - -        Sl   22:04   0:00 -
skwang     2090  0.0  0.2 188016  5088 ?        -    22:04   0:00 /usr/lib/dconf/dconf-service XDG_RUNTIME_DIR=/run/user/1000 XMODIFIERS=@im=ibus SESSION_MANAGER=local/skwang-virtual-machine:@/tmp/.ICE-unix/1707,unix/skwang-virtual-machine:/tmp/.ICE-unix/1707 XDG_SESSION_TYPE=x11 DBUS_SESSION_BUS_ADDRESS=unix:path=/run/user/1000/bus,guid=ee36aeb017b39846970284dd5ea83800 USER=skwang XAUTHORITY=/run/user/1000/gdm/Xauthority QT_IM_MODULE=ibus DBUS_STARTER_BUS_TYPE=session SHLVL=0 XDG_MENU_PREFIX=gnome- XDG_SESSION_DESKTOP=ubuntu SHELL=/bin/bash QT_ACCESSIBILITY=1 WINDOWPATH=2 USERNAME=skwang XDG_DATA_DIRS=/usr/share/ubuntu:/usr/local/share:/usr/share:/var/lib/snapd/desktop LANGUAGE=zh_CN:zh QT4_IM_MODULE=xim IM_CONFIG_PHASE=2 GNOME_SHELL_SESSION_MODE=ubuntu TEXTDOMAINDIR=/usr/share/locale/ PWD=/home/skwang HOME=/home/skwang _=/usr/bin/dbus-update-activation-environment CLUTTER_IM_MODULE=xim DBUS_STARTER_ADDRESS=unix:path=/run/user/1000/bus,guid=ee36aeb017b39846970284dd5ea83800 DISPLAY=:0 SSH_AUTH_SOCK=/run/user/1000/keyring/ssh PATH=/usr/local/sbin:/usr/local/bin:/usr/sbin:/usr/bin:/sbin:/bin:/usr/games:/usr/local/games:/snap/bin GTK_MODULES=gail:atk-bridge GDMSESSION=ubuntu GTK_IM_MODULE=ibus XDG_VTNR=2 GNOME_DESKTOP_SESSION_ID=this-is-deprecated JOURNAL_STREAM=9:34751 XDG_SESSION_ID=2 GPG_AGENT_INFO=/run/user/1000/gnupg/S.gpg-agent:0:1 XDG_SEAT=seat0 INVOCATION_ID=05be9e23bb75423086f8041e0591c2b3 LANG=zh_CN.UTF-8 LOGNAME=skwang TEXTDOMAIN=im-config XDG_CURRENT_DESKTOP=ubuntu:GNOME DESKTOP_SESSION=ubuntu SSH_AGENT_PID=1802 MANAGERPID=1677 XDG_CONFIG_DIRS=/etc/xdg/xdg-ubuntu:/etc/xdg
skwang        -  0.0    -      -     - -        Sl   22:04   0:00 -
skwang        -  0.0    -      -     - -        Sl   22:04   0:00 -
skwang        -  0.0    -      -     - -        Sl   22:04   0:00 -
skwang     2098  0.0  2.6 892444 54092 ?        -    22:04   0:00 /usr/lib/evolution/evolution-calendar-factory CLUTTER_IM_MODULE=xim DBUS_SESSION_BUS_ADDRESS=unix:path=/run/user/1000/bus DESKTOP_SESSION=ubuntu DISPLAY=:0 GDMSESSION=ubuntu GNOME_DESKTOP_SESSION_ID=this-is-deprecated GNOME_SHELL_SESSION_MODE=ubuntu GPG_AGENT_INFO=/run/user/1000/gnupg/S.gpg-agent:0:1 GTK_IM_MODULE=ibus GTK_MODULES=gail:atk-bridge HOME=/home/skwang IM_CONFIG_PHASE=2 LANG=zh_CN.UTF-8 LANGUAGE=zh_CN:zh LOGNAME=skwang PATH=/usr/local/sbin:/usr/local/bin:/usr/sbin:/usr/bin:/sbin:/bin:/usr/games:/usr/local/games:/snap/bin PWD=/home/skwang QT4_IM_MODULE=xim QT_ACCESSIBILITY=1 QT_IM_MODULE=ibus SESSION_MANAGER=local/skwang-virtual-machine:@/tmp/.ICE-unix/1707,unix/skwang-virtual-machine:/tmp/.ICE-unix/1707 SHELL=/bin/bash SHLVL=0 SSH_AGENT_PID=1802 SSH_AUTH_SOCK=/run/user/1000/keyring/ssh TEXTDOMAIN=im-config TEXTDOMAINDIR=/usr/share/locale/ USER=skwang USERNAME=skwang WINDOWPATH=2 XAUTHORITY=/run/user/1000/gdm/Xauthority XDG_CONFIG_DIRS=/etc/xdg/xdg-ubuntu:/etc/xdg XDG_CURRENT_DESKTOP=ubuntu:GNOME XDG_DATA_DIRS=/usr/share/ubuntu:/usr/local/share:/usr/share:/var/lib/snapd/desktop XDG_MENU_PREFIX=gnome- XDG_RUNTIME_DIR=/run/user/1000 XDG_SEAT=seat0 XDG_SESSION_DESKTOP=ubuntu XDG_SESSION_ID=2 XDG_SESSION_TYPE=x11 XDG_VTNR=2 XMODIFIERS=@im=ibus _=/usr/bin/dbus-update-activation-environment MANAGERPID=1677 INVOCATION_ID=83eeec6057114b099c9934cf256c08a3 JOURNAL_STREAM=9:39872
skwang        -  0.0    -      -     - -        Ssl  22:04   0:00 -
skwang        -  0.0    -      -     - -        Ssl  22:04   0:00 -
skwang        -  0.0    -      -     - -        Ssl  22:04   0:00 -
skwang        -  0.0    -      -     - -        Ssl  22:04   0:00 -
skwang        -  0.0    -      -     - -        Ssl  22:04   0:00 -
skwang     2113  0.0  2.4 1136128 49116 ?       -    22:04   0:00 /usr/lib/evolution/evolution-calendar-factory-subprocess --factory all --bus-name org.gnome.evolution.dataserver.Subprocess.Backend.Calendarx2098x2 --own-path /org/gnome/evolution/dataserver/Subprocess/Backend/Calendar/2098/2 CLUTTER_IM_MODULE=xim DBUS_SESSION_BUS_ADDRESS=unix:path=/run/user/1000/bus DESKTOP_SESSION=ubuntu DISPLAY=:0 GDMSESSION=ubuntu GNOME_DESKTOP_SESSION_ID=this-is-deprecated GNOME_SHELL_SESSION_MODE=ubuntu GPG_AGENT_INFO=/run/user/1000/gnupg/S.gpg-agent:0:1 GTK_IM_MODULE=ibus GTK_MODULES=gail:atk-bridge HOME=/home/skwang IM_CONFIG_PHASE=2 LANG=zh_CN.UTF-8 LANGUAGE=zh_CN:zh LOGNAME=skwang PATH=/usr/local/sbin:/usr/local/bin:/usr/sbin:/usr/bin:/sbin:/bin:/usr/games:/usr/local/games:/snap/bin PWD=/home/skwang QT4_IM_MODULE=xim QT_ACCESSIBILITY=1 QT_IM_MODULE=ibus SESSION_MANAGER=local/skwang-virtual-machine:@/tmp/.ICE-unix/1707,unix/skwang-virtual-machine:/tmp/.ICE-unix/1707 SHELL=/bin/bash SHLVL=0 SSH_AGENT_PID=1802 SSH_AUTH_SOCK=/run/user/1000/keyring/ssh TEXTDOMAIN=im-config TEXTDOMAINDIR=/usr/share/locale/ USER=skwang USERNAME=skwang WINDOWPATH=2 XAUTHORITY=/run/user/1000/gdm/Xauthority XDG_CONFIG_DIRS=/etc/xdg/xdg-ubuntu:/etc/xdg XDG_CURRENT_DESKTOP=ubuntu:GNOME XDG_DATA_DIRS=/usr/share/ubuntu:/usr/local/share:/usr/share:/var/lib/snapd/desktop XDG_MENU_PREFIX=gnome- XDG_RUNTIME_DIR=/run/user/1000 XDG_SEAT=seat0 XDG_SESSION_DESKTOP=ubuntu XDG_SESSION_ID=2 XDG_SESSION_TYPE=x11 XDG_VTNR=2 XMODIFIERS=@im=ibus _=/usr/bin/dbus-update-activation-environment MANAGERPID=1677 INVOCATION_ID=83eeec6057114b099c9934cf256c08a3 JOURNAL_STREAM=9:39872
skwang        -  0.0    -      -     - -        Sl   22:04   0:00 -
skwang        -  0.0    -      -     - -        Sl   22:04   0:00 -
skwang        -  0.0    -      -     - -        Sl   22:04   0:00 -
skwang        -  0.0    -      -     - -        Sl   22:04   0:00 -
skwang        -  0.0    -      -     - -        Sl   22:04   0:00 -
skwang        -  0.0    -      -     - -        Sl   22:04   0:00 -
skwang        -  0.0    -      -     - -        Sl   22:04   0:00 -
skwang        -  0.0    -      -     - -        Sl   22:04   0:00 -
skwang        -  0.0    -      -     - -        Sl   22:04   0:00 -
skwang     2115  0.0  0.5 317104 11296 tty2     -    22:04   0:01 /usr/lib/ibus/ibus-engine-libpinyin --ibus USER=skwang LANGUAGE=zh_CN:zh TEXTDOMAIN=im-config XDG_SEAT=seat0 XDG_SESSION_TYPE=x11 SSH_AGENT_PID=1802 SHLVL=0 QT4_IM_MODULE=xim HOME=/home/skwang DESKTOP_SESSION=ubuntu GTK_MODULES=gail:atk-bridge GNOME_SHELL_SESSION_MODE=ubuntu DBUS_SESSION_BUS_ADDRESS=unix:path=/run/user/1000/bus IM_CONFIG_PHASE=2 LOGNAME=skwang GTK_IM_MODULE=ibus USERNAME=skwang XDG_SESSION_ID=2 WINDOWPATH=2 PATH=/usr/local/sbin:/usr/local/bin:/usr/sbin:/usr/bin:/sbin:/bin:/usr/games:/usr/local/games:/snap/bin XDG_RUNTIME_DIR=/run/user/1000 DISPLAY=:0 LANG=zh_CN.UTF-8 XDG_CURRENT_DESKTOP=ubuntu:GNOME XDG_SESSION_DESKTOP=ubuntu XMODIFIERS=@im=ibus XAUTHORITY=/run/user/1000/gdm/Xauthority SSH_AUTH_SOCK=/run/user/1000/keyring/ssh SHELL=/bin/bash QT_ACCESSIBILITY=1 GDMSESSION=ubuntu TEXTDOMAINDIR=/usr/share/locale/ GPG_AGENT_INFO=/run/user/1000/gnupg/S.gpg-agent:0:1 XDG_VTNR=2 QT_IM_MODULE=ibus PWD=/home/skwang CLUTTER_IM_MODULE=xim XDG_DATA_DIRS=/usr/share/ubuntu:/usr/local/share:/usr/share:/var/lib/snapd/desktop XDG_CONFIG_DIRS=/etc/xdg/xdg-ubuntu:/etc/xdg GNOME_DESKTOP_SESSION_ID=this-is-deprecated XDG_MENU_PREFIX=gnome- SESSION_MANAGER=local/skwang-virtual-machine:@/tmp/.ICE-unix/1707,unix/skwang-virtual-machine:/tmp/.ICE-unix/1707 DESKTOP_AUTOSTART_ID=1027f425b0d8bfa04d158808269076419300000017070000 GIO_LAUNCHED_DESKTOP_FILE=/usr/share/applications/org.gnome.Shell.desktop GIO_LAUNCHED_DESKTOP_FILE_PID=1829 GJS_DEBUG_OUTPUT=stderr GJS_DEBUG_TOPICS=JS ERROR;JS LOG
skwang        -  0.0    -      -     - -        Sl   22:04   0:00 -
skwang        -  0.0    -      -     - -        Sl   22:04   0:00 -
skwang        -  0.0    -      -     - -        Sl   22:04   0:01 -
skwang        -  0.0    -      -     - -        Sl   22:04   0:00 -
skwang     2130  0.0  0.7 732964 14204 ?        -    22:04   0:00 /usr/lib/evolution/evolution-addressbook-factory CLUTTER_IM_MODULE=xim DBUS_SESSION_BUS_ADDRESS=unix:path=/run/user/1000/bus DESKTOP_SESSION=ubuntu DISPLAY=:0 GDMSESSION=ubuntu GNOME_DESKTOP_SESSION_ID=this-is-deprecated GNOME_SHELL_SESSION_MODE=ubuntu GPG_AGENT_INFO=/run/user/1000/gnupg/S.gpg-agent:0:1 GTK_IM_MODULE=ibus GTK_MODULES=gail:atk-bridge HOME=/home/skwang IM_CONFIG_PHASE=2 LANG=zh_CN.UTF-8 LANGUAGE=zh_CN:zh LOGNAME=skwang PATH=/usr/local/sbin:/usr/local/bin:/usr/sbin:/usr/bin:/sbin:/bin:/usr/games:/usr/local/games:/snap/bin PWD=/home/skwang QT4_IM_MODULE=xim QT_ACCESSIBILITY=1 QT_IM_MODULE=ibus SESSION_MANAGER=local/skwang-virtual-machine:@/tmp/.ICE-unix/1707,unix/skwang-virtual-machine:/tmp/.ICE-unix/1707 SHELL=/bin/bash SHLVL=0 SSH_AGENT_PID=1802 SSH_AUTH_SOCK=/run/user/1000/keyring/ssh TEXTDOMAIN=im-config TEXTDOMAINDIR=/usr/share/locale/ USER=skwang USERNAME=skwang WINDOWPATH=2 XAUTHORITY=/run/user/1000/gdm/Xauthority XDG_CONFIG_DIRS=/etc/xdg/xdg-ubuntu:/etc/xdg XDG_CURRENT_DESKTOP=ubuntu:GNOME XDG_DATA_DIRS=/usr/share/ubuntu:/usr/local/share:/usr/share:/var/lib/snapd/desktop XDG_MENU_PREFIX=gnome- XDG_RUNTIME_DIR=/run/user/1000 XDG_SEAT=seat0 XDG_SESSION_DESKTOP=ubuntu XDG_SESSION_ID=2 XDG_SESSION_TYPE=x11 XDG_VTNR=2 XMODIFIERS=@im=ibus _=/usr/bin/dbus-update-activation-environment MANAGERPID=1677 INVOCATION_ID=9dcb3b354f8443a4910348e2ff147827 JOURNAL_STREAM=9:43080
skwang        -  0.0    -      -     - -        Ssl  22:04   0:00 -
skwang        -  0.0    -      -     - -        Ssl  22:04   0:00 -
skwang        -  0.0    -      -     - -        Ssl  22:04   0:00 -
skwang        -  0.0    -      -     - -        Ssl  22:04   0:00 -
skwang        -  0.0    -      -     - -        Ssl  22:04   0:00 -
skwang     2139  0.0  0.8 1019776 16156 ?       -    22:04   0:00 /usr/lib/evolution/evolution-addressbook-factory-subprocess --factory all --bus-name org.gnome.evolution.dataserver.Subprocess.Backend.AddressBookx2130x2 --own-path /org/gnome/evolution/dataserver/Subprocess/Backend/AddressBook/2130/2 CLUTTER_IM_MODULE=xim DBUS_SESSION_BUS_ADDRESS=unix:path=/run/user/1000/bus DESKTOP_SESSION=ubuntu DISPLAY=:0 GDMSESSION=ubuntu GNOME_DESKTOP_SESSION_ID=this-is-deprecated GNOME_SHELL_SESSION_MODE=ubuntu GPG_AGENT_INFO=/run/user/1000/gnupg/S.gpg-agent:0:1 GTK_IM_MODULE=ibus GTK_MODULES=gail:atk-bridge HOME=/home/skwang IM_CONFIG_PHASE=2 LANG=zh_CN.UTF-8 LANGUAGE=zh_CN:zh LOGNAME=skwang PATH=/usr/local/sbin:/usr/local/bin:/usr/sbin:/usr/bin:/sbin:/bin:/usr/games:/usr/local/games:/snap/bin PWD=/home/skwang QT4_IM_MODULE=xim QT_ACCESSIBILITY=1 QT_IM_MODULE=ibus SESSION_MANAGER=local/skwang-virtual-machine:@/tmp/.ICE-unix/1707,unix/skwang-virtual-machine:/tmp/.ICE-unix/1707 SHELL=/bin/bash SHLVL=0 SSH_AGENT_PID=1802 SSH_AUTH_SOCK=/run/user/1000/keyring/ssh TEXTDOMAIN=im-config TEXTDOMAINDIR=/usr/share/locale/ USER=skwang USERNAME=skwang WINDOWPATH=2 XAUTHORITY=/run/user/1000/gdm/Xauthority XDG_CONFIG_DIRS=/etc/xdg/xdg-ubuntu:/etc/xdg XDG_CURRENT_DESKTOP=ubuntu:GNOME XDG_DATA_DIRS=/usr/share/ubuntu:/usr/local/share:/usr/share:/var/lib/snapd/desktop XDG_MENU_PREFIX=gnome- XDG_RUNTIME_DIR=/run/user/1000 XDG_SEAT=seat0 XDG_SESSION_DESKTOP=ubuntu XDG_SESSION_ID=2 XDG_SESSION_TYPE=x11 XDG_VTNR=2 XMODIFIERS=@im=ibus _=/usr/bin/dbus-update-activation-environment MANAGERPID=1677 INVOCATION_ID=9dcb3b354f8443a4910348e2ff147827 JOURNAL_STREAM=9:43080
skwang        -  0.0    -      -     - -        Sl   22:04   0:00 -
skwang        -  0.0    -      -     - -        Sl   22:04   0:00 -
skwang        -  0.0    -      -     - -        Sl   22:04   0:00 -
skwang        -  0.0    -      -     - -        Sl   22:04   0:00 -
skwang        -  0.0    -      -     - -        Sl   22:04   0:00 -
skwang        -  0.0    -      -     - -        Sl   22:04   0:00 -
root       2176  0.0  0.0      0     0 ?        -    22:05   0:00 [cfg80211]
root          -  0.0    -      -     - -        I<   22:05   0:00 -
root       2358  0.0  0.0   4504   732 ?        -    22:05   0:00 bpfilter_umh
root          -  0.0    -      -     - -        S    22:05   0:00 -
skwang     2432  0.0  7.2 1226440 145512 tty2   -    22:05   0:03 /usr/bin/gnome-software --gapplication-service USER=skwang LANGUAGE=zh_CN:zh TEXTDOMAIN=im-config XDG_SEAT=seat0 XDG_SESSION_TYPE=x11 SSH_AGENT_PID=1802 SHLVL=0 QT4_IM_MODULE=xim HOME=/home/skwang DESKTOP_SESSION=ubuntu GTK_MODULES=gail:atk-bridge GNOME_SHELL_SESSION_MODE=ubuntu DBUS_SESSION_BUS_ADDRESS=unix:path=/run/user/1000/bus IM_CONFIG_PHASE=2 LOGNAME=skwang GTK_IM_MODULE=ibus USERNAME=skwang XDG_SESSION_ID=2 WINDOWPATH=2 PATH=/usr/local/sbin:/usr/local/bin:/usr/sbin:/usr/bin:/sbin:/bin:/usr/games:/usr/local/games:/snap/bin XDG_RUNTIME_DIR=/run/user/1000 DISPLAY=:0 LANG=zh_CN.UTF-8 XDG_CURRENT_DESKTOP=ubuntu:GNOME XDG_SESSION_DESKTOP=ubuntu XMODIFIERS=@im=ibus XAUTHORITY=/run/user/1000/gdm/Xauthority SSH_AUTH_SOCK=/run/user/1000/keyring/ssh SHELL=/bin/bash QT_ACCESSIBILITY=1 GDMSESSION=ubuntu TEXTDOMAINDIR=/usr/share/locale/ GPG_AGENT_INFO=/run/user/1000/gnupg/S.gpg-agent:0:1 XDG_VTNR=2 QT_IM_MODULE=ibus PWD=/home/skwang CLUTTER_IM_MODULE=xim XDG_DATA_DIRS=/usr/share/ubuntu:/usr/local/share:/usr/share:/var/lib/snapd/desktop XDG_CONFIG_DIRS=/etc/xdg/xdg-ubuntu:/etc/xdg GNOME_DESKTOP_SESSION_ID=this-is-deprecated XDG_MENU_PREFIX=gnome- SESSION_MANAGER=local/skwang-virtual-machine:@/tmp/.ICE-unix/1707,unix/skwang-virtual-machine:/tmp/.ICE-unix/1707 DESKTOP_AUTOSTART_ID=1027f425b0d8bfa04d158808269077563400000017070034 GIO_LAUNCHED_DESKTOP_FILE=/etc/xdg/autostart/gnome-software-service.desktop GIO_LAUNCHED_DESKTOP_FILE_PID=2432
skwang        -  0.0    -      -     - -        SLl+ 22:05   0:02 -
skwang        -  0.0    -      -     - -        SLl+ 22:05   0:00 -
skwang        -  0.0    -      -     - -        SLl+ 22:05   0:00 -
skwang        -  0.0    -      -     - -        SLl+ 22:05   0:00 -
skwang     2435  0.0  1.2 615668 24240 tty2     -    22:05   0:00 update-notifier USER=skwang LANGUAGE=zh_CN:zh TEXTDOMAIN=im-config XDG_SEAT=seat0 XDG_SESSION_TYPE=x11 SSH_AGENT_PID=1802 SHLVL=0 QT4_IM_MODULE=xim HOME=/home/skwang DESKTOP_SESSION=ubuntu GTK_MODULES=gail:atk-bridge GNOME_SHELL_SESSION_MODE=ubuntu DBUS_SESSION_BUS_ADDRESS=unix:path=/run/user/1000/bus IM_CONFIG_PHASE=2 LOGNAME=skwang GTK_IM_MODULE=ibus USERNAME=skwang XDG_SESSION_ID=2 WINDOWPATH=2 PATH=/usr/local/sbin:/usr/local/bin:/usr/sbin:/usr/bin:/sbin:/bin:/usr/games:/usr/local/games:/snap/bin XDG_RUNTIME_DIR=/run/user/1000 DISPLAY=:0 LANG=zh_CN.UTF-8 XDG_CURRENT_DESKTOP=ubuntu:GNOME XDG_SESSION_DESKTOP=ubuntu XMODIFIERS=@im=ibus XAUTHORITY=/run/user/1000/gdm/Xauthority SSH_AUTH_SOCK=/run/user/1000/keyring/ssh SHELL=/bin/bash QT_ACCESSIBILITY=1 GDMSESSION=ubuntu TEXTDOMAINDIR=/usr/share/locale/ GPG_AGENT_INFO=/run/user/1000/gnupg/S.gpg-agent:0:1 XDG_VTNR=2 QT_IM_MODULE=ibus PWD=/home/skwang CLUTTER_IM_MODULE=xim XDG_DATA_DIRS=/usr/share/ubuntu:/usr/local/share:/usr/share:/var/lib/snapd/desktop XDG_CONFIG_DIRS=/etc/xdg/xdg-ubuntu:/etc/xdg GNOME_DESKTOP_SESSION_ID=this-is-deprecated XDG_MENU_PREFIX=gnome- SESSION_MANAGER=local/skwang-virtual-machine:@/tmp/.ICE-unix/1707,unix/skwang-virtual-machine:/tmp/.ICE-unix/1707 DESKTOP_AUTOSTART_ID=1027f425b0d8bfa04d158808269078233000000017070051 GIO_LAUNCHED_DESKTOP_FILE=/etc/xdg/autostart/update-notifier.desktop GIO_LAUNCHED_DESKTOP_FILE_PID=2435
skwang        -  0.0    -      -     - -        Sl+  22:05   0:00 -
skwang        -  0.0    -      -     - -        Sl+  22:05   0:00 -
skwang        -  0.0    -      -     - -        Sl+  22:05   0:00 -
skwang        -  0.0    -      -     - -        Sl+  22:05   0:00 -
root       2456  0.0  1.0 560860 21964 ?        -    22:05   0:00 /usr/lib/fwupd/fwupd LANG=zh_CN.UTF-8 LANGUAGE=zh_CN:zh PATH=/usr/local/sbin:/usr/local/bin:/usr/sbin:/usr/bin:/sbin:/bin INVOCATION_ID=b245eaa273914ecabccaa8f44c2e97e5 JOURNAL_STREAM=9:48470
root          -  0.0    -      -     - -        Ssl  22:05   0:00 -
root          -  0.0    -      -     - -        Ssl  22:05   0:00 -
root          -  0.0    -      -     - -        Ssl  22:05   0:00 -
root          -  0.0    -      -     - -        Ssl  22:05   0:00 -
root          -  0.0    -      -     - -        Ssl  22:05   0:00 -
root       3073  0.0  0.1  45832  2212 ?        -    22:31   0:00 dbus-launch --autolaunch=508d787474e7466ebe99802997de88f7 --binary-syntax --close-stderr LS_COLORS=rs=0:di=01;34:ln=01;36:mh=00:pi=40;33:so=01;35:do=01;35:bd=40;33;01:cd=40;33;01:or=40;31;01:mi=00:su=37;41:sg=30;43:ca=30;41:tw=30;42:ow=34;42:st=37;44:ex=01;32:*.tar=01;31:*.tgz=01;31:*.arc=01;31:*.arj=01;31:*.taz=01;31:*.lha=01;31:*.lz4=01;31:*.lzh=01;31:*.lzma=01;31:*.tlz=01;31:*.txz=01;31:*.tzo=01;31:*.t7z=01;31:*.zip=01;31:*.z=01;31:*.Z=01;31:*.dz=01;31:*.gz=01;31:*.lrz=01;31:*.lz=01;31:*.lzo=01;31:*.xz=01;31:*.zst=01;31:*.tzst=01;31:*.bz2=01;31:*.bz=01;31:*.tbz=01;31:*.tbz2=01;31:*.tz=01;31:*.deb=01;31:*.rpm=01;31:*.jar=01;31:*.war=01;31:*.ear=01;31:*.sar=01;31:*.rar=01;31:*.alz=01;31:*.ace=01;31:*.zoo=01;31:*.cpio=01;31:*.7z=01;31:*.rz=01;31:*.cab=01;31:*.wim=01;31:*.swm=01;31:*.dwm=01;31:*.esd=01;31:*.jpg=01;35:*.jpeg=01;35:*.mjpg=01;35:*.mjpeg=01;35:*.gif=01;35:*.bmp=01;35:*.pbm=01;35:*.pgm=01;35:*.ppm=01;35:*.tga=01;35:*.xbm=01;35:*.xpm=01;35:*.tif=01;35:*.tiff=01;35:*.png=01;35:*.svg=01;35:*.svgz=01;35:*.mng=01;35:*.pcx=01;35:*.mov=01;35:*.mpg=01;35:*.mpeg=01;35:*.m2v=01;35:*.mkv=01;35:*.webm=01;35:*.ogm=01;35:*.mp4=01;35:*.m4v=01;35:*.mp4v=01;35:*.vob=01;35:*.qt=01;35:*.nuv=01;35:*.wmv=01;35:*.asf=01;35:*.rm=01;35:*.rmvb=01;35:*.flc=01;35:*.avi=01;35:*.fli=01;35:*.flv=01;35:*.gl=01;35:*.dl=01;35:*.xcf=01;35:*.xwd=01;35:*.yuv=01;35:*.cgm=01;35:*.emf=01;35:*.ogv=01;35:*.ogx=01;35:*.aac=00;36:*.au=00;36:*.flac=00;36:*.m4a=00;36:*.mid=00;36:*.midi=00;36:*.mka=00;36:*.mp3=00;36:*.mpc=00;36:*.ogg=00;36:*.ra=00;36:*.wav=00;36:*.oga=00;36:*.opus=00;36:*.spx=00;36:*.xspf=00;36: LANG=zh_CN.UTF-8 DISPLAY=:0 COLORTERM=truecolor HOME=/home/skwang TERM=xterm-256color LANGUAGE=zh_CN:zh XAUTHORITY=/run/user/1000/gdm/Xauthority PATH=/usr/local/sbin:/usr/local/bin:/usr/sbin:/usr/bin:/sbin:/bin:/snap/bin MAIL=/var/mail/root LOGNAME=root USER=root USERNAME=root SHELL=/bin/bash SUDO_COMMAND=/usr/bin/wireshark-gtk SUDO_USER=skwang SUDO_UID=1000 SUDO_GID=1000
root          -  0.0    -      -     - -        S    22:31   0:00 -
root       3074  0.0  0.1  49920  3208 ?        -    22:31   0:00 /usr/bin/dbus-daemon --syslog-only --fork --print-pid 5 --print-address 7 --session LS_COLORS=rs=0:di=01;34:ln=01;36:mh=00:pi=40;33:so=01;35:do=01;35:bd=40;33;01:cd=40;33;01:or=40;31;01:mi=00:su=37;41:sg=30;43:ca=30;41:tw=30;42:ow=34;42:st=37;44:ex=01;32:*.tar=01;31:*.tgz=01;31:*.arc=01;31:*.arj=01;31:*.taz=01;31:*.lha=01;31:*.lz4=01;31:*.lzh=01;31:*.lzma=01;31:*.tlz=01;31:*.txz=01;31:*.tzo=01;31:*.t7z=01;31:*.zip=01;31:*.z=01;31:*.Z=01;31:*.dz=01;31:*.gz=01;31:*.lrz=01;31:*.lz=01;31:*.lzo=01;31:*.xz=01;31:*.zst=01;31:*.tzst=01;31:*.bz2=01;31:*.bz=01;31:*.tbz=01;31:*.tbz2=01;31:*.tz=01;31:*.deb=01;31:*.rpm=01;31:*.jar=01;31:*.war=01;31:*.ear=01;31:*.sar=01;31:*.rar=01;31:*.alz=01;31:*.ace=01;31:*.zoo=01;31:*.cpio=01;31:*.7z=01;31:*.rz=01;31:*.cab=01;31:*.wim=01;31:*.swm=01;31:*.dwm=01;31:*.esd=01;31:*.jpg=01;35:*.jpeg=01;35:*.mjpg=01;35:*.mjpeg=01;35:*.gif=01;35:*.bmp=01;35:*.pbm=01;35:*.pgm=01;35:*.ppm=01;35:*.tga=01;35:*.xbm=01;35:*.xpm=01;35:*.tif=01;35:*.tiff=01;35:*.png=01;35:*.svg=01;35:*.svgz=01;35:*.mng=01;35:*.pcx=01;35:*.mov=01;35:*.mpg=01;35:*.mpeg=01;35:*.m2v=01;35:*.mkv=01;35:*.webm=01;35:*.ogm=01;35:*.mp4=01;35:*.m4v=01;35:*.mp4v=01;35:*.vob=01;35:*.qt=01;35:*.nuv=01;35:*.wmv=01;35:*.asf=01;35:*.rm=01;35:*.rmvb=01;35:*.flc=01;35:*.avi=01;35:*.fli=01;35:*.flv=01;35:*.gl=01;35:*.dl=01;35:*.xcf=01;35:*.xwd=01;35:*.yuv=01;35:*.cgm=01;35:*.emf=01;35:*.ogv=01;35:*.ogx=01;35:*.aac=00;36:*.au=00;36:*.flac=00;36:*.m4a=00;36:*.mid=00;36:*.midi=00;36:*.mka=00;36:*.mp3=00;36:*.mpc=00;36:*.ogg=00;36:*.ra=00;36:*.wav=00;36:*.oga=00;36:*.opus=00;36:*.spx=00;36:*.xspf=00;36: LANG=zh_CN.UTF-8 DISPLAY=:0 COLORTERM=truecolor HOME=/home/skwang TERM=xterm-256color LANGUAGE=zh_CN:zh XAUTHORITY=/run/user/1000/gdm/Xauthority PATH=/usr/local/sbin:/usr/local/bin:/usr/sbin:/usr/bin:/sbin:/bin:/snap/bin MAIL=/var/mail/root LOGNAME=root USER=root USERNAME=root SHELL=/bin/bash SUDO_COMMAND=/usr/bin/wireshark-gtk SUDO_USER=skwang SUDO_UID=1000 SUDO_GID=1000
root          -  0.0    -      -     - -        Ss   22:31   0:00 -
skwang     3448  0.0  0.2 204668  5824 ?        -    22:59   0:00 /usr/lib/gvfs/gvfsd-metadata CLUTTER_IM_MODULE=xim DBUS_SESSION_BUS_ADDRESS=unix:path=/run/user/1000/bus DESKTOP_SESSION=ubuntu DISPLAY=:0 GDMSESSION=ubuntu GNOME_DESKTOP_SESSION_ID=this-is-deprecated GNOME_SHELL_SESSION_MODE=ubuntu GPG_AGENT_INFO=/run/user/1000/gnupg/S.gpg-agent:0:1 GTK_IM_MODULE=ibus GTK_MODULES=gail:atk-bridge HOME=/home/skwang IM_CONFIG_PHASE=2 LANG=zh_CN.UTF-8 LANGUAGE=zh_CN:zh LOGNAME=skwang PATH=/usr/local/sbin:/usr/local/bin:/usr/sbin:/usr/bin:/sbin:/bin:/usr/games:/usr/local/games:/snap/bin PWD=/home/skwang QT4_IM_MODULE=xim QT_ACCESSIBILITY=1 QT_IM_MODULE=ibus SESSION_MANAGER=local/skwang-virtual-machine:@/tmp/.ICE-unix/1707,unix/skwang-virtual-machine:/tmp/.ICE-unix/1707 SHELL=/bin/bash SHLVL=0 SSH_AGENT_PID=1802 SSH_AUTH_SOCK=/run/user/1000/keyring/ssh TEXTDOMAIN=im-config TEXTDOMAINDIR=/usr/share/locale/ USER=skwang USERNAME=skwang WINDOWPATH=2 XAUTHORITY=/run/user/1000/gdm/Xauthority XDG_CONFIG_DIRS=/etc/xdg/xdg-ubuntu:/etc/xdg XDG_CURRENT_DESKTOP=ubuntu:GNOME XDG_DATA_DIRS=/usr/share/ubuntu:/usr/local/share:/usr/share:/var/lib/snapd/desktop XDG_MENU_PREFIX=gnome- XDG_RUNTIME_DIR=/run/user/1000 XDG_SEAT=seat0 XDG_SESSION_DESKTOP=ubuntu XDG_SESSION_ID=2 XDG_SESSION_TYPE=x11 XDG_VTNR=2 XMODIFIERS=@im=ibus _=/usr/bin/dbus-update-activation-environment MANAGERPID=1677 INVOCATION_ID=6b5d6ac59b5c4f028d04ee3dc857512a JOURNAL_STREAM=9:72994
skwang        -  0.0    -      -     - -        Ssl  22:59   0:00 -
skwang        -  0.0    -      -     - -        Ssl  22:59   0:00 -
skwang        -  0.0    -      -     - -        Ssl  22:59   0:00 -
root       3458  0.0  0.4 468032  9212 ?        -    22:59   0:00 /usr/libexec/xdg-desktop-portal SUDO_GID=1000 SHELL=/bin/bash DBUS_STARTER_ADDRESS=unix:abstract=/tmp/dbus-FZvk5oc9zP,guid=27e37449fe63a9b40f0876fb5ea83e52 DISPLAY=:0 PATH=/usr/local/sbin:/usr/local/bin:/usr/sbin:/usr/bin:/sbin:/bin:/snap/bin USERNAME=root MAIL=/var/mail/root LS_COLORS=rs=0:di=01;34:ln=01;36:mh=00:pi=40;33:so=01;35:do=01;35:bd=40;33;01:cd=40;33;01:or=40;31;01:mi=00:su=37;41:sg=30;43:ca=30;41:tw=30;42:ow=34;42:st=37;44:ex=01;32:*.tar=01;31:*.tgz=01;31:*.arc=01;31:*.arj=01;31:*.taz=01;31:*.lha=01;31:*.lz4=01;31:*.lzh=01;31:*.lzma=01;31:*.tlz=01;31:*.txz=01;31:*.tzo=01;31:*.t7z=01;31:*.zip=01;31:*.z=01;31:*.Z=01;31:*.dz=01;31:*.gz=01;31:*.lrz=01;31:*.lz=01;31:*.lzo=01;31:*.xz=01;31:*.zst=01;31:*.tzst=01;31:*.bz2=01;31:*.bz=01;31:*.tbz=01;31:*.tbz2=01;31:*.tz=01;31:*.deb=01;31:*.rpm=01;31:*.jar=01;31:*.war=01;31:*.ear=01;31:*.sar=01;31:*.rar=01;31:*.alz=01;31:*.ace=01;31:*.zoo=01;31:*.cpio=01;31:*.7z=01;31:*.rz=01;31:*.cab=01;31:*.wim=01;31:*.swm=01;31:*.dwm=01;31:*.esd=01;31:*.jpg=01;35:*.jpeg=01;35:*.mjpg=01;35:*.mjpeg=01;35:*.gif=01;35:*.bmp=01;35:*.pbm=01;35:*.pgm=01;35:*.ppm=01;35:*.tga=01;35:*.xbm=01;35:*.xpm=01;35:*.tif=01;35:*.tiff=01;35:*.png=01;35:*.svg=01;35:*.svgz=01;35:*.mng=01;35:*.pcx=01;35:*.mov=01;35:*.mpg=01;35:*.mpeg=01;35:*.m2v=01;35:*.mkv=01;35:*.webm=01;35:*.ogm=01;35:*.mp4=01;35:*.m4v=01;35:*.mp4v=01;35:*.vob=01;35:*.qt=01;35:*.nuv=01;35:*.wmv=01;35:*.asf=01;35:*.rm=01;35:*.rmvb=01;35:*.flc=01;35:*.avi=01;35:*.fli=01;35:*.flv=01;35:*.gl=01;35:*.dl=01;35:*.xcf=01;35:*.xwd=01;35:*.yuv=01;35:*.cgm=01;35:*.emf=01;35:*.ogv=01;35:*.ogx=01;35:*.aac=00;36:*.au=00;36:*.flac=00;36:*.m4a=00;36:*.mid=00;36:*.midi=00;36:*.mka=00;36:*.mp3=00;36:*.mpc=00;36:*.ogg=00;36:*.ra=00;36:*.wav=00;36:*.oga=00;36:*.opus=00;36:*.spx=00;36:*.xspf=00;36: LANGUAGE=zh_CN:zh DBUS_SESSION_BUS_ADDRESS=unix:abstract=/tmp/dbus-FZvk5oc9zP,guid=27e37449fe63a9b40f0876fb5ea83e52 SUDO_COMMAND=/usr/bin/wireshark-gtk XAUTHORITY=/run/user/1000/gdm/Xauthority USER=root DBUS_STARTER_BUS_TYPE=session TERM=xterm-256color SUDO_USER=skwang SUDO_UID=1000 LANG=zh_CN.UTF-8 COLORTERM=truecolor HOME=/home/skwang LOGNAME=root
root          -  0.0    -      -     - -        Sl   22:59   0:00 -
root          -  0.0    -      -     - -        Sl   22:59   0:00 -
root          -  0.0    -      -     - -        Sl   22:59   0:00 -
root          -  0.0    -      -     - -        Sl   22:59   0:00 -
root       3463  0.0  0.2 430092  5620 ?        -    22:59   0:00 /usr/libexec/xdg-document-portal SUDO_GID=1000 SHELL=/bin/bash DBUS_STARTER_ADDRESS=unix:abstract=/tmp/dbus-FZvk5oc9zP,guid=27e37449fe63a9b40f0876fb5ea83e52 DISPLAY=:0 PATH=/usr/local/sbin:/usr/local/bin:/usr/sbin:/usr/bin:/sbin:/bin:/snap/bin USERNAME=root MAIL=/var/mail/root LS_COLORS=rs=0:di=01;34:ln=01;36:mh=00:pi=40;33:so=01;35:do=01;35:bd=40;33;01:cd=40;33;01:or=40;31;01:mi=00:su=37;41:sg=30;43:ca=30;41:tw=30;42:ow=34;42:st=37;44:ex=01;32:*.tar=01;31:*.tgz=01;31:*.arc=01;31:*.arj=01;31:*.taz=01;31:*.lha=01;31:*.lz4=01;31:*.lzh=01;31:*.lzma=01;31:*.tlz=01;31:*.txz=01;31:*.tzo=01;31:*.t7z=01;31:*.zip=01;31:*.z=01;31:*.Z=01;31:*.dz=01;31:*.gz=01;31:*.lrz=01;31:*.lz=01;31:*.lzo=01;31:*.xz=01;31:*.zst=01;31:*.tzst=01;31:*.bz2=01;31:*.bz=01;31:*.tbz=01;31:*.tbz2=01;31:*.tz=01;31:*.deb=01;31:*.rpm=01;31:*.jar=01;31:*.war=01;31:*.ear=01;31:*.sar=01;31:*.rar=01;31:*.alz=01;31:*.ace=01;31:*.zoo=01;31:*.cpio=01;31:*.7z=01;31:*.rz=01;31:*.cab=01;31:*.wim=01;31:*.swm=01;31:*.dwm=01;31:*.esd=01;31:*.jpg=01;35:*.jpeg=01;35:*.mjpg=01;35:*.mjpeg=01;35:*.gif=01;35:*.bmp=01;35:*.pbm=01;35:*.pgm=01;35:*.ppm=01;35:*.tga=01;35:*.xbm=01;35:*.xpm=01;35:*.tif=01;35:*.tiff=01;35:*.png=01;35:*.svg=01;35:*.svgz=01;35:*.mng=01;35:*.pcx=01;35:*.mov=01;35:*.mpg=01;35:*.mpeg=01;35:*.m2v=01;35:*.mkv=01;35:*.webm=01;35:*.ogm=01;35:*.mp4=01;35:*.m4v=01;35:*.mp4v=01;35:*.vob=01;35:*.qt=01;35:*.nuv=01;35:*.wmv=01;35:*.asf=01;35:*.rm=01;35:*.rmvb=01;35:*.flc=01;35:*.avi=01;35:*.fli=01;35:*.flv=01;35:*.gl=01;35:*.dl=01;35:*.xcf=01;35:*.xwd=01;35:*.yuv=01;35:*.cgm=01;35:*.emf=01;35:*.ogv=01;35:*.ogx=01;35:*.aac=00;36:*.au=00;36:*.flac=00;36:*.m4a=00;36:*.mid=00;36:*.midi=00;36:*.mka=00;36:*.mp3=00;36:*.mpc=00;36:*.ogg=00;36:*.ra=00;36:*.wav=00;36:*.oga=00;36:*.opus=00;36:*.spx=00;36:*.xspf=00;36: LANGUAGE=zh_CN:zh DBUS_SESSION_BUS_ADDRESS=unix:abstract=/tmp/dbus-FZvk5oc9zP,guid=27e37449fe63a9b40f0876fb5ea83e52 SUDO_COMMAND=/usr/bin/wireshark-gtk XAUTHORITY=/run/user/1000/gdm/Xauthority USER=root DBUS_STARTER_BUS_TYPE=session TERM=xterm-256color SUDO_USER=skwang SUDO_UID=1000 LANG=zh_CN.UTF-8 COLORTERM=truecolor HOME=/home/skwang LOGNAME=root
root          -  0.0    -      -     - -        Sl   22:59   0:00 -
root          -  0.0    -      -     - -        Sl   22:59   0:00 -
root          -  0.0    -      -     - -        Sl   22:59   0:00 -
root          -  0.0    -      -     - -        Sl   22:59   0:00 -
root          -  0.0    -      -     - -        Sl   22:59   0:00 -
root          -  0.0    -      -     - -        Sl   22:59   0:00 -
root       3467  0.0  0.2 271796  4924 ?        -    22:59   0:00 /usr/libexec/xdg-permission-store SUDO_GID=1000 SHELL=/bin/bash DBUS_STARTER_ADDRESS=unix:abstract=/tmp/dbus-FZvk5oc9zP,guid=27e37449fe63a9b40f0876fb5ea83e52 DISPLAY=:0 PATH=/usr/local/sbin:/usr/local/bin:/usr/sbin:/usr/bin:/sbin:/bin:/snap/bin USERNAME=root MAIL=/var/mail/root LS_COLORS=rs=0:di=01;34:ln=01;36:mh=00:pi=40;33:so=01;35:do=01;35:bd=40;33;01:cd=40;33;01:or=40;31;01:mi=00:su=37;41:sg=30;43:ca=30;41:tw=30;42:ow=34;42:st=37;44:ex=01;32:*.tar=01;31:*.tgz=01;31:*.arc=01;31:*.arj=01;31:*.taz=01;31:*.lha=01;31:*.lz4=01;31:*.lzh=01;31:*.lzma=01;31:*.tlz=01;31:*.txz=01;31:*.tzo=01;31:*.t7z=01;31:*.zip=01;31:*.z=01;31:*.Z=01;31:*.dz=01;31:*.gz=01;31:*.lrz=01;31:*.lz=01;31:*.lzo=01;31:*.xz=01;31:*.zst=01;31:*.tzst=01;31:*.bz2=01;31:*.bz=01;31:*.tbz=01;31:*.tbz2=01;31:*.tz=01;31:*.deb=01;31:*.rpm=01;31:*.jar=01;31:*.war=01;31:*.ear=01;31:*.sar=01;31:*.rar=01;31:*.alz=01;31:*.ace=01;31:*.zoo=01;31:*.cpio=01;31:*.7z=01;31:*.rz=01;31:*.cab=01;31:*.wim=01;31:*.swm=01;31:*.dwm=01;31:*.esd=01;31:*.jpg=01;35:*.jpeg=01;35:*.mjpg=01;35:*.mjpeg=01;35:*.gif=01;35:*.bmp=01;35:*.pbm=01;35:*.pgm=01;35:*.ppm=01;35:*.tga=01;35:*.xbm=01;35:*.xpm=01;35:*.tif=01;35:*.tiff=01;35:*.png=01;35:*.svg=01;35:*.svgz=01;35:*.mng=01;35:*.pcx=01;35:*.mov=01;35:*.mpg=01;35:*.mpeg=01;35:*.m2v=01;35:*.mkv=01;35:*.webm=01;35:*.ogm=01;35:*.mp4=01;35:*.m4v=01;35:*.mp4v=01;35:*.vob=01;35:*.qt=01;35:*.nuv=01;35:*.wmv=01;35:*.asf=01;35:*.rm=01;35:*.rmvb=01;35:*.flc=01;35:*.avi=01;35:*.fli=01;35:*.flv=01;35:*.gl=01;35:*.dl=01;35:*.xcf=01;35:*.xwd=01;35:*.yuv=01;35:*.cgm=01;35:*.emf=01;35:*.ogv=01;35:*.ogx=01;35:*.aac=00;36:*.au=00;36:*.flac=00;36:*.m4a=00;36:*.mid=00;36:*.midi=00;36:*.mka=00;36:*.mp3=00;36:*.mpc=00;36:*.ogg=00;36:*.ra=00;36:*.wav=00;36:*.oga=00;36:*.opus=00;36:*.spx=00;36:*.xspf=00;36: LANGUAGE=zh_CN:zh DBUS_SESSION_BUS_ADDRESS=unix:abstract=/tmp/dbus-FZvk5oc9zP,guid=27e37449fe63a9b40f0876fb5ea83e52 SUDO_COMMAND=/usr/bin/wireshark-gtk XAUTHORITY=/run/user/1000/gdm/Xauthority USER=root DBUS_STARTER_BUS_TYPE=session TERM=xterm-256color SUDO_USER=skwang SUDO_UID=1000 LANG=zh_CN.UTF-8 COLORTERM=truecolor HOME=/home/skwang LOGNAME=root
root          -  0.0    -      -     - -        Sl   22:59   0:00 -
root          -  0.0    -      -     - -        Sl   22:59   0:00 -
root          -  0.0    -      -     - -        Sl   22:59   0:00 -
root       3478  0.0  0.9 563636 18784 ?        -    22:59   0:00 /usr/libexec/xdg-desktop-portal-gtk SUDO_GID=1000 SHELL=/bin/bash DBUS_STARTER_ADDRESS=unix:abstract=/tmp/dbus-FZvk5oc9zP,guid=27e37449fe63a9b40f0876fb5ea83e52 DISPLAY=:0 PATH=/usr/local/sbin:/usr/local/bin:/usr/sbin:/usr/bin:/sbin:/bin:/snap/bin USERNAME=root MAIL=/var/mail/root LS_COLORS=rs=0:di=01;34:ln=01;36:mh=00:pi=40;33:so=01;35:do=01;35:bd=40;33;01:cd=40;33;01:or=40;31;01:mi=00:su=37;41:sg=30;43:ca=30;41:tw=30;42:ow=34;42:st=37;44:ex=01;32:*.tar=01;31:*.tgz=01;31:*.arc=01;31:*.arj=01;31:*.taz=01;31:*.lha=01;31:*.lz4=01;31:*.lzh=01;31:*.lzma=01;31:*.tlz=01;31:*.txz=01;31:*.tzo=01;31:*.t7z=01;31:*.zip=01;31:*.z=01;31:*.Z=01;31:*.dz=01;31:*.gz=01;31:*.lrz=01;31:*.lz=01;31:*.lzo=01;31:*.xz=01;31:*.zst=01;31:*.tzst=01;31:*.bz2=01;31:*.bz=01;31:*.tbz=01;31:*.tbz2=01;31:*.tz=01;31:*.deb=01;31:*.rpm=01;31:*.jar=01;31:*.war=01;31:*.ear=01;31:*.sar=01;31:*.rar=01;31:*.alz=01;31:*.ace=01;31:*.zoo=01;31:*.cpio=01;31:*.7z=01;31:*.rz=01;31:*.cab=01;31:*.wim=01;31:*.swm=01;31:*.dwm=01;31:*.esd=01;31:*.jpg=01;35:*.jpeg=01;35:*.mjpg=01;35:*.mjpeg=01;35:*.gif=01;35:*.bmp=01;35:*.pbm=01;35:*.pgm=01;35:*.ppm=01;35:*.tga=01;35:*.xbm=01;35:*.xpm=01;35:*.tif=01;35:*.tiff=01;35:*.png=01;35:*.svg=01;35:*.svgz=01;35:*.mng=01;35:*.pcx=01;35:*.mov=01;35:*.mpg=01;35:*.mpeg=01;35:*.m2v=01;35:*.mkv=01;35:*.webm=01;35:*.ogm=01;35:*.mp4=01;35:*.m4v=01;35:*.mp4v=01;35:*.vob=01;35:*.qt=01;35:*.nuv=01;35:*.wmv=01;35:*.asf=01;35:*.rm=01;35:*.rmvb=01;35:*.flc=01;35:*.avi=01;35:*.fli=01;35:*.flv=01;35:*.gl=01;35:*.dl=01;35:*.xcf=01;35:*.xwd=01;35:*.yuv=01;35:*.cgm=01;35:*.emf=01;35:*.ogv=01;35:*.ogx=01;35:*.aac=00;36:*.au=00;36:*.flac=00;36:*.m4a=00;36:*.mid=00;36:*.midi=00;36:*.mka=00;36:*.mp3=00;36:*.mpc=00;36:*.ogg=00;36:*.ra=00;36:*.wav=00;36:*.oga=00;36:*.opus=00;36:*.spx=00;36:*.xspf=00;36: LANGUAGE=zh_CN:zh DBUS_SESSION_BUS_ADDRESS=unix:abstract=/tmp/dbus-FZvk5oc9zP,guid=27e37449fe63a9b40f0876fb5ea83e52 SUDO_COMMAND=/usr/bin/wireshark-gtk XAUTHORITY=/run/user/1000/gdm/Xauthority USER=root DBUS_STARTER_BUS_TYPE=session TERM=xterm-256color SUDO_USER=skwang SUDO_UID=1000 LANG=zh_CN.UTF-8 COLORTERM=truecolor HOME=/home/skwang LOGNAME=root
root          -  0.0    -      -     - -        Sl   22:59   0:00 -
root          -  0.0    -      -     - -        Sl   22:59   0:00 -
root          -  0.0    -      -     - -        Sl   22:59   0:00 -
root       3482  0.0  0.3 292100  6596 ?        -    22:59   0:00 /usr/lib/gvfs/gvfsd SUDO_GID=1000 SHELL=/bin/bash DBUS_STARTER_ADDRESS=unix:abstract=/tmp/dbus-FZvk5oc9zP,guid=27e37449fe63a9b40f0876fb5ea83e52 DISPLAY=:0 PATH=/usr/local/sbin:/usr/local/bin:/usr/sbin:/usr/bin:/sbin:/bin:/snap/bin USERNAME=root MAIL=/var/mail/root LS_COLORS=rs=0:di=01;34:ln=01;36:mh=00:pi=40;33:so=01;35:do=01;35:bd=40;33;01:cd=40;33;01:or=40;31;01:mi=00:su=37;41:sg=30;43:ca=30;41:tw=30;42:ow=34;42:st=37;44:ex=01;32:*.tar=01;31:*.tgz=01;31:*.arc=01;31:*.arj=01;31:*.taz=01;31:*.lha=01;31:*.lz4=01;31:*.lzh=01;31:*.lzma=01;31:*.tlz=01;31:*.txz=01;31:*.tzo=01;31:*.t7z=01;31:*.zip=01;31:*.z=01;31:*.Z=01;31:*.dz=01;31:*.gz=01;31:*.lrz=01;31:*.lz=01;31:*.lzo=01;31:*.xz=01;31:*.zst=01;31:*.tzst=01;31:*.bz2=01;31:*.bz=01;31:*.tbz=01;31:*.tbz2=01;31:*.tz=01;31:*.deb=01;31:*.rpm=01;31:*.jar=01;31:*.war=01;31:*.ear=01;31:*.sar=01;31:*.rar=01;31:*.alz=01;31:*.ace=01;31:*.zoo=01;31:*.cpio=01;31:*.7z=01;31:*.rz=01;31:*.cab=01;31:*.wim=01;31:*.swm=01;31:*.dwm=01;31:*.esd=01;31:*.jpg=01;35:*.jpeg=01;35:*.mjpg=01;35:*.mjpeg=01;35:*.gif=01;35:*.bmp=01;35:*.pbm=01;35:*.pgm=01;35:*.ppm=01;35:*.tga=01;35:*.xbm=01;35:*.xpm=01;35:*.tif=01;35:*.tiff=01;35:*.png=01;35:*.svg=01;35:*.svgz=01;35:*.mng=01;35:*.pcx=01;35:*.mov=01;35:*.mpg=01;35:*.mpeg=01;35:*.m2v=01;35:*.mkv=01;35:*.webm=01;35:*.ogm=01;35:*.mp4=01;35:*.m4v=01;35:*.mp4v=01;35:*.vob=01;35:*.qt=01;35:*.nuv=01;35:*.wmv=01;35:*.asf=01;35:*.rm=01;35:*.rmvb=01;35:*.flc=01;35:*.avi=01;35:*.fli=01;35:*.flv=01;35:*.gl=01;35:*.dl=01;35:*.xcf=01;35:*.xwd=01;35:*.yuv=01;35:*.cgm=01;35:*.emf=01;35:*.ogv=01;35:*.ogx=01;35:*.aac=00;36:*.au=00;36:*.flac=00;36:*.m4a=00;36:*.mid=00;36:*.midi=00;36:*.mka=00;36:*.mp3=00;36:*.mpc=00;36:*.ogg=00;36:*.ra=00;36:*.wav=00;36:*.oga=00;36:*.opus=00;36:*.spx=00;36:*.xspf=00;36: LANGUAGE=zh_CN:zh DBUS_SESSION_BUS_ADDRESS=unix:abstract=/tmp/dbus-FZvk5oc9zP,guid=27e37449fe63a9b40f0876fb5ea83e52 SUDO_COMMAND=/usr/bin/wireshark-gtk XAUTHORITY=/run/user/1000/gdm/Xauthority USER=root DBUS_STARTER_BUS_TYPE=session TERM=xterm-256color SUDO_USER=skwang SUDO_UID=1000 LANG=zh_CN.UTF-8 COLORTERM=truecolor HOME=/home/skwang LOGNAME=root
root          -  0.0    -      -     - -        Sl   22:59   0:00 -
root          -  0.0    -      -     - -        Sl   22:59   0:00 -
root          -  0.0    -      -     - -        Sl   22:59   0:00 -
root       3487  0.0  0.2 350576  5244 ?        -    22:59   0:00 /usr/lib/gvfs/gvfsd-fuse /home/skwang/.gvfs -f -o big_writes SUDO_GID=1000 SHELL=/bin/bash DBUS_STARTER_ADDRESS=unix:abstract=/tmp/dbus-FZvk5oc9zP,guid=27e37449fe63a9b40f0876fb5ea83e52 DISPLAY=:0 PATH=/usr/local/sbin:/usr/local/bin:/usr/sbin:/usr/bin:/sbin:/bin:/snap/bin USERNAME=root MAIL=/var/mail/root LS_COLORS=rs=0:di=01;34:ln=01;36:mh=00:pi=40;33:so=01;35:do=01;35:bd=40;33;01:cd=40;33;01:or=40;31;01:mi=00:su=37;41:sg=30;43:ca=30;41:tw=30;42:ow=34;42:st=37;44:ex=01;32:*.tar=01;31:*.tgz=01;31:*.arc=01;31:*.arj=01;31:*.taz=01;31:*.lha=01;31:*.lz4=01;31:*.lzh=01;31:*.lzma=01;31:*.tlz=01;31:*.txz=01;31:*.tzo=01;31:*.t7z=01;31:*.zip=01;31:*.z=01;31:*.Z=01;31:*.dz=01;31:*.gz=01;31:*.lrz=01;31:*.lz=01;31:*.lzo=01;31:*.xz=01;31:*.zst=01;31:*.tzst=01;31:*.bz2=01;31:*.bz=01;31:*.tbz=01;31:*.tbz2=01;31:*.tz=01;31:*.deb=01;31:*.rpm=01;31:*.jar=01;31:*.war=01;31:*.ear=01;31:*.sar=01;31:*.rar=01;31:*.alz=01;31:*.ace=01;31:*.zoo=01;31:*.cpio=01;31:*.7z=01;31:*.rz=01;31:*.cab=01;31:*.wim=01;31:*.swm=01;31:*.dwm=01;31:*.esd=01;31:*.jpg=01;35:*.jpeg=01;35:*.mjpg=01;35:*.mjpeg=01;35:*.gif=01;35:*.bmp=01;35:*.pbm=01;35:*.pgm=01;35:*.ppm=01;35:*.tga=01;35:*.xbm=01;35:*.xpm=01;35:*.tif=01;35:*.tiff=01;35:*.png=01;35:*.svg=01;35:*.svgz=01;35:*.mng=01;35:*.pcx=01;35:*.mov=01;35:*.mpg=01;35:*.mpeg=01;35:*.m2v=01;35:*.mkv=01;35:*.webm=01;35:*.ogm=01;35:*.mp4=01;35:*.m4v=01;35:*.mp4v=01;35:*.vob=01;35:*.qt=01;35:*.nuv=01;35:*.wmv=01;35:*.asf=01;35:*.rm=01;35:*.rmvb=01;35:*.flc=01;35:*.avi=01;35:*.fli=01;35:*.flv=01;35:*.gl=01;35:*.dl=01;35:*.xcf=01;35:*.xwd=01;35:*.yuv=01;35:*.cgm=01;35:*.emf=01;35:*.ogv=01;35:*.ogx=01;35:*.aac=00;36:*.au=00;36:*.flac=00;36:*.m4a=00;36:*.mid=00;36:*.midi=00;36:*.mka=00;36:*.mp3=00;36:*.mpc=00;36:*.ogg=00;36:*.ra=00;36:*.wav=00;36:*.oga=00;36:*.opus=00;36:*.spx=00;36:*.xspf=00;36: LANGUAGE=zh_CN:zh DBUS_SESSION_BUS_ADDRESS=unix:abstract=/tmp/dbus-FZvk5oc9zP,guid=27e37449fe63a9b40f0876fb5ea83e52 SUDO_COMMAND=/usr/bin/wireshark-gtk XAUTHORITY=/run/user/1000/gdm/Xauthority USER=root DBUS_STARTER_BUS_TYPE=session TERM=xterm-256color SUDO_USER=skwang SUDO_UID=1000 LANG=zh_CN.UTF-8 COLORTERM=truecolor HOME=/home/skwang LOGNAME=root
root          -  0.0    -      -     - -        Sl   22:59   0:00 -
root          -  0.0    -      -     - -        Sl   22:59   0:00 -
root          -  0.0    -      -     - -        Sl   22:59   0:00 -
root          -  0.0    -      -     - -        Sl   22:59   0:00 -
root          -  0.0    -      -     - -        Sl   22:59   0:00 -
root          -  0.0    -      -     - -        Sl   22:59   0:00 -
root       3499  0.0  0.2 188020  5060 ?        -    22:59   0:00 /usr/lib/dconf/dconf-service SUDO_GID=1000 SHELL=/bin/bash DBUS_STARTER_ADDRESS=unix:abstract=/tmp/dbus-FZvk5oc9zP,guid=27e37449fe63a9b40f0876fb5ea83e52 DISPLAY=:0 PATH=/usr/local/sbin:/usr/local/bin:/usr/sbin:/usr/bin:/sbin:/bin:/snap/bin USERNAME=root MAIL=/var/mail/root LS_COLORS=rs=0:di=01;34:ln=01;36:mh=00:pi=40;33:so=01;35:do=01;35:bd=40;33;01:cd=40;33;01:or=40;31;01:mi=00:su=37;41:sg=30;43:ca=30;41:tw=30;42:ow=34;42:st=37;44:ex=01;32:*.tar=01;31:*.tgz=01;31:*.arc=01;31:*.arj=01;31:*.taz=01;31:*.lha=01;31:*.lz4=01;31:*.lzh=01;31:*.lzma=01;31:*.tlz=01;31:*.txz=01;31:*.tzo=01;31:*.t7z=01;31:*.zip=01;31:*.z=01;31:*.Z=01;31:*.dz=01;31:*.gz=01;31:*.lrz=01;31:*.lz=01;31:*.lzo=01;31:*.xz=01;31:*.zst=01;31:*.tzst=01;31:*.bz2=01;31:*.bz=01;31:*.tbz=01;31:*.tbz2=01;31:*.tz=01;31:*.deb=01;31:*.rpm=01;31:*.jar=01;31:*.war=01;31:*.ear=01;31:*.sar=01;31:*.rar=01;31:*.alz=01;31:*.ace=01;31:*.zoo=01;31:*.cpio=01;31:*.7z=01;31:*.rz=01;31:*.cab=01;31:*.wim=01;31:*.swm=01;31:*.dwm=01;31:*.esd=01;31:*.jpg=01;35:*.jpeg=01;35:*.mjpg=01;35:*.mjpeg=01;35:*.gif=01;35:*.bmp=01;35:*.pbm=01;35:*.pgm=01;35:*.ppm=01;35:*.tga=01;35:*.xbm=01;35:*.xpm=01;35:*.tif=01;35:*.tiff=01;35:*.png=01;35:*.svg=01;35:*.svgz=01;35:*.mng=01;35:*.pcx=01;35:*.mov=01;35:*.mpg=01;35:*.mpeg=01;35:*.m2v=01;35:*.mkv=01;35:*.webm=01;35:*.ogm=01;35:*.mp4=01;35:*.m4v=01;35:*.mp4v=01;35:*.vob=01;35:*.qt=01;35:*.nuv=01;35:*.wmv=01;35:*.asf=01;35:*.rm=01;35:*.rmvb=01;35:*.flc=01;35:*.avi=01;35:*.fli=01;35:*.flv=01;35:*.gl=01;35:*.dl=01;35:*.xcf=01;35:*.xwd=01;35:*.yuv=01;35:*.cgm=01;35:*.emf=01;35:*.ogv=01;35:*.ogx=01;35:*.aac=00;36:*.au=00;36:*.flac=00;36:*.m4a=00;36:*.mid=00;36:*.midi=00;36:*.mka=00;36:*.mp3=00;36:*.mpc=00;36:*.ogg=00;36:*.ra=00;36:*.wav=00;36:*.oga=00;36:*.opus=00;36:*.spx=00;36:*.xspf=00;36: LANGUAGE=zh_CN:zh DBUS_SESSION_BUS_ADDRESS=unix:abstract=/tmp/dbus-FZvk5oc9zP,guid=27e37449fe63a9b40f0876fb5ea83e52 SUDO_COMMAND=/usr/bin/wireshark-gtk XAUTHORITY=/run/user/1000/gdm/Xauthority USER=root DBUS_STARTER_BUS_TYPE=session TERM=xterm-256color SUDO_USER=skwang SUDO_UID=1000 LANG=zh_CN.UTF-8 COLORTERM=truecolor HOME=/home/skwang LOGNAME=root
root          -  0.0    -      -     - -        Sl   22:59   0:00 -
root          -  0.0    -      -     - -        Sl   22:59   0:00 -
root          -  0.0    -      -     - -        Sl   22:59   0:00 -
root       3637  0.0  0.2  25988  5192 ?        -    23:02   0:00 /sbin/dhclient -d -q -sf /usr/lib/NetworkManager/nm-dhcp-helper -pf /run/dhclient-ens33.pid -lf /var/lib/NetworkManager/dhclient-362241a3-d87f-34e1-b74e-e2256636b858-ens33.lease -cf /var/lib/NetworkManager/dhclient-ens33.conf ens33 LANG=zh_CN.UTF-8 LANGUAGE=zh_CN:zh PATH=/usr/local/sbin:/usr/local/bin:/usr/sbin:/usr/bin:/sbin:/bin INVOCATION_ID=e3f9d65b4f0648aab65d38edfd4aefa2 JOURNAL_STREAM=9:24256 GIO_USE_VFS=local
root          -  0.0    -      -     - -        S    23:02   0:00 -
root       3777  0.0  0.0      0     0 ?        -    23:06   0:01 [kworker/0:1-rcu]
root          -  0.0    -      -     - -        I    23:06   0:01 -
root       3797  0.0  0.0      0     0 ?        -    23:06   0:00 [kworker/1:0-rcu]
root          -  0.0    -      -     - -        I    23:06   0:00 -
skwang     4950  0.2  2.4 1091628 50032 ?       -    23:22   0:03 /usr/bin/nautilus --gapplication-service XDG_RUNTIME_DIR=/run/user/1000 XMODIFIERS=@im=ibus SESSION_MANAGER=local/skwang-virtual-machine:@/tmp/.ICE-unix/1707,unix/skwang-virtual-machine:/tmp/.ICE-unix/1707 XDG_SESSION_TYPE=x11 DBUS_SESSION_BUS_ADDRESS=unix:path=/run/user/1000/bus,guid=ee36aeb017b39846970284dd5ea83800 USER=skwang XAUTHORITY=/run/user/1000/gdm/Xauthority QT_IM_MODULE=ibus DBUS_STARTER_BUS_TYPE=session SHLVL=0 XDG_MENU_PREFIX=gnome- XDG_SESSION_DESKTOP=ubuntu SHELL=/bin/bash QT_ACCESSIBILITY=1 WINDOWPATH=2 USERNAME=skwang XDG_DATA_DIRS=/usr/share/ubuntu:/usr/local/share:/usr/share:/var/lib/snapd/desktop LANGUAGE=zh_CN:zh QT4_IM_MODULE=xim IM_CONFIG_PHASE=2 GNOME_SHELL_SESSION_MODE=ubuntu TEXTDOMAINDIR=/usr/share/locale/ PWD=/home/skwang HOME=/home/skwang _=/usr/bin/dbus-update-activation-environment CLUTTER_IM_MODULE=xim DBUS_STARTER_ADDRESS=unix:path=/run/user/1000/bus,guid=ee36aeb017b39846970284dd5ea83800 DISPLAY=:0 SSH_AUTH_SOCK=/run/user/1000/keyring/ssh PATH=/usr/local/sbin:/usr/local/bin:/usr/sbin:/usr/bin:/sbin:/bin:/usr/games:/usr/local/games:/snap/bin GTK_MODULES=gail:atk-bridge GDMSESSION=ubuntu GTK_IM_MODULE=ibus XDG_VTNR=2 GNOME_DESKTOP_SESSION_ID=this-is-deprecated JOURNAL_STREAM=9:34751 XDG_SESSION_ID=2 GPG_AGENT_INFO=/run/user/1000/gnupg/S.gpg-agent:0:1 XDG_SEAT=seat0 INVOCATION_ID=05be9e23bb75423086f8041e0591c2b3 LANG=zh_CN.UTF-8 LOGNAME=skwang TEXTDOMAIN=im-config XDG_CURRENT_DESKTOP=ubuntu:GNOME DESKTOP_SESSION=ubuntu SSH_AGENT_PID=1802 MANAGERPID=1677 XDG_CONFIG_DIRS=/etc/xdg/xdg-ubuntu:/etc/xdg
skwang        -  0.2    -      -     - -        Sl   23:22   0:03 -
skwang        -  0.0    -      -     - -        Sl   23:22   0:00 -
skwang        -  0.0    -      -     - -        Sl   23:22   0:00 -
skwang        -  0.0    -      -     - -        Sl   23:22   0:00 -
skwang        -  0.0    -      -     - -        Sl   23:22   0:00 -
skwang        -  0.0    -      -     - -        Sl   23:22   0:00 -
skwang        -  0.0    -      -     - -        Sl   23:22   0:00 -
skwang        -  0.0    -      -     - -        Sl   23:22   0:00 -
skwang        -  0.0    -      -     - -        Sl   23:53   0:00 -
skwang     4968  0.0  0.4 433776  8624 ?        -    23:22   0:00 /usr/bin/zeitgeist-daemon CLUTTER_IM_MODULE=xim DBUS_SESSION_BUS_ADDRESS=unix:path=/run/user/1000/bus DESKTOP_SESSION=ubuntu DISPLAY=:0 GDMSESSION=ubuntu GNOME_DESKTOP_SESSION_ID=this-is-deprecated GNOME_SHELL_SESSION_MODE=ubuntu GPG_AGENT_INFO=/run/user/1000/gnupg/S.gpg-agent:0:1 GTK_IM_MODULE=ibus GTK_MODULES=gail:atk-bridge HOME=/home/skwang IM_CONFIG_PHASE=2 LANG=zh_CN.UTF-8 LANGUAGE=zh_CN:zh LOGNAME=skwang PATH=/usr/local/sbin:/usr/local/bin:/usr/sbin:/usr/bin:/sbin:/bin:/usr/games:/usr/local/games:/snap/bin PWD=/home/skwang QT4_IM_MODULE=xim QT_ACCESSIBILITY=1 QT_IM_MODULE=ibus SESSION_MANAGER=local/skwang-virtual-machine:@/tmp/.ICE-unix/1707,unix/skwang-virtual-machine:/tmp/.ICE-unix/1707 SHELL=/bin/bash SHLVL=0 SSH_AGENT_PID=1802 SSH_AUTH_SOCK=/run/user/1000/keyring/ssh TEXTDOMAIN=im-config TEXTDOMAINDIR=/usr/share/locale/ USER=skwang USERNAME=skwang WINDOWPATH=2 XAUTHORITY=/run/user/1000/gdm/Xauthority XDG_CONFIG_DIRS=/etc/xdg/xdg-ubuntu:/etc/xdg XDG_CURRENT_DESKTOP=ubuntu:GNOME XDG_DATA_DIRS=/usr/share/ubuntu:/usr/local/share:/usr/share:/var/lib/snapd/desktop XDG_MENU_PREFIX=gnome- XDG_RUNTIME_DIR=/run/user/1000 XDG_SEAT=seat0 XDG_SESSION_DESKTOP=ubuntu XDG_SESSION_ID=2 XDG_SESSION_TYPE=x11 XDG_VTNR=2 XMODIFIERS=@im=ibus _=/usr/bin/dbus-update-activation-environment MANAGERPID=1677 INVOCATION_ID=6c84715f19a645c391a854548d7852dd JOURNAL_STREAM=9:83450
skwang        -  0.0    -      -     - -        Ssl  23:22   0:00 -
skwang        -  0.0    -      -     - -        Ssl  23:22   0:00 -
skwang        -  0.0    -      -     - -        Ssl  23:22   0:00 -
skwang     4974  0.0  0.5 326692 11736 ?        -    23:22   0:00 /usr/lib/zeitgeist/zeitgeist/zeitgeist-fts CLUTTER_IM_MODULE=xim DBUS_SESSION_BUS_ADDRESS=unix:path=/run/user/1000/bus DESKTOP_SESSION=ubuntu DISPLAY=:0 GDMSESSION=ubuntu GNOME_DESKTOP_SESSION_ID=this-is-deprecated GNOME_SHELL_SESSION_MODE=ubuntu GPG_AGENT_INFO=/run/user/1000/gnupg/S.gpg-agent:0:1 GTK_IM_MODULE=ibus GTK_MODULES=gail:atk-bridge HOME=/home/skwang IM_CONFIG_PHASE=2 LANG=zh_CN.UTF-8 LANGUAGE=zh_CN:zh LOGNAME=skwang PATH=/usr/local/sbin:/usr/local/bin:/usr/sbin:/usr/bin:/sbin:/bin:/usr/games:/usr/local/games:/snap/bin PWD=/home/skwang QT4_IM_MODULE=xim QT_ACCESSIBILITY=1 QT_IM_MODULE=ibus SESSION_MANAGER=local/skwang-virtual-machine:@/tmp/.ICE-unix/1707,unix/skwang-virtual-machine:/tmp/.ICE-unix/1707 SHELL=/bin/bash SHLVL=0 SSH_AGENT_PID=1802 SSH_AUTH_SOCK=/run/user/1000/keyring/ssh TEXTDOMAIN=im-config TEXTDOMAINDIR=/usr/share/locale/ USER=skwang USERNAME=skwang WINDOWPATH=2 XAUTHORITY=/run/user/1000/gdm/Xauthority XDG_CONFIG_DIRS=/etc/xdg/xdg-ubuntu:/etc/xdg XDG_CURRENT_DESKTOP=ubuntu:GNOME XDG_DATA_DIRS=/usr/share/ubuntu:/usr/local/share:/usr/share:/var/lib/snapd/desktop XDG_MENU_PREFIX=gnome- XDG_RUNTIME_DIR=/run/user/1000 XDG_SEAT=seat0 XDG_SESSION_DESKTOP=ubuntu XDG_SESSION_ID=2 XDG_SESSION_TYPE=x11 XDG_VTNR=2 XMODIFIERS=@im=ibus ZEITGEIST_DATA_PATH=/home/skwang/.local/share/zeitgeist _=/usr/bin/dbus-update-activation-environment MANAGERPID=1677 INVOCATION_ID=ed55ca16d4324cdf955aef752bb7ce0c JOURNAL_STREAM=9:80590
skwang        -  0.0    -      -     - -        Ssl  23:22   0:00 -
skwang        -  0.0    -      -     - -        Ssl  23:22   0:00 -
skwang        -  0.0    -      -     - -        Ssl  23:22   0:00 -
root       5472  0.0  0.0      0     0 ?        -    23:26   0:00 [kworker/u256:0-]
root          -  0.0    -      -     - -        I    23:26   0:00 -
root       5495  0.0  0.0      0     0 ?        -    23:30   0:00 [kworker/3:2-eve]
root          -  0.0    -      -     - -        I    23:30   0:00 -
root       5567  0.0  0.0      0     0 ?        -    23:39   0:00 [kworker/1:2-eve]
root          -  0.0    -      -     - -        I    23:39   0:00 -
root       5568  0.0  0.0      0     0 ?        -    23:39   0:00 [kworker/0:0-eve]
root          -  0.0    -      -     - -        I    23:39   0:00 -
root       5595  0.0  0.0      0     0 ?        -    23:39   0:00 [kworker/2:1-mm_]
root          -  0.0    -      -     - -        I    23:39   0:00 -
root       5603  0.0  0.0      0     0 ?        -    23:39   0:00 [kworker/3:0-cgr]
root          -  0.0    -      -     - -        I    23:39   0:00 -
root       5694  0.0  0.0      0     0 ?        -    23:46   0:00 [kworker/u256:2-]
root          -  0.0    -      -     - -        I    23:46   0:00 -
root       6116  0.0  0.0      0     0 ?        -    23:51   0:00 [kworker/u256:1-]
root          -  0.0    -      -     - -        I    23:51   0:00 -
root       6121  0.0  0.0      0     0 ?        -    23:52   0:00 [kworker/u256:3-]
root          -  0.0    -      -     - -        I    23:52   0:00 -
skwang     6136  4.0  2.1 748100 42316 ?        -    23:53   0:00 /usr/lib/gnome-terminal/gnome-terminal-server CLUTTER_IM_MODULE=xim DBUS_SESSION_BUS_ADDRESS=unix:path=/run/user/1000/bus DESKTOP_SESSION=ubuntu DISPLAY=:0 GDMSESSION=ubuntu GNOME_DESKTOP_SESSION_ID=this-is-deprecated GNOME_SHELL_SESSION_MODE=ubuntu GPG_AGENT_INFO=/run/user/1000/gnupg/S.gpg-agent:0:1 GTK_IM_MODULE=ibus GTK_MODULES=gail:atk-bridge HOME=/home/skwang IM_CONFIG_PHASE=2 LANG=zh_CN.UTF-8 LANGUAGE=zh_CN:zh LOGNAME=skwang PATH=/usr/local/sbin:/usr/local/bin:/usr/sbin:/usr/bin:/sbin:/bin:/usr/games:/usr/local/games:/snap/bin PWD=/home/skwang QT4_IM_MODULE=xim QT_ACCESSIBILITY=1 QT_IM_MODULE=ibus SESSION_MANAGER=local/skwang-virtual-machine:@/tmp/.ICE-unix/1707,unix/skwang-virtual-machine:/tmp/.ICE-unix/1707 SHELL=/bin/bash SHLVL=0 SSH_AGENT_PID=1802 SSH_AUTH_SOCK=/run/user/1000/keyring/ssh TEXTDOMAIN=im-config TEXTDOMAINDIR=/usr/share/locale/ USER=skwang USERNAME=skwang WINDOWPATH=2 XAUTHORITY=/run/user/1000/gdm/Xauthority XDG_CONFIG_DIRS=/etc/xdg/xdg-ubuntu:/etc/xdg XDG_CURRENT_DESKTOP=ubuntu:GNOME XDG_DATA_DIRS=/usr/share/ubuntu:/usr/local/share:/usr/share:/var/lib/snapd/desktop XDG_MENU_PREFIX=gnome- XDG_RUNTIME_DIR=/run/user/1000 XDG_SEAT=seat0 XDG_SESSION_DESKTOP=ubuntu XDG_SESSION_ID=2 XDG_SESSION_TYPE=x11 XDG_VTNR=2 XMODIFIERS=@im=ibus ZEITGEIST_DATA_PATH=/home/skwang/.local/share/zeitgeist _=/usr/bin/dbus-update-activation-environment MANAGERPID=1677 INVOCATION_ID=b951d860529c4ef69c0d6526ac4f5d35 JOURNAL_STREAM=9:105735
skwang        -  3.7    -      -     - -        Ssl  23:53   0:00 -
skwang        -  0.0    -      -     - -        Ssl  23:53   0:00 -
skwang        -  0.1    -      -     - -        Ssl  23:53   0:00 -
skwang        -  0.0    -      -     - -        Ssl  23:53   0:00 -
skwang        -  0.0    -      -     - -        Ssl  23:53   0:00 -
skwang     6145  0.3  0.2  29956  5004 pts/0    -    23:53   0:00 bash XDG_CONFIG_DIRS=/etc/xdg/xdg-ubuntu:/etc/xdg LANG=zh_CN.UTF-8 DISPLAY=:0 SHLVL=0 LOGNAME=skwang LANGUAGE=zh_CN:zh XDG_VTNR=2 XAUTHORITY=/run/user/1000/gdm/Xauthority PWD=/home/skwang GTK_IM_MODULE=ibus COLORTERM=truecolor XDG_SESSION_ID=2 GNOME_TERMINAL_SCREEN=/org/gnome/Terminal/screen/09c9bce7_ad45_4338_bb71_42f5c32809cd IM_CONFIG_PHASE=2 XDG_SESSION_DESKTOP=ubuntu GDMSESSION=ubuntu TEXTDOMAINDIR=/usr/share/locale/ USERNAME=skwang GNOME_DESKTOP_SESSION_ID=this-is-deprecated WINDOWPATH=2 TEXTDOMAIN=im-config DESKTOP_SESSION=ubuntu DBUS_SESSION_BUS_ADDRESS=unix:path=/run/user/1000/bus VTE_VERSION=5202 CLUTTER_IM_MODULE=xim GNOME_TERMINAL_SERVICE=:1.98 GJS_DEBUG_TOPICS=JS ERROR;JS LOG QT4_IM_MODULE=xim XDG_MENU_PREFIX=gnome- GNOME_SHELL_SESSION_MODE=ubuntu QT_IM_MODULE=ibus SHELL=/bin/bash XDG_SESSION_TYPE=x11 XDG_DATA_DIRS=/usr/share/ubuntu:/usr/local/share:/usr/share:/var/lib/snapd/desktop GJS_DEBUG_OUTPUT=stderr TERM=xterm-256color SSH_AGENT_PID=1802 GTK_MODULES=gail:atk-bridge SSH_AUTH_SOCK=/run/user/1000/keyring/ssh PATH=/usr/local/sbin:/usr/local/bin:/usr/sbin:/usr/bin:/sbin:/bin:/usr/games:/usr/local/games:/snap/bin XDG_CURRENT_DESKTOP=ubuntu:GNOME HOME=/home/skwang XDG_SEAT=seat0 XMODIFIERS=@im=ibus XDG_RUNTIME_DIR=/run/user/1000 SESSION_MANAGER=local/skwang-virtual-machine:@/tmp/.ICE-unix/1707,unix/skwang-virtual-machine:/tmp/.ICE-unix/1707 GPG_AGENT_INFO=/run/user/1000/gnupg/S.gpg-agent:0:1 USER=skwang QT_ACCESSIBILITY=1
skwang        -  0.3    -      -     - -        Ss   23:53   0:00 -
root       6153  0.0  0.2  73032  4432 pts/0    -    23:53   0:00 sudo ps auxwwem CLUTTER_IM_MODULE=xim LS_COLORS=rs=0:di=01;34:ln=01;36:mh=00:pi=40;33:so=01;35:do=01;35:bd=40;33;01:cd=40;33;01:or=40;31;01:mi=00:su=37;41:sg=30;43:ca=30;41:tw=30;42:ow=34;42:st=37;44:ex=01;32:*.tar=01;31:*.tgz=01;31:*.arc=01;31:*.arj=01;31:*.taz=01;31:*.lha=01;31:*.lz4=01;31:*.lzh=01;31:*.lzma=01;31:*.tlz=01;31:*.txz=01;31:*.tzo=01;31:*.t7z=01;31:*.zip=01;31:*.z=01;31:*.Z=01;31:*.dz=01;31:*.gz=01;31:*.lrz=01;31:*.lz=01;31:*.lzo=01;31:*.xz=01;31:*.zst=01;31:*.tzst=01;31:*.bz2=01;31:*.bz=01;31:*.tbz=01;31:*.tbz2=01;31:*.tz=01;31:*.deb=01;31:*.rpm=01;31:*.jar=01;31:*.war=01;31:*.ear=01;31:*.sar=01;31:*.rar=01;31:*.alz=01;31:*.ace=01;31:*.zoo=01;31:*.cpio=01;31:*.7z=01;31:*.rz=01;31:*.cab=01;31:*.wim=01;31:*.swm=01;31:*.dwm=01;31:*.esd=01;31:*.jpg=01;35:*.jpeg=01;35:*.mjpg=01;35:*.mjpeg=01;35:*.gif=01;35:*.bmp=01;35:*.pbm=01;35:*.pgm=01;35:*.ppm=01;35:*.tga=01;35:*.xbm=01;35:*.xpm=01;35:*.tif=01;35:*.tiff=01;35:*.png=01;35:*.svg=01;35:*.svgz=01;35:*.mng=01;35:*.pcx=01;35:*.mov=01;35:*.mpg=01;35:*.mpeg=01;35:*.m2v=01;35:*.mkv=01;35:*.webm=01;35:*.ogm=01;35:*.mp4=01;35:*.m4v=01;35:*.mp4v=01;35:*.vob=01;35:*.qt=01;35:*.nuv=01;35:*.wmv=01;35:*.asf=01;35:*.rm=01;35:*.rmvb=01;35:*.flc=01;35:*.avi=01;35:*.fli=01;35:*.flv=01;35:*.gl=01;35:*.dl=01;35:*.xcf=01;35:*.xwd=01;35:*.yuv=01;35:*.cgm=01;35:*.emf=01;35:*.ogv=01;35:*.ogx=01;35:*.aac=00;36:*.au=00;36:*.flac=00;36:*.m4a=00;36:*.mid=00;36:*.midi=00;36:*.mka=00;36:*.mp3=00;36:*.mpc=00;36:*.ogg=00;36:*.ra=00;36:*.wav=00;36:*.oga=00;36:*.opus=00;36:*.spx=00;36:*.xspf=00;36: LESSCLOSE=/usr/bin/lesspipe %s %s XDG_MENU_PREFIX=gnome- LANG=zh_CN.UTF-8 DISPLAY=:0 GNOME_SHELL_SESSION_MODE=ubuntu COLORTERM=truecolor USERNAME=skwang XDG_VTNR=2 SSH_AUTH_SOCK=/run/user/1000/keyring/ssh XDG_SESSION_ID=2 USER=skwang DESKTOP_SESSION=ubuntu QT4_IM_MODULE=xim TEXTDOMAINDIR=/usr/share/locale/ GNOME_TERMINAL_SCREEN=/org/gnome/Terminal/screen/09c9bce7_ad45_4338_bb71_42f5c32809cd PWD=/home/skwang HOME=/home/skwang TEXTDOMAIN=im-config SSH_AGENT_PID=1802 QT_ACCESSIBILITY=1 XDG_SESSION_TYPE=x11 XDG_DATA_DIRS=/usr/share/ubuntu:/usr/local/share:/usr/share:/var/lib/snapd/desktop XDG_SESSION_DESKTOP=ubuntu GJS_DEBUG_OUTPUT=stderr GTK_MODULES=gail:atk-bridge WINDOWPATH=2 TERM=xterm-256color SHELL=/bin/bash VTE_VERSION=5202 QT_IM_MODULE=ibus XMODIFIERS=@im=ibus IM_CONFIG_PHASE=2 XDG_CURRENT_DESKTOP=ubuntu:GNOME GPG_AGENT_INFO=/run/user/1000/gnupg/S.gpg-agent:0:1 GNOME_TERMINAL_SERVICE=:1.98 XDG_SEAT=seat0 SHLVL=1 LANGUAGE=zh_CN:zh GDMSESSION=ubuntu GNOME_DESKTOP_SESSION_ID=this-is-deprecated LOGNAME=skwang DBUS_SESSION_BUS_ADDRESS=unix:path=/run/user/1000/bus XDG_RUNTIME_DIR=/run/user/1000 XAUTHORITY=/run/user/1000/gdm/Xauthority XDG_CONFIG_DIRS=/etc/xdg/xdg-ubuntu:/etc/xdg PATH=/usr/local/sbin:/usr/local/bin:/usr/sbin:/usr/bin:/sbin:/bin:/usr/games:/usr/local/games:/snap/bin GJS_DEBUG_TOPICS=JS ERROR;JS LOG SESSION_MANAGER=local/skwang-virtual-machine:@/tmp/.ICE-unix/1707,unix/skwang-virtual-machine:/tmp/.ICE-unix/1707 LESSOPEN=| /usr/bin/lesspipe %s GTK_IM_MODULE=ibus _=/usr/bin/sudo
root          -  0.0    -      -     - -        S+   23:53   0:00 -
root       6159  0.3  0.3 214828  7684 ?        -    23:53   0:00 /usr/lib/NetworkManager/nm-dispatcher LANG=zh_CN.UTF-8 LANGUAGE=zh_CN:zh PATH=/usr/local/sbin:/usr/local/bin:/usr/sbin:/usr/bin:/sbin:/bin INVOCATION_ID=3c0971a879114194aab8140441a3cc48 JOURNAL_STREAM=9:100083
root          -  0.3    -      -     - -        Ssl  23:53   0:00 -
root          -  0.0    -      -     - -        Ssl  23:53   0:00 -
root          -  0.0    -      -     - -        Ssl  23:53   0:00 -
root       6163  0.0  0.1  46912  3720 pts/0    -    23:53   0:00 ps auxwwem LS_COLORS=rs=0:di=01;34:ln=01;36:mh=00:pi=40;33:so=01;35:do=01;35:bd=40;33;01:cd=40;33;01:or=40;31;01:mi=00:su=37;41:sg=30;43:ca=30;41:tw=30;42:ow=34;42:st=37;44:ex=01;32:*.tar=01;31:*.tgz=01;31:*.arc=01;31:*.arj=01;31:*.taz=01;31:*.lha=01;31:*.lz4=01;31:*.lzh=01;31:*.lzma=01;31:*.tlz=01;31:*.txz=01;31:*.tzo=01;31:*.t7z=01;31:*.zip=01;31:*.z=01;31:*.Z=01;31:*.dz=01;31:*.gz=01;31:*.lrz=01;31:*.lz=01;31:*.lzo=01;31:*.xz=01;31:*.zst=01;31:*.tzst=01;31:*.bz2=01;31:*.bz=01;31:*.tbz=01;31:*.tbz2=01;31:*.tz=01;31:*.deb=01;31:*.rpm=01;31:*.jar=01;31:*.war=01;31:*.ear=01;31:*.sar=01;31:*.rar=01;31:*.alz=01;31:*.ace=01;31:*.zoo=01;31:*.cpio=01;31:*.7z=01;31:*.rz=01;31:*.cab=01;31:*.wim=01;31:*.swm=01;31:*.dwm=01;31:*.esd=01;31:*.jpg=01;35:*.jpeg=01;35:*.mjpg=01;35:*.mjpeg=01;35:*.gif=01;35:*.bmp=01;35:*.pbm=01;35:*.pgm=01;35:*.ppm=01;35:*.tga=01;35:*.xbm=01;35:*.xpm=01;35:*.tif=01;35:*.tiff=01;35:*.png=01;35:*.svg=01;35:*.svgz=01;35:*.mng=01;35:*.pcx=01;35:*.mov=01;35:*.mpg=01;35:*.mpeg=01;35:*.m2v=01;35:*.mkv=01;35:*.webm=01;35:*.ogm=01;35:*.mp4=01;35:*.m4v=01;35:*.mp4v=01;35:*.vob=01;35:*.qt=01;35:*.nuv=01;35:*.wmv=01;35:*.asf=01;35:*.rm=01;35:*.rmvb=01;35:*.flc=01;35:*.avi=01;35:*.fli=01;35:*.flv=01;35:*.gl=01;35:*.dl=01;35:*.xcf=01;35:*.xwd=01;35:*.yuv=01;35:*.cgm=01;35:*.emf=01;35:*.ogv=01;35:*.ogx=01;35:*.aac=00;36:*.au=00;36:*.flac=00;36:*.m4a=00;36:*.mid=00;36:*.midi=00;36:*.mka=00;36:*.mp3=00;36:*.mpc=00;36:*.ogg=00;36:*.ra=00;36:*.wav=00;36:*.oga=00;36:*.opus=00;36:*.spx=00;36:*.xspf=00;36: LANG=zh_CN.UTF-8 DISPLAY=:0 COLORTERM=truecolor HOME=/home/skwang TERM=xterm-256color LANGUAGE=zh_CN:zh XAUTHORITY=/run/user/1000/gdm/Xauthority PATH=/usr/local/sbin:/usr/local/bin:/usr/sbin:/usr/bin:/sbin:/bin:/snap/bin MAIL=/var/mail/root LOGNAME=root USER=root USERNAME=root SHELL=/bin/bash SUDO_COMMAND=/bin/ps auxwwem SUDO_USER=skwang SUDO_UID=1000 SUDO_GID=1000
root          -  0.0    -      -     - -        R+   23:53   0:00 -
